stm32l4xx_it.c:43:6:USART1_IRQHandler	8	static
stm32l4xx_it.c:52:6:LPTIM1_IRQHandler	8	static
stm32l4xx_it.c:59:6:ADC1_IRQHandler	16	static
stm32l4xx_it.c:101:6:NMI_Handler	0	static
stm32l4xx_it.c:114:6:HardFault_Handler	0	static
stm32l4xx_it.c:132:6:MemManage_Handler	0	static
stm32l4xx_it.c:150:6:BusFault_Handler	0	static
stm32l4xx_it.c:168:6:UsageFault_Handler	0	static
stm32l4xx_it.c:186:6:SVC_Handler	0	static
stm32l4xx_it.c:199:6:DebugMon_Handler	0	static
stm32l4xx_it.c:212:6:PendSV_Handler	0	static
stm32l4xx_it.c:225:6:SysTick_Handler	8	static
