system.c:166:6:system_ptr_config	24	static
system.c:213:10:start_up_check	0	static
system.c:222:6:start_up_procedure	40	static
system.c:435:6:button_managment	20	static
system.c:734:6:thermal_management	12	static
system.c:866:6:relay_control	0	static
system.c:144:6:system_io_config	0	static
system.c:626:6:pmic_management	40	static
system.c:875:6:num_to_string	12	static
system.c:883:6:convert_to_ascii	20	static
system.c:915:9:string_compare	20	static
system.c:934:6:avg_samp_bank	12	static
system.c:568:6:adc_management	16	static
system.c:948:6:raise_avg_flag	0	static
system.c:955:6:raise_temp_flag	0	static
system.c:963:6:add_sample	8	static
system.c:1018:6:driveB	0	static
system.c:1028:6:driveA	0	static
system.c:1039:6:sendcp	8	static
system.c:1171:9:dc_search	8	static
system.c:1205:9:current_decode	8	static
system.c:1259:9:voltage_decode	8	static
system.c:1310:9:exp_voltage_decode	8	static
system.c:1364:6:flagclear	0	static
system.c:1371:6:tempreport	16	static
system.c:1388:6:tim1report	8	static
system.c:1449:6:voltreport	24	static
system.c:1482:6:timereport	16	static
system.c:1513:6:bankreport	16	static
system.c:1537:6:flagreport	16	static
system.c:1553:6:convreport	16	static
system.c:1575:6:tbankreport	16	static
system.c:1593:6:stupreport	8	static
system.c:1604:6:dacreport	8	static
system.c:1616:6:adcreport	16	static
system.c:1069:6:system_ins_search	8	static
system.c:421:6:system_management	8	static
