system.c:865:6:relay_control.part.0	0	static
system.c:166:6:system_ptr_config	24	static
system.c:213:10:start_up_check	0	static
system.c:222:6:start_up_procedure	40	static
system.c:435:6:button_managment	20	static
system.c:733:6:thermal_management	12	static
system.c:865:6:relay_control	0	static
system.c:144:6:system_io_config	0	static
system.c:625:6:pmic_management	40	static
system.c:881:6:num_to_string	12	static
system.c:889:6:convert_to_ascii	20	static
system.c:921:9:string_compare	20	static
system.c:940:6:avg_samp_bank	12	static
system.c:568:6:adc_management	16	static
system.c:954:6:raise_avg_flag	0	static
system.c:961:6:raise_temp_flag	0	static
system.c:969:6:add_sample	8	static
system.c:1024:6:driveB	0	static
system.c:1034:6:driveA	0	static
system.c:1045:6:sendcp	8	static
system.c:1177:9:dc_search	8	static
system.c:1211:9:current_decode	8	static
system.c:1265:9:voltage_decode	8	static
system.c:1316:9:exp_voltage_decode	8	static
system.c:1370:6:flagclear	0	static
system.c:1377:6:tempreport	16	static
system.c:1394:6:tim1report	8	static
system.c:1455:6:voltreport	24	static
system.c:1488:6:timereport	16	static
system.c:1519:6:bankreport	16	static
system.c:1543:6:flagreport	16	static
system.c:1559:6:convreport	16	static
system.c:1581:6:tbankreport	16	static
system.c:1599:6:stupreport	8	static
system.c:1610:6:dacreport	8	static
system.c:1622:6:adcreport	16	static
system.c:1075:6:system_ins_search	8	static
system.c:421:6:system_management	8	static
