system.c:166:6:system_ptr_config	24	static
system.c:213:10:start_up_check	0	static
system.c:222:6:start_up_procedure	40	static
system.c:432:6:button_managment	20	static
system.c:729:6:thermal_management	12	static
system.c:861:6:relay_control	0	static
system.c:144:6:system_io_config	0	static
system.c:621:6:pmic_management	40	static
system.c:870:6:num_to_string	12	static
system.c:878:6:convert_to_ascii	20	static
system.c:910:9:string_compare	20	static
system.c:929:6:avg_samp_bank	12	static
system.c:565:6:adc_management	16	static
system.c:943:6:raise_avg_flag	0	static
system.c:950:6:raise_temp_flag	0	static
system.c:958:6:add_sample	8	static
system.c:1013:6:driveB	0	static
system.c:1023:6:driveA	0	static
system.c:1034:6:sendcp	8	static
system.c:1166:9:dc_search	8	static
system.c:1200:9:current_decode	8	static
system.c:1254:9:voltage_decode	8	static
system.c:1305:9:exp_voltage_decode	8	static
system.c:1359:6:flagclear	0	static
system.c:1366:6:tempreport	16	static
system.c:1383:6:tim1report	8	static
system.c:1444:6:voltreport	24	static
system.c:1477:6:timereport	16	static
system.c:1508:6:bankreport	16	static
system.c:1532:6:flagreport	16	static
system.c:1548:6:convreport	16	static
system.c:1570:6:tbankreport	16	static
system.c:1588:6:stupreport	8	static
system.c:1599:6:dacreport	8	static
system.c:1611:6:adcreport	16	static
system.c:1064:6:system_ins_search	8	static
system.c:418:6:system_management	8	static
