system.c:861:6:relay_control.part.0	0	static
system.c:166:6:system_ptr_config	24	static
system.c:213:10:start_up_check	0	static
system.c:222:6:start_up_procedure	40	static
system.c:435:6:button_managment	20	static
system.c:729:6:thermal_management	12	static
system.c:861:6:relay_control	0	static
system.c:144:6:system_io_config	0	static
system.c:621:6:pmic_management	40	static
system.c:877:6:num_to_string	12	static
system.c:885:6:convert_to_ascii	20	static
system.c:917:9:string_compare	20	static
system.c:936:6:avg_samp_bank	12	static
system.c:568:6:adc_management	16	static
system.c:950:6:raise_avg_flag	0	static
system.c:957:6:raise_temp_flag	0	static
system.c:965:6:add_sample	8	static
system.c:1029:6:driveB	0	static
system.c:1039:6:driveA	0	static
system.c:1050:6:sendcp	8	static
system.c:1182:9:dc_search	8	static
system.c:1216:9:current_decode	8	static
system.c:1270:9:voltage_decode	8	static
system.c:1321:9:exp_voltage_decode	8	static
system.c:1375:6:flagclear	0	static
system.c:1382:6:tempreport	16	static
system.c:1399:6:tim1report	8	static
system.c:1460:6:voltreport	24	static
system.c:1493:6:timereport	16	static
system.c:1524:6:bankreport	16	static
system.c:1548:6:flagreport	16	static
system.c:1564:6:convreport	16	static
system.c:1586:6:tbankreport	16	static
system.c:1604:6:stupreport	8	static
system.c:1615:6:dacreport	8	static
system.c:1627:6:adcreport	16	static
system.c:1080:6:system_ins_search	8	static
system.c:421:6:system_management	8	static
