system.c:862:6:relay_control.part.0	0	static
system.c:166:6:system_ptr_config	24	static
system.c:213:10:start_up_check	0	static
system.c:436:6:button_managment	20	static
system.c:730:6:thermal_management	12	static
system.c:862:6:relay_control	0	static
system.c:144:6:system_io_config	0	static
system.c:222:6:start_up_procedure	40	static
system.c:622:6:pmic_management	40	static
system.c:878:6:num_to_string	12	static
system.c:886:6:convert_to_ascii	20	static
system.c:918:9:string_compare	20	static
system.c:937:6:avg_samp_bank	12	static
system.c:569:6:adc_management	16	static
system.c:951:6:raise_avg_flag	0	static
system.c:958:6:raise_temp_flag	0	static
system.c:966:6:add_sample	8	static
system.c:1030:6:driveB	0	static
system.c:1040:6:driveA	0	static
system.c:1051:6:sendcp	8	static
system.c:1183:9:dc_search	8	static
system.c:1217:9:current_decode	8	static
system.c:1271:9:voltage_decode	8	static
system.c:1322:9:exp_voltage_decode	8	static
system.c:1376:6:flagclear	0	static
system.c:1383:6:tempreport	16	static
system.c:1400:6:tim1report	8	static
system.c:1461:6:voltreport	24	static
system.c:1494:6:timereport	16	static
system.c:1525:6:bankreport	16	static
system.c:1549:6:flagreport	16	static
system.c:1565:6:convreport	16	static
system.c:1587:6:tbankreport	16	static
system.c:1605:6:stupreport	8	static
system.c:1616:6:dacreport	8	static
system.c:1628:6:adcreport	16	static
system.c:1081:6:system_ins_search	8	static
system.c:422:6:system_management	8	static
