system.c:863:6:relay_control.part.0	0	static
system.c:166:6:system_ptr_config	24	static
system.c:213:10:start_up_check	0	static
system.c:436:6:button_managment	20	static
system.c:731:6:thermal_management	12	static
system.c:863:6:relay_control	0	static
system.c:144:6:system_io_config	0	static
system.c:222:6:start_up_procedure	40	static
system.c:622:6:pmic_management	40	static
system.c:879:6:num_to_string	12	static
system.c:887:6:convert_to_ascii	20	static
system.c:919:9:string_compare	20	static
system.c:938:6:avg_samp_bank	12	static
system.c:569:6:adc_management	16	static
system.c:952:6:raise_avg_flag	0	static
system.c:959:6:raise_temp_flag	0	static
system.c:967:6:add_sample	8	static
system.c:1040:6:driveB	0	static
system.c:1050:6:driveA	0	static
system.c:1061:6:sendcp	8	static
system.c:1193:9:dc_search	8	static
system.c:1227:9:current_decode	8	static
system.c:1281:9:voltage_decode	8	static
system.c:1332:9:exp_voltage_decode	8	static
system.c:1386:6:flagclear	0	static
system.c:1393:6:tempreport	16	static
system.c:1410:6:tim1report	8	static
system.c:1471:6:voltreport	24	static
system.c:1504:6:timereport	16	static
system.c:1535:6:bankreport	16	static
system.c:1559:6:flagreport	16	static
system.c:1575:6:convreport	16	static
system.c:1597:6:tbankreport	16	static
system.c:1615:6:stupreport	8	static
system.c:1626:6:dacreport	8	static
system.c:1638:6:adcreport	16	static
system.c:1091:6:system_ins_search	8	static
system.c:422:6:system_management	8	static
