system.c:213:6:system_ptr_config	32	static
system.c:270:10:start_up_check	0	static
system.c:497:6:button_managment	0	static
system.c:681:6:af_thermal_management	16	static
system.c:774:6:ex_thermal_management	24	static
system.c:910:6:in_thermal_management	20	static
system.c:1014:6:relay_control	0	static
system.c:191:6:system_io_config	0	static
system.c:573:6:pmic_management	40	static
system.c:1027:6:num_to_string	12	static
system.c:1035:6:convert_to_ascii	20	static
system.c:1061:9:string_compare	20	static
system.c:1080:6:avg_samp_bank	12	static
system.c:507:6:adc_management	16	static
system.c:1093:6:raise_avg_flag	0	static
system.c:1100:6:raise_temp_flag	0	static
system.c:1107:6:add_sample	8	static
system.c:1247:6:tmrreport	8	static
system.c:1278:6:adcreport	16	static
system.c:1363:6:voltreport	24	static
system.c:1471:6:flagreport	8	static
system.c:279:6:start_up_procedure	40	static
system.c:1225:6:system_ins_search	8	static
system.c:480:6:system_management	8	static
