system.c:166:6:system_ptr_config	24	static
system.c:215:10:start_up_check	0	static
system.c:224:6:start_up_procedure	40	static
system.c:419:6:button_managment	20	static
system.c:714:6:thermal_management	12	static
system.c:846:6:relay_control	0	static
system.c:144:6:system_io_config	0	static
system.c:606:6:pmic_management	40	static
system.c:855:6:num_to_string	12	static
system.c:863:6:convert_to_ascii	20	static
system.c:895:9:string_compare	20	static
system.c:914:6:avg_samp_bank	12	static
system.c:552:6:adc_management	16	static
system.c:928:6:raise_avg_flag	0	static
system.c:935:6:raise_temp_flag	0	static
system.c:943:6:add_sample	8	static
system.c:998:6:driveB	0	static
system.c:1008:6:driveA	0	static
system.c:1019:6:sendcp	8	static
system.c:1151:9:dc_search	8	static
system.c:1185:9:current_decode	8	static
system.c:1239:9:voltage_decode	8	static
system.c:1290:9:exp_voltage_decode	8	static
system.c:1344:6:flagclear	0	static
system.c:1351:6:tempreport	16	static
system.c:1368:6:tim1report	8	static
system.c:1429:6:voltreport	24	static
system.c:1462:6:timereport	16	static
system.c:1493:6:bankreport	16	static
system.c:1517:6:flagreport	16	static
system.c:1533:6:convreport	16	static
system.c:1555:6:tbankreport	16	static
system.c:1573:6:stupreport	8	static
system.c:1584:6:dacreport	8	static
system.c:1596:6:adcreport	16	static
system.c:1049:6:system_ins_search	8	static
system.c:405:6:system_management	8	static
