system.c:862:6:relay_control.part.0	0	static
system.c:166:6:system_ptr_config	24	static
system.c:213:10:start_up_check	0	static
system.c:436:6:button_managment	20	static
system.c:730:6:thermal_management	12	static
system.c:862:6:relay_control	0	static
system.c:144:6:system_io_config	0	static
system.c:222:6:start_up_procedure	40	static
system.c:622:6:pmic_management	40	static
system.c:878:6:num_to_string	12	static
system.c:886:6:convert_to_ascii	20	static
system.c:918:9:string_compare	20	static
system.c:937:6:avg_samp_bank	12	static
system.c:569:6:adc_management	16	static
system.c:951:6:raise_avg_flag	0	static
system.c:958:6:raise_temp_flag	0	static
system.c:966:6:add_sample	8	static
system.c:1039:6:driveB	0	static
system.c:1049:6:driveA	0	static
system.c:1060:6:sendcp	8	static
system.c:1192:9:dc_search	8	static
system.c:1226:9:current_decode	8	static
system.c:1280:9:voltage_decode	8	static
system.c:1331:9:exp_voltage_decode	8	static
system.c:1385:6:flagclear	0	static
system.c:1392:6:tempreport	16	static
system.c:1409:6:tim1report	8	static
system.c:1470:6:voltreport	24	static
system.c:1503:6:timereport	16	static
system.c:1534:6:bankreport	16	static
system.c:1558:6:flagreport	16	static
system.c:1574:6:convreport	16	static
system.c:1596:6:tbankreport	16	static
system.c:1614:6:stupreport	8	static
system.c:1625:6:dacreport	8	static
system.c:1637:6:adcreport	16	static
system.c:1090:6:system_ins_search	8	static
system.c:422:6:system_management	8	static
