system.c:851:6:relay_control.part.0	0	static
system.c:166:6:system_ptr_config	24	static
system.c:213:10:start_up_check	0	static
system.c:222:6:start_up_procedure	40	static
system.c:426:6:button_managment	20	static
system.c:721:6:thermal_management	16	static
system.c:851:6:relay_control	0	static
system.c:144:6:system_io_config	0	static
system.c:612:6:pmic_management	40	static
system.c:867:6:num_to_string	12	static
system.c:875:6:convert_to_ascii	20	static
system.c:907:9:string_compare	20	static
system.c:926:6:avg_samp_bank	12	static
system.c:559:6:adc_management	16	static
system.c:940:6:raise_avg_flag	0	static
system.c:947:6:raise_temp_flag	0	static
system.c:955:6:add_sample	8	static
system.c:1045:6:driveB	0	static
system.c:1055:6:driveA	0	static
system.c:1066:6:sendcp	8	static
system.c:1198:9:dc_search	8	static
system.c:1232:9:current_decode	8	static
system.c:1286:9:voltage_decode	8	static
system.c:1337:9:exp_voltage_decode	8	static
system.c:1391:6:flagclear	0	static
system.c:1398:6:tempreport	16	static
system.c:1415:6:tim1report	8	static
system.c:1476:6:voltreport	24	static
system.c:1509:6:timereport	16	static
system.c:1540:6:bankreport	16	static
system.c:1564:6:flagreport	16	static
system.c:1596:6:convreport	16	static
system.c:1618:6:tbankreport	16	static
system.c:1636:6:stupreport	8	static
system.c:1647:6:dacreport	8	static
system.c:1659:6:adcreport	16	static
system.c:1096:6:system_ins_search	8	static
system.c:408:6:system_management	8	static
