system.c:852:6:relay_control.part.0	0	static
system.c:166:6:system_ptr_config	24	static
system.c:213:10:start_up_check	0	static
system.c:222:6:start_up_procedure	40	static
system.c:427:6:button_managment	20	static
system.c:722:6:thermal_management	16	static
system.c:852:6:relay_control	0	static
system.c:144:6:system_io_config	0	static
system.c:613:6:pmic_management	40	static
system.c:868:6:num_to_string	12	static
system.c:876:6:convert_to_ascii	20	static
system.c:908:9:string_compare	20	static
system.c:927:6:avg_samp_bank	12	static
system.c:560:6:adc_management	16	static
system.c:941:6:raise_avg_flag	0	static
system.c:948:6:raise_temp_flag	0	static
system.c:956:6:add_sample	8	static
system.c:1062:6:driveB	0	static
system.c:1072:6:driveA	0	static
system.c:1083:6:sendcp	8	static
system.c:1215:9:dc_search	8	static
system.c:1249:9:current_decode	8	static
system.c:1303:9:voltage_decode	8	static
system.c:1354:9:exp_voltage_decode	8	static
system.c:1408:6:flagclear	0	static
system.c:1415:6:tempreport	16	static
system.c:1432:6:tim1report	8	static
system.c:1493:6:voltreport	24	static
system.c:1526:6:timereport	16	static
system.c:1557:6:bankreport	16	static
system.c:1581:6:flagreport	16	static
system.c:1613:6:convreport	16	static
system.c:1635:6:tbankreport	16	static
system.c:1653:6:stupreport	8	static
system.c:1664:6:dacreport	8	static
system.c:1676:6:adcreport	16	static
system.c:1113:6:system_ins_search	8	static
system.c:409:6:system_management	8	static
