Archive member included to satisfy reference by file (symbol)

c:/program files (x86)/atollic/truestudio for stm32 9.3.0/armtools/bin/../lib/gcc/arm-atollic-eabi/6.3.1/../../../../arm-atollic-eabi/lib/armv7e-m/fpu\libc_nano.a(lib_a-init.o)
                              startup\startup_stm32l432xx.o (__libc_init_array)

Allocating common symbols
Common symbol       size              file

ov_channel          0x328             Src\system.o
dbgnum              0x1               Src\stm32l4xx_it.o
stable_count        0x1               Src\system.o
in_temp             0x328             Src\system.o
hs_i_target         0x2               Src\system.o
last_tsamp          0x4               Src\system.o
cs_channel          0x328             Src\system.o
dbg2                0x4               Src\system.o
adc_conversion_channel
                    0x4               Src\system.o
sys_time            0x18              Src\lptim1.o
iv_sample_count     0x4               Src\system.o
dc                  0x1               Src\tim1.o
sysi                0x1               Src\system.o
uart_flags          0x1               Src\uart1.o
output_string       0x4               Src\uart1.o
outi                0x1               Src\uart1.o
system_flags        0x4               Src\system.o
in_sample_count     0x4               Src\system.o
stup_action         0x4               Src\system.o
exp_ov              0x2               Src\system.o
v_ovp               0x2               Src\system.o
ex_temp             0x328             Src\system.o
percent             0x4               Src\tim1.o
uwTick              0x4               Drivers\STM32L4xx_HAL_Driver\Src\stm32l4xx_hal.o
v_uvp               0x2               Src\system.o
wire_error_count    0x2               Src\system.o
debug               0x1               Src\uart1.o
last_therm_action   0x4               Src\system.o
pFlash              0x20              Drivers\STM32L4xx_HAL_Driver\Src\stm32l4xx_hal_flash.o
last_pmic_action    0x4               Src\system.o
ex_sample_count     0x4               Src\system.o
first_lap           0x4               Src\system.o
secs_start          0x4               Src\system.o
i_target            0x2               Src\system.o
adci                0x4               Src\adc1.o
iv_channel          0x328             Src\system.o
mode                0x1               Src\tim1.o
dbg1                0x4               Src\system.o
inj_conversion_channel
                    0x4               Src\system.o
attempt_count       0x4               Src\uart1.o
system_time         0x4               Src\system.o
last_command        0x21              Src\uart1.o
arr_val             0x4               Src\tim1.o
conversion_count    0x4               Src\system.o
avg_dummy           0x4               Src\system.o
delay_time          0x4               Src\tim1.o
last_attempt        0x4               Src\uart1.o
start_up_flags      0x4               Src\system.o
pl                  0x4               Src\system.o
temp_sample_level   0x2               Src\system.o
data                0x2               Src\stm32l4xx_it.o
current_input       0x21              Src\uart1.o
ov_sample_count     0x4               Src\system.o
fc                  0x4               Src\stm32l4xx_it.o
celcius             0x4               Src\system.o
dac_out             0x4               Src\dac.o
dc_val              0x4               Src\tim1.o
cs_offset           0x2               Src\system.o
ts_cal2             0x2               Src\system.o
ui                  0x1               Src\uart1.o
clk_freq            0x4               Src\tim1.o
flag_checker        0x4               Src\main.o
flags               0x1               Src\system.o
last_vsamp          0x4               Src\system.o
ts_cal1             0x2               Src\system.o
avg_count           0x4               Src\system.o
last_temp           0x2               Src\system.o
wire_sample_level   0x2               Src\system.o
num_hold            0x21              Src\system.o
cs_sample_count     0x4               Src\system.o
cmd                 0x4               Src\system.o

Discarded input sections

 .text          0x00000000        0x0 c:/program files (x86)/atollic/truestudio for stm32 9.3.0/armtools/bin/../lib/gcc/arm-atollic-eabi/6.3.1/armv7e-m/fpu/crti.o
 .data          0x00000000        0x0 c:/program files (x86)/atollic/truestudio for stm32 9.3.0/armtools/bin/../lib/gcc/arm-atollic-eabi/6.3.1/armv7e-m/fpu/crti.o
 .bss           0x00000000        0x0 c:/program files (x86)/atollic/truestudio for stm32 9.3.0/armtools/bin/../lib/gcc/arm-atollic-eabi/6.3.1/armv7e-m/fpu/crti.o
 .data          0x00000000        0x4 c:/program files (x86)/atollic/truestudio for stm32 9.3.0/armtools/bin/../lib/gcc/arm-atollic-eabi/6.3.1/armv7e-m/fpu/crtbegin.o
 .text          0x00000000        0x0 Drivers\STM32L4xx_HAL_Driver\Src\stm32l4xx_hal.o
 .data          0x00000000        0x0 Drivers\STM32L4xx_HAL_Driver\Src\stm32l4xx_hal.o
[...]
Memory Configuration

Name             Origin             Length             Attributes
RAM              0x20000000         0x00010000         xrw
FLASH            0x08000000         0x00040000         xr
*default*        0x00000000         0xffffffff

Linker script and memory map

LOAD c:/program files (x86)/atollic/truestudio for stm32 9.3.0/armtools/bin/../lib/gcc/arm-atollic-eabi/6.3.1/armv7e-m/fpu/crti.o
LOAD c:/program files (x86)/atollic/truestudio for stm32 9.3.0/armtools/bin/../lib/gcc/arm-atollic-eabi/6.3.1/armv7e-m/fpu/crtbegin.o
LOAD Drivers\STM32L4xx_HAL_Driver\Src\stm32l4xx_hal.o
LOAD Drivers\STM32L4xx_HAL_Driver\Src\stm32l4xx_hal_cortex.o
LOAD Drivers\STM32L4xx_HAL_Driver\Src\stm32l4xx_hal_dma.o
LOAD Drivers\STM32L4xx_HAL_Driver\Src\stm32l4xx_hal_dma_ex.o
LOAD Drivers\STM32L4xx_HAL_Driver\Src\stm32l4xx_hal_flash.o
LOAD Drivers\STM32L4xx_HAL_Driver\Src\stm32l4xx_hal_flash_ex.o
LOAD Drivers\STM32L4xx_HAL_Driver\Src\stm32l4xx_hal_flash_ramfunc.o
LOAD Drivers\STM32L4xx_HAL_Driver\Src\stm32l4xx_hal_gpio.o
LOAD Drivers\STM32L4xx_HAL_Driver\Src\stm32l4xx_hal_i2c.o
LOAD Drivers\STM32L4xx_HAL_Driver\Src\stm32l4xx_hal_i2c_ex.o
LOAD Drivers\STM32L4xx_HAL_Driver\Src\stm32l4xx_hal_pwr.o
LOAD Drivers\STM32L4xx_HAL_Driver\Src\stm32l4xx_hal_pwr_ex.o
LOAD Drivers\STM32L4xx_HAL_Driver\Src\stm32l4xx_hal_rcc.o
LOAD Drivers\STM32L4xx_HAL_Driver\Src\stm32l4xx_hal_rcc_ex.o
LOAD Drivers\STM32L4xx_HAL_Driver\Src\stm32l4xx_hal_tim.o
LOAD Drivers\STM32L4xx_HAL_Driver\Src\stm32l4xx_hal_tim_ex.o
LOAD Src\adc1.o
LOAD Src\dac.o
LOAD Src\lptim1.o
LOAD Src\main.o
LOAD Src\opamp.o
LOAD Src\stm32l4xx_hal_msp.o
LOAD Src\stm32l4xx_it.o
LOAD Src\system.o
LOAD Src\system_stm32l4xx.o
LOAD Src\tim1.o
LOAD Src\uart1.o
LOAD startup\startup_stm32l432xx.o
                0x00000080                malloc_getpagesize_P = 0x80
START GROUP
LOAD c:/program files (x86)/atollic/truestudio for stm32 9.3.0/armtools/bin/../lib/gcc/arm-atollic-eabi/6.3.1/../../../../arm-atollic-eabi/lib/armv7e-m/fpu\libc_nano.a
LOAD c:/program files (x86)/atollic/truestudio for stm32 9.3.0/armtools/bin/../lib/gcc/arm-atollic-eabi/6.3.1/../../../../arm-atollic-eabi/lib/armv7e-m/fpu\libm.a
END GROUP
START GROUP
LOAD c:/program files (x86)/atollic/truestudio for stm32 9.3.0/armtools/bin/../lib/gcc/arm-atollic-eabi/6.3.1/armv7e-m/fpu\libgcc.a
LOAD c:/program files (x86)/atollic/truestudio for stm32 9.3.0/armtools/bin/../lib/gcc/arm-atollic-eabi/6.3.1/../../../../arm-atollic-eabi/lib/armv7e-m/fpu\libc_nano.a
END GROUP
START GROUP
LOAD c:/program files (x86)/atollic/truestudio for stm32 9.3.0/armtools/bin/../lib/gcc/arm-atollic-eabi/6.3.1/armv7e-m/fpu\libgcc.a
LOAD c:/program files (x86)/atollic/truestudio for stm32 9.3.0/armtools/bin/../lib/gcc/arm-atollic-eabi/6.3.1/../../../../arm-atollic-eabi/lib/armv7e-m/fpu\libc_nano.a
LOAD c:/program files (x86)/atollic/truestudio for stm32 9.3.0/armtools/bin/../lib/gcc/arm-atollic-eabi/6.3.1/../../../../arm-atollic-eabi/lib/armv7e-m/fpu\libnosys.a
END GROUP
START GROUP
LOAD c:/program files (x86)/atollic/truestudio for stm32 9.3.0/armtools/bin/../lib/gcc/arm-atollic-eabi/6.3.1/armv7e-m/fpu\libgcc.a
LOAD c:/program files (x86)/atollic/truestudio for stm32 9.3.0/armtools/bin/../lib/gcc/arm-atollic-eabi/6.3.1/../../../../arm-atollic-eabi/lib/armv7e-m/fpu\libc_nano.a
LOAD c:/program files (x86)/atollic/truestudio for stm32 9.3.0/armtools/bin/../lib/gcc/arm-atollic-eabi/6.3.1/../../../../arm-atollic-eabi/lib/armv7e-m/fpu\libnosys.a
END GROUP
LOAD c:/program files (x86)/atollic/truestudio for stm32 9.3.0/armtools/bin/../lib/gcc/arm-atollic-eabi/6.3.1/armv7e-m/fpu/crtend.o
LOAD c:/program files (x86)/atollic/truestudio for stm32 9.3.0/armtools/bin/../lib/gcc/arm-atollic-eabi/6.3.1/armv7e-m/fpu/crtn.o
                0x20010000                _estack = 0x20010000
                0x00000200                _Min_Heap_Size = 0x200
                0x00000400                _Min_Stack_Size = 0x400

.isr_vector     0x08000000      0x18c
                0x08000000                . = ALIGN (0x4)
 *(.isr_vector)
 .isr_vector    0x08000000      0x18c startup\startup_stm32l432xx.o
                0x08000000                g_pfnVectors
                0x0800018c                . = ALIGN (0x4)

.text           0x0800018c     0x26b0
                0x0800018c                . = ALIGN (0x4)
 *(.text)
 .text          0x0800018c       0x40 c:/program files (x86)/atollic/truestudio for stm32 9.3.0/armtools/bin/../lib/gcc/arm-atollic-eabi/6.3.1/armv7e-m/fpu/crtbegin.o
 *(.text*)
 .text.HAL_InitTick
                0x080001cc       0x28 Drivers\STM32L4xx_HAL_Driver\Src\stm32l4xx_hal.o
                0x080001cc                HAL_InitTick
 .text.HAL_Init
                0x080001f4       0x16 Drivers\STM32L4xx_HAL_Driver\Src\stm32l4xx_hal.o
                0x080001f4                HAL_Init
 *fill*         0x0800020a        0x2 
 .text.HAL_IncTick
                0x0800020c       0x10 Drivers\STM32L4xx_HAL_Driver\Src\stm32l4xx_hal.o
                0x0800020c                HAL_IncTick
 .text.HAL_GetTick
                0x0800021c        0xc Drivers\STM32L4xx_HAL_Driver\Src\stm32l4xx_hal.o
                0x0800021c                HAL_GetTick
 .text.HAL_NVIC_SetPriorityGrouping
                0x08000228       0x24 Drivers\STM32L4xx_HAL_Driver\Src\stm32l4xx_hal_cortex.o
                0x08000228                HAL_NVIC_SetPriorityGrouping
 .text.HAL_NVIC_SetPriority
                0x0800024c       0x68 Drivers\STM32L4xx_HAL_Driver\Src\stm32l4xx_hal_cortex.o
                0x0800024c                HAL_NVIC_SetPriority
 .text.HAL_SYSTICK_Config
                0x080002b4       0x2c Drivers\STM32L4xx_HAL_Driver\Src\stm32l4xx_hal_cortex.o
                0x080002b4                HAL_SYSTICK_Config
 .text.HAL_SYSTICK_CLKSourceConfig
                0x080002e0       0x18 Drivers\STM32L4xx_HAL_Driver\Src\stm32l4xx_hal_cortex.o
                0x080002e0                HAL_SYSTICK_CLKSourceConfig
 .text.HAL_SYSTICK_Callback
                0x080002f8        0x2 Drivers\STM32L4xx_HAL_Driver\Src\stm32l4xx_hal_cortex.o
                0x080002f8                HAL_SYSTICK_Callback
 .text.HAL_SYSTICK_IRQHandler
                0x080002fa        0x8 Drivers\STM32L4xx_HAL_Driver\Src\stm32l4xx_hal_cortex.o
                0x080002fa                HAL_SYSTICK_IRQHandler
 *fill*         0x08000302        0x2 
 .text.HAL_PWREx_GetVoltageRange
                0x08000304       0x10 Drivers\STM32L4xx_HAL_Driver\Src\stm32l4xx_hal_pwr_ex.o
                0x08000304                HAL_PWREx_GetVoltageRange
 .text.HAL_PWREx_ControlVoltageScaling
                0x08000314       0x68 Drivers\STM32L4xx_HAL_Driver\Src\stm32l4xx_hal_pwr_ex.o
                0x08000314                HAL_PWREx_ControlVoltageScaling
 .text.RCC_SetFlashLatencyFromMSIRange
                0x0800037c       0x84 Drivers\STM32L4xx_HAL_Driver\Src\stm32l4xx_hal_rcc.o
 .text.HAL_RCC_GetSysClockFreq
                0x08000400       0xd0 Drivers\STM32L4xx_HAL_Driver\Src\stm32l4xx_hal_rcc.o
                0x08000400                HAL_RCC_GetSysClockFreq
 .text.HAL_RCC_OscConfig
                0x080004d0      0x4b8 Drivers\STM32L4xx_HAL_Driver\Src\stm32l4xx_hal_rcc.o
                0x080004d0                HAL_RCC_OscConfig
 .text.HAL_RCC_ClockConfig
                0x08000988      0x16c Drivers\STM32L4xx_HAL_Driver\Src\stm32l4xx_hal_rcc.o
                0x08000988                HAL_RCC_ClockConfig
 .text.HAL_RCC_GetHCLKFreq
                0x08000af4        0xc Drivers\STM32L4xx_HAL_Driver\Src\stm32l4xx_hal_rcc.o
                0x08000af4                HAL_RCC_GetHCLKFreq
 .text.adc1_enable
                0x08000b00      0x13c Src\adc1.o
                0x08000b00                adc1_enable
 .text.adc1_regular_conversions
                0x08000c3c       0x20 Src\adc1.o
                0x08000c3c                adc1_regular_conversions
 .text.adc1_inject_conversions
                0x08000c5c       0x20 Src\adc1.o
                0x08000c5c                adc1_inject_conversions
 .text.dac_enable
                0x08000c7c       0x4c Src\dac.o
                0x08000c7c                dac_enable
 .text.dac_up   0x08000cc8       0x34 Src\dac.o
                0x08000cc8                dac_up
 .text.dac_down
                0x08000cfc       0x2c Src\dac.o
                0x08000cfc                dac_down
 .text.dac_set  0x08000d28       0x28 Src\dac.o
                0x08000d28                dac_set
 .text.lptim1_enable
                0x08000d50       0x58 Src\lptim1.o
                0x08000d50                lptim1_enable
 .text.time_increment
                0x08000da8       0x60 Src\lptim1.o
                0x08000da8                time_increment
 .text.read_time
                0x08000e08        0x8 Src\lptim1.o
                0x08000e08                read_time
 .text.SystemClock_Config
                0x08000e10       0x6c Src\main.o
                0x08000e10                SystemClock_Config
 .text.startup.main
                0x08000e7c       0x58 Src\main.o
                0x08000e7c                main
 .text.HAL_MspInit
                0x08000ed4       0x8c Src\stm32l4xx_hal_msp.o
                0x08000ed4                HAL_MspInit
 .text.USART1_IRQHandler
                0x08000f60       0x24 Src\stm32l4xx_it.o
                0x08000f60                USART1_IRQHandler
 .text.LPTIM1_IRQHandler
                0x08000f84       0x1c Src\stm32l4xx_it.o
                0x08000f84                LPTIM1_IRQHandler
 .text.ADC1_IRQHandler
                0x08000fa0       0x90 Src\stm32l4xx_it.o
                0x08000fa0                ADC1_IRQHandler
 .text.NMI_Handler
                0x08001030        0x2 Src\stm32l4xx_it.o
                0x08001030                NMI_Handler
 .text.HardFault_Handler
                0x08001032        0x2 Src\stm32l4xx_it.o
                0x08001032                HardFault_Handler
 .text.MemManage_Handler
                0x08001034        0x2 Src\stm32l4xx_it.o
                0x08001034                MemManage_Handler
 .text.BusFault_Handler
                0x08001036        0x2 Src\stm32l4xx_it.o
                0x08001036                BusFault_Handler
 .text.UsageFault_Handler
                0x08001038        0x2 Src\stm32l4xx_it.o
                0x08001038                UsageFault_Handler
 .text.SVC_Handler
                0x0800103a        0x2 Src\stm32l4xx_it.o
                0x0800103a                SVC_Handler
 .text.DebugMon_Handler
                0x0800103c        0x2 Src\stm32l4xx_it.o
                0x0800103c                DebugMon_Handler
 .text.PendSV_Handler
                0x0800103e        0x2 Src\stm32l4xx_it.o
                0x0800103e                PendSV_Handler
 .text.SysTick_Handler
                0x08001040        0xe Src\stm32l4xx_it.o
                0x08001040                SysTick_Handler
 *fill*         0x0800104e        0x2 
 .text.system_io_config
                0x08001050       0x7c Src\system.o
                0x08001050                system_io_config
 .text.system_ptr_config
                0x080010cc      0x114 Src\system.o
                0x080010cc                system_ptr_config
 .text.start_up_check
                0x080011e0       0x10 Src\system.o
                0x080011e0                start_up_check
 .text.start_up_procedure
                0x080011f0      0x288 Src\system.o
                0x080011f0                start_up_procedure
 .text.relay_control
                0x08001478       0x16 Src\system.o
                0x08001478                relay_control
 *fill*         0x0800148e        0x2 
 .text.pmic_management
                0x08001490      0x128 Src\system.o
                0x08001490                pmic_management
 .text.convert_to_ascii
                0x080015b8       0x7c Src\system.o
                0x080015b8                convert_to_ascii
 .text.string_compare
                0x08001634       0x40 Src\system.o
                0x08001634                string_compare
 .text.avg_samp_bank
                0x08001674       0x40 Src\system.o
                0x08001674                avg_samp_bank
 .text.adc_management
                0x080016b4       0xac Src\system.o
                0x080016b4                adc_management
 .text.raise_avg_flag
                0x08001760       0x2c Src\system.o
                0x08001760                raise_avg_flag
 .text.raise_temp_flag
                0x0800178c       0x2c Src\system.o
                0x0800178c                raise_temp_flag
 .text.add_sample
                0x080017b8       0xec Src\system.o
                0x080017b8                add_sample
 .text.driveB   0x080018a4       0x20 Src\system.o
                0x080018a4                driveB
 .text.sendcp   0x080018c4       0x48 Src\system.o
                0x080018c4                sendcp
 .text.thermal_management
                0x0800190c      0x154 Src\system.o
                0x0800190c                thermal_management
 .text.dc_search
                0x08001a60       0x3e Src\system.o
                0x08001a60                dc_search
 *fill*         0x08001a9e        0x2 
 .text.current_decode
                0x08001aa0       0x80 Src\system.o
                0x08001aa0                current_decode
 .text.voltage_decode
                0x08001b20       0x6c Src\system.o
                0x08001b20                voltage_decode
 .text.exp_voltage_decode
                0x08001b8c       0x6c Src\system.o
                0x08001b8c                exp_voltage_decode
 .text.flagclear
                0x08001bf8       0x18 Src\system.o
                0x08001bf8                flagclear
 .text.tempreport
                0x08001c10       0x5c Src\system.o
                0x08001c10                tempreport
 .text.tim1report
                0x08001c6c       0xb0 Src\system.o
                0x08001c6c                tim1report
 .text.voltreport
                0x08001d1c       0xa4 Src\system.o
                0x08001d1c                voltreport
 .text.timereport
                0x08001dc0       0x7c Src\system.o
                0x08001dc0                timereport
 .text.bankreport
                0x08001e3c       0x78 Src\system.o
                0x08001e3c                bankreport
 .text.flagreport
                0x08001eb4       0x44 Src\system.o
                0x08001eb4                flagreport
 .text.convreport
                0x08001ef8       0x5c Src\system.o
                0x08001ef8                convreport
 .text.tbankreport
                0x08001f54       0x58 Src\system.o
                0x08001f54                tbankreport
 .text.stupreport
                0x08001fac       0x28 Src\system.o
                0x08001fac                stupreport
 .text.dacreport
                0x08001fd4       0x28 Src\system.o
                0x08001fd4                dacreport
 .text.system_ins_search
                0x08001ffc      0x270 Src\system.o
                0x08001ffc                system_ins_search
 .text.system_management
                0x0800226c       0x28 Src\system.o
                0x0800226c                system_management
 .text.SystemInit
                0x08002294       0x48 Src\system_stm32l4xx.o
                0x08002294                SystemInit
 .text.buck_mode
                0x080022dc       0x58 Src\tim1.o
                0x080022dc                buck_mode
 .text.boost_mode
                0x08002334       0x58 Src\tim1.o
                0x08002334                boost_mode
 .text.lockout_mode
                0x0800238c       0x4c Src\tim1.o
                0x0800238c                lockout_mode
 .text.tim1_enable
                0x080023d8      0x104 Src\tim1.o
                0x080023d8                tim1_enable
 .text.passthru_mode
                0x080024dc       0x4c Src\tim1.o
                0x080024dc                passthru_mode
 .text.mode_check
                0x08002528        0xc Src\tim1.o
                0x08002528                mode_check
 .text.duty_cycle_increment
                0x08002534       0x54 Src\tim1.o
                0x08002534                duty_cycle_increment
 .text.duty_cycle_decrement
                0x08002588       0x48 Src\tim1.o
                0x08002588                duty_cycle_decrement
 .text.set_duty_cycle
                0x080025d0       0x34 Src\tim1.o
                0x080025d0                set_duty_cycle
 .text.uart1_enable
                0x08002604       0xb0 Src\uart1.o
                0x08002604                uart1_enable
 .text.uart1_transmit
                0x080026b4       0x34 Src\uart1.o
                0x080026b4                uart1_transmit
 .text.uart1_buffer_char
                0x080026e8       0x7c Src\uart1.o
                0x080026e8                uart1_buffer_char
 .text.cmd_execute
                0x08002764       0x18 Src\uart1.o
                0x08002764                cmd_execute
 .text.uart1_get_flags
                0x0800277c        0xc Src\uart1.o
                0x0800277c                uart1_get_flags
 .text.Reset_Handler
                0x08002788       0x50 startup\startup_stm32l432xx.o
                0x08002788                Reset_Handler
 .text.Default_Handler
                0x080027d8        0x2 startup\startup_stm32l432xx.o
                0x080027d8                RTC_Alarm_IRQHandler
                0x080027d8                EXTI2_IRQHandler
                0x080027d8                TIM1_CC_IRQHandler
                0x080027d8                TSC_IRQHandler
                0x080027d8                TAMP_STAMP_IRQHandler
                0x080027d8                EXTI3_IRQHandler
                0x080027d8                LPTIM2_IRQHandler
                0x080027d8                I2C3_ER_IRQHandler
                0x080027d8                EXTI0_IRQHandler
                0x080027d8                CAN1_RX0_IRQHandler
                0x080027d8                FPU_IRQHandler
                0x080027d8                TIM1_UP_TIM16_IRQHandler
                0x080027d8                SPI1_IRQHandler
                0x080027d8                TIM6_DAC_IRQHandler
                0x080027d8                DMA2_Channel2_IRQHandler
                0x080027d8                DMA1_Channel4_IRQHandler
                0x080027d8                DMA1_Channel7_IRQHandler
                0x080027d8                CAN1_RX1_IRQHandler
                0x080027d8                DMA2_Channel1_IRQHandler
                0x080027d8                QUADSPI_IRQHandler
                0x080027d8                I2C1_EV_IRQHandler
                0x080027d8                DMA1_Channel6_IRQHandler
                0x080027d8                DMA2_Channel4_IRQHandler
                0x080027d8                RCC_IRQHandler
                0x080027d8                TIM1_TRG_COM_IRQHandler
                0x080027d8                DMA1_Channel1_IRQHandler
                0x080027d8                Default_Handler
                0x080027d8                DMA2_Channel7_IRQHandler
                0x080027d8                EXTI15_10_IRQHandler
                0x080027d8                TIM7_IRQHandler
                0x080027d8                I2C3_EV_IRQHandler
                0x080027d8                USB_IRQHandler
                0x080027d8                EXTI9_5_IRQHandler
                0x080027d8                RTC_WKUP_IRQHandler
                0x080027d8                PVD_PVM_IRQHandler
                0x080027d8                CAN1_TX_IRQHandler
                0x080027d8                DMA2_Channel5_IRQHandler
                0x080027d8                CRS_IRQHandler
                0x080027d8                DMA1_Channel5_IRQHandler
                0x080027d8                EXTI4_IRQHandler
                0x080027d8                RNG_IRQHandler
                0x080027d8                DMA1_Channel3_IRQHandler
                0x080027d8                COMP_IRQHandler
                0x080027d8                WWDG_IRQHandler
                0x080027d8                LPUART1_IRQHandler
                0x080027d8                DMA2_Channel6_IRQHandler
                0x080027d8                TIM2_IRQHandler
                0x080027d8                EXTI1_IRQHandler
                0x080027d8                USART2_IRQHandler
                0x080027d8                DMA1_Channel2_IRQHandler
                0x080027d8                CAN1_SCE_IRQHandler
                0x080027d8                FLASH_IRQHandler
                0x080027d8                SPI3_IRQHandler
                0x080027d8                I2C1_ER_IRQHandler
                0x080027d8                SWPMI1_IRQHandler
                0x080027d8                SAI1_IRQHandler
                0x080027d8                DMA2_Channel3_IRQHandler
                0x080027d8                TIM1_BRK_TIM15_IRQHandler
 *fill*         0x080027da        0x2 
 .text.__libc_init_array
                0x080027dc       0x48 c:/program files (x86)/atollic/truestudio for stm32 9.3.0/armtools/bin/../lib/gcc/arm-atollic-eabi/6.3.1/../../../../arm-atollic-eabi/lib/armv7e-m/fpu\libc_nano.a(lib_a-init.o)
                0x080027dc                __libc_init_array
 *(.glue_7)
 .glue_7        0x08002824        0x0 linker stubs
 *(.glue_7t)
 .glue_7t       0x08002824        0x0 linker stubs
 *(.eh_frame)
 .eh_frame      0x08002824        0x0 c:/program files (x86)/atollic/truestudio for stm32 9.3.0/armtools/bin/../lib/gcc/arm-atollic-eabi/6.3.1/armv7e-m/fpu/crtbegin.o
 *(.init)
 .init          0x08002824        0x4 c:/program files (x86)/atollic/truestudio for stm32 9.3.0/armtools/bin/../lib/gcc/arm-atollic-eabi/6.3.1/armv7e-m/fpu/crti.o
                0x08002824                _init
 .init          0x08002828        0x8 c:/program files (x86)/atollic/truestudio for stm32 9.3.0/armtools/bin/../lib/gcc/arm-atollic-eabi/6.3.1/armv7e-m/fpu/crtn.o
 *(.fini)
 .fini          0x08002830        0x4 c:/program files (x86)/atollic/truestudio for stm32 9.3.0/armtools/bin/../lib/gcc/arm-atollic-eabi/6.3.1/armv7e-m/fpu/crti.o
                0x08002830                _fini
 .fini          0x08002834        0x8 c:/program files (x86)/atollic/truestudio for stm32 9.3.0/armtools/bin/../lib/gcc/arm-atollic-eabi/6.3.1/armv7e-m/fpu/crtn.o
                0x0800283c                . = ALIGN (0x4)
                0x0800283c                _etext = .

.vfp11_veneer   0x0800283c        0x0
 .vfp11_veneer  0x0800283c        0x0 linker stubs

.v4_bx          0x0800283c        0x0
 .v4_bx         0x0800283c        0x0 linker stubs

.iplt           0x0800283c        0x0
 .iplt          0x0800283c        0x0 c:/program files (x86)/atollic/truestudio for stm32 9.3.0/armtools/bin/../lib/gcc/arm-atollic-eabi/6.3.1/armv7e-m/fpu/crtbegin.o

.rodata         0x0800283c       0x40
                0x0800283c                . = ALIGN (0x4)
 *(.rodata)
 *(.rodata*)
 .rodata.AHBPrescTable
                0x0800283c       0x10 Src\system_stm32l4xx.o
                0x0800283c                AHBPrescTable
 .rodata.MSIRangeTable
                0x0800284c       0x30 Src\system_stm32l4xx.o
                0x0800284c                MSIRangeTable
                0x0800287c                . = ALIGN (0x4)

.rel.dyn        0x0800287c        0x0
 .rel.iplt      0x0800287c        0x0 c:/program files (x86)/atollic/truestudio for stm32 9.3.0/armtools/bin/../lib/gcc/arm-atollic-eabi/6.3.1/armv7e-m/fpu/crtbegin.o

.ARM.extab
 *(.ARM.extab* .gnu.linkonce.armextab.*)

.ARM            0x0800287c        0x0
                0x0800287c                __exidx_start = .
 *(.ARM.exidx*)
                0x0800287c                __exidx_end = .

.preinit_array  0x0800287c        0x0
                0x0800287c                PROVIDE (__preinit_array_start, .)
 *(.preinit_array*)
                0x0800287c                PROVIDE (__preinit_array_end, .)

.init_array     0x0800287c        0x4
                0x0800287c                PROVIDE (__init_array_start, .)
 *(SORT(.init_array.*))
 *(.init_array*)
 .init_array    0x0800287c        0x4 c:/program files (x86)/atollic/truestudio for stm32 9.3.0/armtools/bin/../lib/gcc/arm-atollic-eabi/6.3.1/armv7e-m/fpu/crtbegin.o
                0x08002880                PROVIDE (__init_array_end, .)

.fini_array     0x08002880        0x4
                [!provide]                PROVIDE (__fini_array_start, .)
 *(SORT(.fini_array.*))
 *(.fini_array*)
 .fini_array    0x08002880        0x4 c:/program files (x86)/atollic/truestudio for stm32 9.3.0/armtools/bin/../lib/gcc/arm-atollic-eabi/6.3.1/armv7e-m/fpu/crtbegin.o
                [!provide]                PROVIDE (__fini_array_end, .)
                0x08002884                _sidata = LOADADDR (.data)

.data           0x20000000      0x474 load address 0x08002884
                0x20000000                . = ALIGN (0x4)
                0x20000000                _sdata = .
 *(.data)
 *(.data*)
 .data.bankrpt  0x20000000       0x21 Src\system.o
                0x20000000                bankrpt
 .data.boost    0x20000021       0x21 Src\system.o
                0x20000021                boost
 .data.buck     0x20000042       0x21 Src\system.o
                0x20000042                buck
 .data.capC     0x20000063       0x21 Src\system.o
                0x20000063                capC
 .data.capE     0x20000084       0x21 Src\system.o
                0x20000084                capE
 .data.capI     0x200000a5       0x21 Src\system.o
                0x200000a5                capI
 .data.capO     0x200000c6       0x21 Src\system.o
                0x200000c6                capO
 .data.cli_return
                0x200000e7       0x21 Src\system.o
                0x200000e7                cli_return
 .data.convrpt  0x20000108       0x21 Src\system.o
                0x20000108                convrpt
 .data.cp1      0x20000129       0x21 Src\system.o
                0x20000129                cp1
 .data.cp2      0x2000014a       0x21 Src\system.o
                0x2000014a                cp2
 .data.cp3      0x2000016b       0x21 Src\system.o
                0x2000016b                cp3
 .data.cp4      0x2000018c       0x21 Src\system.o
                0x2000018c                cp4
 .data.csrs     0x200001ad       0x21 Src\system.o
                0x200001ad                csrs
 .data.dacdn    0x200001ce       0x21 Src\system.o
                0x200001ce                dacdn
 .data.dacmn    0x200001ef       0x21 Src\system.o
                0x200001ef                dacmn
 .data.dacmx    0x20000210       0x21 Src\system.o
                0x20000210                dacmx
 .data.dacrpt   0x20000231       0x21 Src\system.o
                0x20000231                dacrpt
 .data.dacup    0x20000252       0x21 Src\system.o
                0x20000252                dacup
 .data.dcp      0x20000273       0x21 Src\system.o
                0x20000273                dcp
 .data.drvdis   0x20000294       0x21 Src\system.o
                0x20000294                drvdis
 .data.drven    0x200002b5       0x21 Src\system.o
                0x200002b5                drven
 .data.flagclr  0x200002d6       0x21 Src\system.o
                0x200002d6                flagclr
 .data.flagrpt  0x200002f7       0x21 Src\system.o
                0x200002f7                flagrpt
 .data.lock     0x20000318       0x21 Src\system.o
                0x20000318                lock
 .data.money    0x20000339       0x21 Src\system.o
                0x20000339                money
 *fill*         0x2000035a        0x2 
 .data.num_1    0x2000035c        0xc Src\system.o
                0x2000035c                num_1
 .data.pass     0x20000368       0x21 Src\system.o
                0x20000368                pass
 .data.prompt   0x20000389       0x21 Src\system.o
                0x20000389                prompt
 .data.stuprpt  0x200003aa       0x21 Src\system.o
                0x200003aa                stuprpt
 .data.tbankrpt
                0x200003cb       0x21 Src\system.o
                0x200003cb                tbankrpt
 .data.temprpt  0x200003ec       0x21 Src\system.o
                0x200003ec                temprpt
 .data.timerpt  0x2000040d       0x21 Src\system.o
                0x2000040d                timerpt
 .data.timrpt   0x2000042e       0x21 Src\system.o
                0x2000042e                timrpt
 .data.voltrpt  0x2000044f       0x21 Src\system.o
                0x2000044f                voltrpt
 .data.SystemCoreClock
                0x20000470        0x4 Src\system_stm32l4xx.o
                0x20000470                SystemCoreClock
                0x20000474                . = ALIGN (0x4)
                0x20000474                _edata = .

.igot.plt       0x20000474        0x0 load address 0x08002cf8
 .igot.plt      0x20000474        0x0 c:/program files (x86)/atollic/truestudio for stm32 9.3.0/armtools/bin/../lib/gcc/arm-atollic-eabi/6.3.1/armv7e-m/fpu/crtbegin.o
                0x20000474                . = ALIGN (0x4)

.bss            0x20000474     0x1140 load address 0x08002cf8
                0x20000474                _sbss = .
                0x20000474                __bss_start__ = _sbss
 *(.bss)
 .bss           0x20000474       0x1c c:/program files (x86)/atollic/truestudio for stm32 9.3.0/armtools/bin/../lib/gcc/arm-atollic-eabi/6.3.1/armv7e-m/fpu/crtbegin.o
 *(.bss*)
 *(COMMON)
 COMMON         0x20000490        0x4 Drivers\STM32L4xx_HAL_Driver\Src\stm32l4xx_hal.o
                0x20000490                uwTick
 COMMON         0x20000494        0x4 Src\adc1.o
                0x20000494                adci
 COMMON         0x20000498        0x4 Src\dac.o
                0x20000498                dac_out
 COMMON         0x2000049c       0x18 Src\lptim1.o
                0x2000049c                sys_time
 COMMON         0x200004b4        0x4 Src\main.o
                0x200004b4                flag_checker
 COMMON         0x200004b8        0x8 Src\stm32l4xx_it.o
                0x200004b8                dbgnum
                0x200004ba                data
                0x200004bc                fc
 COMMON         0x200004c0     0x107c Src\system.o
                0x200004c0                ov_channel
                0x200007e8                stable_count
                0x200007ec                in_temp
                0x20000b14                hs_i_target
                0x20000b18                last_tsamp
                0x20000b1c                cs_channel
                0x20000e44                dbg2
                0x20000e48                adc_conversion_channel
                0x20000e4c                iv_sample_count
                0x20000e50                sysi
                0x20000e54                system_flags
                0x20000e58                in_sample_count
                0x20000e5c                stup_action
                0x20000e60                exp_ov
                0x20000e62                v_ovp
                0x20000e64                ex_temp
                0x2000118c                v_uvp
                0x2000118e                wire_error_count
                0x20001190                last_therm_action
                0x20001194                last_pmic_action
                0x20001198                ex_sample_count
                0x2000119c                first_lap
                0x200011a0                secs_start
                0x200011a4                i_target
                0x200011a8                iv_channel
                0x200014d0                dbg1
                0x200014d4                inj_conversion_channel
                0x200014d8                system_time
                0x200014dc                conversion_count
                0x200014e0                avg_dummy
                0x200014e4                start_up_flags
                0x200014e8                pl
                0x200014ec                temp_sample_level
                0x200014f0                ov_sample_count
                0x200014f4                celcius
                0x200014f8                cs_offset
                0x200014fa                ts_cal2
                0x200014fc                flags
                0x20001500                last_vsamp
                0x20001504                ts_cal1
                0x20001508                avg_count
                0x2000150c                last_temp
                0x2000150e                wire_sample_level
                0x20001510                num_hold
                0x20001534                cs_sample_count
                0x20001538                cmd
 COMMON         0x2000153c       0x1c Src\tim1.o
                0x2000153c                dc
                0x20001540                percent
                0x20001544                mode
                0x20001548                arr_val
                0x2000154c                delay_time
                0x20001550                dc_val
                0x20001554                clk_freq
 COMMON         0x20001558       0x5a Src\uart1.o
                0x20001558                uart_flags
                0x2000155c                output_string
                0x20001560                outi
                0x20001561                debug
                0x20001564                attempt_count
                0x20001568                last_command
                0x2000158c                last_attempt
                0x20001590                current_input
                0x200015b1                ui
                0x200015b4                . = ALIGN (0x4)
 *fill*         0x200015b2        0x2 
                0x200015b4                _ebss = .
                0x200015b4                __bss_end__ = _ebss

._user_heap_stack
                0x200015b4      0x600 load address 0x08002cf8
                0x200015b4                . = ALIGN (0x4)
                [!provide]                PROVIDE (end, .)
                [!provide]                PROVIDE (_end, .)
                0x200017b4                . = (. + _Min_Heap_Size)
 *fill*         0x200015b4      0x200 
                0x20001bb4                . = (. + _Min_Stack_Size)
 *fill*         0x200017b4      0x400 
                0x20001bb4                . = ALIGN (0x4)

/DISCARD/
 libc.a(*)
 libm.a(*)
 libgcc.a(*)

.ARM.attributes
                0x00000000       0x30
 *(.ARM.attributes)
 .ARM.attributes
                0x00000000       0x22 c:/program files (x86)/atollic/truestudio for stm32 9.3.0/armtools/bin/../lib/gcc/arm-atollic-eabi/6.3.1/armv7e-m/fpu/crti.o
 .ARM.attributes
                0x00000022       0x34 c:/program files (x86)/atollic/truestudio for stm32 9.3.0/armtools/bin/../lib/gcc/arm-atollic-eabi/6.3.1/armv7e-m/fpu/crtbegin.o
 .ARM.attributes
                0x00000056       0x39 Drivers\STM32L4xx_HAL_Driver\Src\stm32l4xx_hal.o
 .ARM.attributes
                0x0000008f       0x39 Drivers\STM32L4xx_HAL_Driver\Src\stm32l4xx_hal_cortex.o
 .ARM.attributes
                0x000000c8       0x39 Drivers\STM32L4xx_HAL_Driver\Src\stm32l4xx_hal_pwr_ex.o
 .ARM.attributes
                0x00000101       0x39 Drivers\STM32L4xx_HAL_Driver\Src\stm32l4xx_hal_rcc.o
 .ARM.attributes
                0x0000013a       0x39 Src\adc1.o
 .ARM.attributes
                0x00000173       0x39 Src\dac.o
 .ARM.attributes
                0x000001ac       0x39 Src\lptim1.o
 .ARM.attributes
                0x000001e5       0x39 Src\main.o
 .ARM.attributes
                0x0000021e       0x39 Src\stm32l4xx_hal_msp.o
 .ARM.attributes
                0x00000257       0x39 Src\stm32l4xx_it.o
 .ARM.attributes
                0x00000290       0x39 Src\system.o
 .ARM.attributes
                0x000002c9       0x39 Src\system_stm32l4xx.o
 .ARM.attributes
                0x00000302       0x39 Src\tim1.o
 .ARM.attributes
                0x0000033b       0x39 Src\uart1.o
 .ARM.attributes
                0x00000374       0x21 startup\startup_stm32l432xx.o
 .ARM.attributes
                0x00000395       0x34 c:/program files (x86)/atollic/truestudio for stm32 9.3.0/armtools/bin/../lib/gcc/arm-atollic-eabi/6.3.1/../../../../arm-atollic-eabi/lib/armv7e-m/fpu\libc_nano.a(lib_a-init.o)
 .ARM.attributes
                0x000003c9       0x22 c:/program files (x86)/atollic/truestudio for stm32 9.3.0/armtools/bin/../lib/gcc/arm-atollic-eabi/6.3.1/armv7e-m/fpu/crtn.o
OUTPUT(LiteOS_0.000.elf elf32-littlearm)

.debug_info     0x00000000    0x10e84
 .debug_info    0x00000000     0x1183 Drivers\STM32L4xx_HAL_Driver\Src\stm32l4xx_hal.o
 .debug_info    0x00001183     0x16f5 Drivers\STM32L4xx_HAL_Driver\Src\stm32l4xx_hal_cortex.o
 .debug_info    0x00002878     0x1213 Drivers\STM32L4xx_HAL_Driver\Src\stm32l4xx_hal_pwr_ex.o
 .debug_info    0x00003a8b     0x1598 Drivers\STM32L4xx_HAL_Driver\Src\stm32l4xx_hal_rcc.o
 .debug_info    0x00005023     0x13b0 Src\adc1.o
 .debug_info    0x000063d3      0xdbf Src\dac.o
 .debug_info    0x00007192     0x11b1 Src\lptim1.o
 .debug_info    0x00008343      0xf2f Src\main.o
 .debug_info    0x00009272      0xe53 Src\stm32l4xx_hal_msp.o
 .debug_info    0x0000a0c5      0xeb1 Src\stm32l4xx_it.o
 .debug_info    0x0000af76     0x2e08 Src\system.o
 .debug_info    0x0000dd7e      0xde2 Src\system_stm32l4xx.o
 .debug_info    0x0000eb60      0xef8 Src\tim1.o
 .debug_info    0x0000fa58     0x139c Src\uart1.o
 .debug_info    0x00010df4       0x90 startup\startup_stm32l432xx.o

.debug_abbrev   0x00000000     0x2357
 .debug_abbrev  0x00000000      0x2c0 Drivers\STM32L4xx_HAL_Driver\Src\stm32l4xx_hal.o
 .debug_abbrev  0x000002c0      0x37d Drivers\STM32L4xx_HAL_Driver\Src\stm32l4xx_hal_cortex.o
 .debug_abbrev  0x0000063d      0x2c7 Drivers\STM32L4xx_HAL_Driver\Src\stm32l4xx_hal_pwr_ex.o
 .debug_abbrev  0x00000904      0x2d2 Drivers\STM32L4xx_HAL_Driver\Src\stm32l4xx_hal_rcc.o
 .debug_abbrev  0x00000bd6      0x25b Src\adc1.o
 .debug_abbrev  0x00000e31      0x1bf Src\dac.o
 .debug_abbrev  0x00000ff0      0x284 Src\lptim1.o
 .debug_abbrev  0x00001274      0x263 Src\main.o
 .debug_abbrev  0x000014d7      0x1f5 Src\stm32l4xx_hal_msp.o
 .debug_abbrev  0x000016cc      0x250 Src\stm32l4xx_it.o
 .debug_abbrev  0x0000191c      0x387 Src\system.o
 .debug_abbrev  0x00001ca3      0x1eb Src\system_stm32l4xx.o
 .debug_abbrev  0x00001e8e      0x22b Src\tim1.o
 .debug_abbrev  0x000020b9      0x28c Src\uart1.o
 .debug_abbrev  0x00002345       0x12 startup\startup_stm32l432xx.o

.debug_loc      0x00000000     0x1c48
 .debug_loc     0x00000000       0x76 Drivers\STM32L4xx_HAL_Driver\Src\stm32l4xx_hal.o
 .debug_loc     0x00000076      0x4fb Drivers\STM32L4xx_HAL_Driver\Src\stm32l4xx_hal_cortex.o
 .debug_loc     0x00000571      0x3eb Drivers\STM32L4xx_HAL_Driver\Src\stm32l4xx_hal_pwr_ex.o
 .debug_loc     0x0000095c      0x5a9 Drivers\STM32L4xx_HAL_Driver\Src\stm32l4xx_hal_rcc.o
 .debug_loc     0x00000f05       0x50 Src\adc1.o
 .debug_loc     0x00000f55       0x98 Src\dac.o
 .debug_loc     0x00000fed       0xa3 Src\lptim1.o
 .debug_loc     0x00001090      0x8ea Src\system.o
 .debug_loc     0x0000197a      0x1be Src\system_stm32l4xx.o
 .debug_loc     0x00001b38       0x72 Src\tim1.o
 .debug_loc     0x00001baa       0x9e Src\uart1.o

.debug_aranges  0x00000000      0x688
 .debug_aranges
                0x00000000       0xe8 Drivers\STM32L4xx_HAL_Driver\Src\stm32l4xx_hal.o
 .debug_aranges
                0x000000e8       0xa8 Drivers\STM32L4xx_HAL_Driver\Src\stm32l4xx_hal_cortex.o
 .debug_aranges
                0x00000190      0x100 Drivers\STM32L4xx_HAL_Driver\Src\stm32l4xx_hal_pwr_ex.o
 .debug_aranges
                0x00000290       0x88 Drivers\STM32L4xx_HAL_Driver\Src\stm32l4xx_hal_rcc.o
 .debug_aranges
                0x00000318       0x30 Src\adc1.o
 .debug_aranges
                0x00000348       0x38 Src\dac.o
 .debug_aranges
                0x00000380       0x30 Src\lptim1.o
 .debug_aranges
                0x000003b0       0x30 Src\main.o
 .debug_aranges
                0x000003e0       0x20 Src\stm32l4xx_hal_msp.o
 .debug_aranges
                0x00000400       0x60 Src\stm32l4xx_it.o
 .debug_aranges
                0x00000460      0x130 Src\system.o
 .debug_aranges
                0x00000590       0x28 Src\system_stm32l4xx.o
 .debug_aranges
                0x000005b8       0x68 Src\tim1.o
 .debug_aranges
                0x00000620       0x40 Src\uart1.o
 .debug_aranges
                0x00000660       0x28 startup\startup_stm32l432xx.o

.debug_ranges   0x00000000      0x738
 .debug_ranges  0x00000000       0xd8 Drivers\STM32L4xx_HAL_Driver\Src\stm32l4xx_hal.o
 .debug_ranges  0x000000d8      0x138 Drivers\STM32L4xx_HAL_Driver\Src\stm32l4xx_hal_cortex.o
 .debug_ranges  0x00000210       0xf0 Drivers\STM32L4xx_HAL_Driver\Src\stm32l4xx_hal_pwr_ex.o
 .debug_ranges  0x00000300       0x90 Drivers\STM32L4xx_HAL_Driver\Src\stm32l4xx_hal_rcc.o
 .debug_ranges  0x00000390       0x20 Src\adc1.o
 .debug_ranges  0x000003b0       0x28 Src\dac.o
 .debug_ranges  0x000003d8       0x50 Src\lptim1.o
 .debug_ranges  0x00000428       0x20 Src\main.o
 .debug_ranges  0x00000448       0x40 Src\stm32l4xx_hal_msp.o
 .debug_ranges  0x00000488       0x50 Src\stm32l4xx_it.o
 .debug_ranges  0x000004d8      0x170 Src\system.o
 .debug_ranges  0x00000648       0x18 Src\system_stm32l4xx.o
 .debug_ranges  0x00000660       0x58 Src\tim1.o
 .debug_ranges  0x000006b8       0x60 Src\uart1.o
 .debug_ranges  0x00000718       0x20 startup\startup_stm32l432xx.o

.debug_line     0x00000000     0x37b2
 .debug_line    0x00000000      0x48e Drivers\STM32L4xx_HAL_Driver\Src\stm32l4xx_hal.o
 .debug_line    0x0000048e      0x4d5 Drivers\STM32L4xx_HAL_Driver\Src\stm32l4xx_hal_cortex.o
 .debug_line    0x00000963      0x5d4 Drivers\STM32L4xx_HAL_Driver\Src\stm32l4xx_hal_pwr_ex.o
 .debug_line    0x00000f37      0x654 Drivers\STM32L4xx_HAL_Driver\Src\stm32l4xx_hal_rcc.o
 .debug_line    0x0000158b      0x29a Src\adc1.o
 .debug_line    0x00001825      0x278 Src\dac.o
 .debug_line    0x00001a9d      0x299 Src\lptim1.o
 .debug_line    0x00001d36      0x361 Src\main.o
 .debug_line    0x00002097      0x28e Src\stm32l4xx_hal_msp.o
 .debug_line    0x00002325      0x353 Src\stm32l4xx_it.o
 .debug_line    0x00002678      0x7f1 Src\system.o
 .debug_line    0x00002e69      0x2a8 Src\system_stm32l4xx.o
 .debug_line    0x00003111      0x338 Src\tim1.o
 .debug_line    0x00003449      0x2ea Src\uart1.o
 .debug_line    0x00003733       0x7f startup\startup_stm32l432xx.o

.debug_str      0x00000000     0x254d
 .debug_str     0x00000000      0xe52 Drivers\STM32L4xx_HAL_Driver\Src\stm32l4xx_hal.o
                                0xf00 (size before relaxing)
 .debug_str     0x00000e52      0x3da Drivers\STM32L4xx_HAL_Driver\Src\stm32l4xx_hal_cortex.o
                                0xf94 (size before relaxing)
 .debug_str     0x0000122c      0x4b2 Drivers\STM32L4xx_HAL_Driver\Src\stm32l4xx_hal_pwr_ex.o
                                0xbde (size before relaxing)
 .debug_str     0x000016de      0x3f4 Drivers\STM32L4xx_HAL_Driver\Src\stm32l4xx_hal_rcc.o
                                0xc76 (size before relaxing)
 .debug_str     0x00001ad2       0xed Src\adc1.o
                                0xd59 (size before relaxing)
 .debug_str     0x00001bbf       0xbb Src\dac.o
                                0x898 (size before relaxing)
 .debug_str     0x00001c7a       0x5d Src\lptim1.o
                                0xc91 (size before relaxing)
 .debug_str     0x00001cd7       0xdd Src\main.o
                                0xd3f (size before relaxing)
 .debug_str     0x00001db4       0x1b Src\stm32l4xx_hal_msp.o
                                0xbc2 (size before relaxing)
 .debug_str     0x00001dcf      0x13c Src\stm32l4xx_it.o
                                0x8bb (size before relaxing)
 .debug_str     0x00001f0b      0x54f Src\system.o
                                0xfad (size before relaxing)
 .debug_str     0x0000245a       0x3b Src\system_stm32l4xx.o
                                0x850 (size before relaxing)
 .debug_str     0x00002495       0x47 Src\tim1.o
                                0x8ef (size before relaxing)
 .debug_str     0x000024dc       0x71 Src\uart1.o
                                0xd62 (size before relaxing)

.comment        0x00000000       0x7c
 .comment       0x00000000       0x7c Drivers\STM32L4xx_HAL_Driver\Src\stm32l4xx_hal.o
                                 0x7d (size before relaxing)
 .comment       0x0000007c       0x7d Drivers\STM32L4xx_HAL_Driver\Src\stm32l4xx_hal_cortex.o
 .comment       0x0000007c       0x7d Drivers\STM32L4xx_HAL_Driver\Src\stm32l4xx_hal_pwr_ex.o
 .comment       0x0000007c       0x7d Drivers\STM32L4xx_HAL_Driver\Src\stm32l4xx_hal_rcc.o
 .comment       0x0000007c       0x7d Src\adc1.o
 .comment       0x0000007c       0x7d Src\dac.o
 .comment       0x0000007c       0x7d Src\lptim1.o
 .comment       0x0000007c       0x7d Src\main.o
 .comment       0x0000007c       0x7d Src\stm32l4xx_hal_msp.o
 .comment       0x0000007c       0x7d Src\stm32l4xx_it.o
 .comment       0x0000007c       0x7d Src\system.o
 .comment       0x0000007c       0x7d Src\system_stm32l4xx.o
 .comment       0x0000007c       0x7d Src\tim1.o
 .comment       0x0000007c       0x7d Src\uart1.o

.debug_frame    0x00000000      0xe7c
 .debug_frame   0x00000000      0x1e4 Drivers\STM32L4xx_HAL_Driver\Src\stm32l4xx_hal.o
 .debug_frame   0x000001e4      0x158 Drivers\STM32L4xx_HAL_Driver\Src\stm32l4xx_hal_cortex.o
 .debug_frame   0x0000033c      0x1f8 Drivers\STM32L4xx_HAL_Driver\Src\stm32l4xx_hal_pwr_ex.o
 .debug_frame   0x00000534      0x15c Drivers\STM32L4xx_HAL_Driver\Src\stm32l4xx_hal_rcc.o
 .debug_frame   0x00000690       0x40 Src\adc1.o
 .debug_frame   0x000006d0       0x50 Src\dac.o
 .debug_frame   0x00000720       0x40 Src\lptim1.o
 .debug_frame   0x00000760       0x58 Src\main.o
 .debug_frame   0x000007b8       0x2c Src\stm32l4xx_hal_msp.o
 .debug_frame   0x000007e4       0xf8 Src\stm32l4xx_it.o
 .debug_frame   0x000008dc      0x3fc Src\system.o
 .debug_frame   0x00000cd8       0x38 Src\system_stm32l4xx.o
 .debug_frame   0x00000d10       0xbc Src\tim1.o
 .debug_frame   0x00000dcc       0x84 Src\uart1.o
 .debug_frame   0x00000e50       0x2c c:/program files (x86)/atollic/truestudio for stm32 9.3.0/armtools/bin/../lib/gcc/arm-atollic-eabi/6.3.1/../../../../arm-atollic-eabi/lib/armv7e-m/fpu\libc_nano.a(lib_a-init.o)
