Archive member included to satisfy reference by file (symbol)

c:/program files (x86)/atollic/truestudio for stm32 9.0.1/armtools/bin/../lib/gcc/arm-atollic-eabi/6.3.1/../../../../arm-atollic-eabi/lib/armv7e-m/fpu\libc_nano.a(lib_a-init.o)
                              startup\startup_stm32l432xx.o (__libc_init_array)

Allocating common symbols
Common symbol       size              file

ov_channel          0x328             Src\system.o
dbgnum              0x1               Src\stm32l4xx_it.o
in_temp             0x328             Src\system.o
last_tsamp          0x4               Src\system.o
cs_channel          0x328             Src\system.o
dbg2                0x4               Src\system.o
adc_conversion_channel
                    0x4               Src\system.o
sys_time            0x18              Src\lptim1.o
iv_sample_count     0x4               Src\system.o
dc                  0x1               Src\tim1.o
sysi                0x1               Src\system.o
uart_flags          0x1               Src\uart1.o
output_string       0x4               Src\uart1.o
outi                0x1               Src\uart1.o
system_flags        0x4               Src\system.o
in_sample_count     0x4               Src\system.o
v_ovp               0x2               Src\system.o
ex_temp             0x328             Src\system.o
percent             0x4               Src\tim1.o
uwTick              0x4               Drivers\STM32L4xx_HAL_Driver\Src\stm32l4xx_hal.o
v_uvp               0x2               Src\system.o
debug               0x1               Src\uart1.o
pFlash              0x20              Drivers\STM32L4xx_HAL_Driver\Src\stm32l4xx_hal_flash.o
last_pmic_action    0x4               Src\system.o
ex_sample_count     0x4               Src\system.o
i_target            0x2               Src\system.o
adci                0x4               Src\adc1.o
iv_channel          0x328             Src\system.o
mode                0x1               Src\tim1.o
dbg1                0x4               Src\system.o
inj_conversion_channel
                    0x4               Src\system.o
attempt_count       0x4               Src\uart1.o
system_time         0x4               Src\system.o
last_command        0x21              Src\uart1.o
arr_val             0x4               Src\tim1.o
conversion_count    0x4               Src\system.o
avg_dummy           0x4               Src\system.o
last_attempt        0x4               Src\uart1.o
data                0x2               Src\stm32l4xx_it.o
current_input       0x21              Src\uart1.o
ov_sample_count     0x4               Src\system.o
fc                  0x4               Src\stm32l4xx_it.o
celcius             0x4               Src\system.o
count               0x1               Src\main.o
dac_out             0x4               Src\dac.o
dc_val              0x4               Src\tim1.o
cs_offset           0x2               Src\system.o
ts_cal2             0x2               Src\system.o
ui                  0x1               Src\uart1.o
clk_freq            0x4               Src\tim1.o
flags               0x1               Src\system.o
last_vsamp          0x4               Src\system.o
ts_cal1             0x2               Src\system.o
avg_count           0x4               Src\system.o
num_hold            0x21              Src\system.o
cs_sample_count     0x4               Src\system.o
cmd                 0x4               Src\system.o

Discarded input sections

 .text          0x00000000        0x0 c:/program files (x86)/atollic/truestudio for stm32 9.0.1/armtools/bin/../lib/gcc/arm-atollic-eabi/6.3.1/armv7e-m/fpu/crti.o
 .data          0x00000000        0x0 c:/program files (x86)/atollic/truestudio for stm32 9.0.1/armtools/bin/../lib/gcc/arm-atollic-eabi/6.3.1/armv7e-m/fpu/crti.o
 .bss           0x00000000        0x0 c:/program files (x86)/atollic/truestudio for stm32 9.0.1/armtools/bin/../lib/gcc/arm-atollic-eabi/6.3.1/armv7e-m/fpu/crti.o
 .data          0x00000000        0x4 c:/program files (x86)/atollic/truestudio for stm32 9.0.1/armtools/bin/../lib/gcc/arm-atollic-eabi/6.3.1/armv7e-m/fpu/crtbegin.o
 .text          0x00000000        0x0 Drivers\STM32L4xx_HAL_Driver\Src\stm32l4xx_hal.o
 .data          0x00000000        0x0 Drivers\STM32L4xx_HAL_Driver\Src\stm32l4xx_hal.o
 .bss           0x00000000        0x0 Drivers\STM32L4xx_HAL_Driver\Src\stm32l4xx_hal.o
 .text.HAL_MspInit
                0x00000000        0x2 Drivers\STM32L4xx_HAL_Driver\Src\stm32l4xx_hal.o
 .text.HAL_MspDeInit
                0x00000000        0x2 Drivers\STM32L4xx_HAL_Driver\Src\stm32l4xx_hal.o
 .text.HAL_DeInit
                0x00000000       0x2c Drivers\STM32L4xx_HAL_Driver\Src\stm32l4xx_hal.o
 .text.HAL_Delay
                0x00000000       0x1c Drivers\STM32L4xx_HAL_Driver\Src\stm32l4xx_hal.o
 .text.HAL_SuspendTick
                0x00000000       0x10 Drivers\STM32L4xx_HAL_Driver\Src\stm32l4xx_hal.o
 .text.HAL_ResumeTick
                0x00000000       0x10 Drivers\STM32L4xx_HAL_Driver\Src\stm32l4xx_hal.o
 .text.HAL_GetHalVersion
                0x00000000        0x8 Drivers\STM32L4xx_HAL_Driver\Src\stm32l4xx_hal.o
 .text.HAL_GetREVID
                0x00000000        0xc Drivers\STM32L4xx_HAL_Driver\Src\stm32l4xx_hal.o
 .text.HAL_GetDEVID
                0x00000000       0x10 Drivers\STM32L4xx_HAL_Driver\Src\stm32l4xx_hal.o
 .text.HAL_GetUIDw0
                0x00000000        0xc Drivers\STM32L4xx_HAL_Driver\Src\stm32l4xx_hal.o
 .text.HAL_GetUIDw1
                0x00000000        0xc Drivers\STM32L4xx_HAL_Driver\Src\stm32l4xx_hal.o
 .text.HAL_GetUIDw2
                0x00000000        0xc Drivers\STM32L4xx_HAL_Driver\Src\stm32l4xx_hal.o
 .text.HAL_DBGMCU_EnableDBGSleepMode
                0x00000000       0x10 Drivers\STM32L4xx_HAL_Driver\Src\stm32l4xx_hal.o
 .text.HAL_DBGMCU_DisableDBGSleepMode
                0x00000000       0x10 Drivers\STM32L4xx_HAL_Driver\Src\stm32l4xx_hal.o
 .text.HAL_DBGMCU_EnableDBGStopMode
                0x00000000       0x10 Drivers\STM32L4xx_HAL_Driver\Src\stm32l4xx_hal.o
 .text.HAL_DBGMCU_DisableDBGStopMode
                0x00000000       0x10 Drivers\STM32L4xx_HAL_Driver\Src\stm32l4xx_hal.o
 .text.HAL_DBGMCU_EnableDBGStandbyMode
                0x00000000       0x10 Drivers\STM32L4xx_HAL_Driver\Src\stm32l4xx_hal.o
 .text.HAL_DBGMCU_DisableDBGStandbyMode
                0x00000000       0x10 Drivers\STM32L4xx_HAL_Driver\Src\stm32l4xx_hal.o
 .text.HAL_SYSCFG_SRAM2Erase
                0x00000000       0x1c Drivers\STM32L4xx_HAL_Driver\Src\stm32l4xx_hal.o
 .text.HAL_SYSCFG_EnableMemorySwappingBank
                0x00000000        0xc Drivers\STM32L4xx_HAL_Driver\Src\stm32l4xx_hal.o
 .text.HAL_SYSCFG_DisableMemorySwappingBank
                0x00000000        0xc Drivers\STM32L4xx_HAL_Driver\Src\stm32l4xx_hal.o
 .text.HAL_SYSCFG_EnableIOAnalogSwitchBooster
                0x00000000       0x10 Drivers\STM32L4xx_HAL_Driver\Src\stm32l4xx_hal.o
 .text.HAL_SYSCFG_DisableIOAnalogSwitchBooster
                0x00000000       0x10 Drivers\STM32L4xx_HAL_Driver\Src\stm32l4xx_hal.o
 .text          0x00000000        0x0 Drivers\STM32L4xx_HAL_Driver\Src\stm32l4xx_hal_cortex.o
 .data          0x00000000        0x0 Drivers\STM32L4xx_HAL_Driver\Src\stm32l4xx_hal_cortex.o
 .bss           0x00000000        0x0 Drivers\STM32L4xx_HAL_Driver\Src\stm32l4xx_hal_cortex.o
 .text.HAL_NVIC_EnableIRQ
                0x00000000       0x18 Drivers\STM32L4xx_HAL_Driver\Src\stm32l4xx_hal_cortex.o
 .text.HAL_NVIC_DisableIRQ
                0x00000000       0x1c Drivers\STM32L4xx_HAL_Driver\Src\stm32l4xx_hal_cortex.o
 .text.HAL_NVIC_SystemReset
                0x00000000       0x24 Drivers\STM32L4xx_HAL_Driver\Src\stm32l4xx_hal_cortex.o
 .text.HAL_NVIC_GetPriorityGrouping
                0x00000000       0x10 Drivers\STM32L4xx_HAL_Driver\Src\stm32l4xx_hal_cortex.o
 .text.HAL_NVIC_GetPriority
                0x00000000       0x58 Drivers\STM32L4xx_HAL_Driver\Src\stm32l4xx_hal_cortex.o
 .text.HAL_NVIC_SetPendingIRQ
                0x00000000       0x1c Drivers\STM32L4xx_HAL_Driver\Src\stm32l4xx_hal_cortex.o
 .text.HAL_NVIC_GetPendingIRQ
                0x00000000       0x1c Drivers\STM32L4xx_HAL_Driver\Src\stm32l4xx_hal_cortex.o
 .text.HAL_NVIC_ClearPendingIRQ
                0x00000000       0x1c Drivers\STM32L4xx_HAL_Driver\Src\stm32l4xx_hal_cortex.o
 .text.HAL_NVIC_GetActive
                0x00000000       0x1c Drivers\STM32L4xx_HAL_Driver\Src\stm32l4xx_hal_cortex.o
 .text.HAL_MPU_Disable
                0x00000000       0x20 Drivers\STM32L4xx_HAL_Driver\Src\stm32l4xx_hal_cortex.o
 .text.HAL_MPU_Enable
                0x00000000       0x24 Drivers\STM32L4xx_HAL_Driver\Src\stm32l4xx_hal_cortex.o
 .text.HAL_MPU_ConfigRegion
                0x00000000       0x50 Drivers\STM32L4xx_HAL_Driver\Src\stm32l4xx_hal_cortex.o
 .text          0x00000000        0x0 Drivers\STM32L4xx_HAL_Driver\Src\stm32l4xx_hal_dma.o
 .data          0x00000000        0x0 Drivers\STM32L4xx_HAL_Driver\Src\stm32l4xx_hal_dma.o
 .bss           0x00000000        0x0 Drivers\STM32L4xx_HAL_Driver\Src\stm32l4xx_hal_dma.o
 .text.HAL_DMA_Init
                0x00000000       0xe0 Drivers\STM32L4xx_HAL_Driver\Src\stm32l4xx_hal_dma.o
 .text.HAL_DMA_DeInit
                0x00000000       0x90 Drivers\STM32L4xx_HAL_Driver\Src\stm32l4xx_hal_dma.o
 .text.HAL_DMA_Start
                0x00000000       0x5e Drivers\STM32L4xx_HAL_Driver\Src\stm32l4xx_hal_dma.o
 .text.HAL_DMA_Start_IT
                0x00000000       0x7c Drivers\STM32L4xx_HAL_Driver\Src\stm32l4xx_hal_dma.o
 .text.HAL_DMA_Abort
                0x00000000       0x32 Drivers\STM32L4xx_HAL_Driver\Src\stm32l4xx_hal_dma.o
 .text.HAL_DMA_Abort_IT
                0x00000000       0x48 Drivers\STM32L4xx_HAL_Driver\Src\stm32l4xx_hal_dma.o
 .text.HAL_DMA_PollForTransfer
                0x00000000       0xc6 Drivers\STM32L4xx_HAL_Driver\Src\stm32l4xx_hal_dma.o
 .text.HAL_DMA_IRQHandler
                0x00000000       0x90 Drivers\STM32L4xx_HAL_Driver\Src\stm32l4xx_hal_dma.o
 .text.HAL_DMA_RegisterCallback
                0x00000000       0x46 Drivers\STM32L4xx_HAL_Driver\Src\stm32l4xx_hal_dma.o
 .text.HAL_DMA_UnRegisterCallback
                0x00000000       0x4e Drivers\STM32L4xx_HAL_Driver\Src\stm32l4xx_hal_dma.o
 .text.HAL_DMA_GetState
                0x00000000        0x6 Drivers\STM32L4xx_HAL_Driver\Src\stm32l4xx_hal_dma.o
 .text.HAL_DMA_GetError
                0x00000000        0x4 Drivers\STM32L4xx_HAL_Driver\Src\stm32l4xx_hal_dma.o
 .debug_info    0x00000000     0x1067 Drivers\STM32L4xx_HAL_Driver\Src\stm32l4xx_hal_dma.o
 .debug_abbrev  0x00000000      0x29e Drivers\STM32L4xx_HAL_Driver\Src\stm32l4xx_hal_dma.o
 .debug_loc     0x00000000      0x60c Drivers\STM32L4xx_HAL_Driver\Src\stm32l4xx_hal_dma.o
 .debug_aranges
                0x00000000       0x78 Drivers\STM32L4xx_HAL_Driver\Src\stm32l4xx_hal_dma.o
 .debug_ranges  0x00000000       0xa0 Drivers\STM32L4xx_HAL_Driver\Src\stm32l4xx_hal_dma.o
 .debug_line    0x00000000      0x587 Drivers\STM32L4xx_HAL_Driver\Src\stm32l4xx_hal_dma.o
 .debug_str     0x00000000      0xafb Drivers\STM32L4xx_HAL_Driver\Src\stm32l4xx_hal_dma.o
 .comment       0x00000000       0x7d Drivers\STM32L4xx_HAL_Driver\Src\stm32l4xx_hal_dma.o
 .debug_frame   0x00000000      0x140 Drivers\STM32L4xx_HAL_Driver\Src\stm32l4xx_hal_dma.o
 .ARM.attributes
                0x00000000       0x39 Drivers\STM32L4xx_HAL_Driver\Src\stm32l4xx_hal_dma.o
 .text          0x00000000        0x0 Drivers\STM32L4xx_HAL_Driver\Src\stm32l4xx_hal_dma_ex.o
 .data          0x00000000        0x0 Drivers\STM32L4xx_HAL_Driver\Src\stm32l4xx_hal_dma_ex.o
 .bss           0x00000000        0x0 Drivers\STM32L4xx_HAL_Driver\Src\stm32l4xx_hal_dma_ex.o
 .debug_info    0x00000000      0x94c Drivers\STM32L4xx_HAL_Driver\Src\stm32l4xx_hal_dma_ex.o
 .debug_abbrev  0x00000000      0x15c Drivers\STM32L4xx_HAL_Driver\Src\stm32l4xx_hal_dma_ex.o
 .debug_aranges
                0x00000000       0x18 Drivers\STM32L4xx_HAL_Driver\Src\stm32l4xx_hal_dma_ex.o
 .debug_line    0x00000000      0x203 Drivers\STM32L4xx_HAL_Driver\Src\stm32l4xx_hal_dma_ex.o
 .debug_str     0x00000000      0x679 Drivers\STM32L4xx_HAL_Driver\Src\stm32l4xx_hal_dma_ex.o
 .comment       0x00000000       0x7d Drivers\STM32L4xx_HAL_Driver\Src\stm32l4xx_hal_dma_ex.o
 .ARM.attributes
                0x00000000       0x39 Drivers\STM32L4xx_HAL_Driver\Src\stm32l4xx_hal_dma_ex.o
 .text          0x00000000        0x0 Drivers\STM32L4xx_HAL_Driver\Src\stm32l4xx_hal_flash.o
 .data          0x00000000        0x0 Drivers\STM32L4xx_HAL_Driver\Src\stm32l4xx_hal_flash.o
 .bss           0x00000000        0x0 Drivers\STM32L4xx_HAL_Driver\Src\stm32l4xx_hal_flash.o
 .text.FLASH_SetErrorCode
                0x00000000       0xec Drivers\STM32L4xx_HAL_Driver\Src\stm32l4xx_hal_flash.o
 .text.FLASH_Program_Fast
                0x00000000       0x24 Drivers\STM32L4xx_HAL_Driver\Src\stm32l4xx_hal_flash.o
 .text.HAL_FLASH_Program_IT
                0x00000000       0x74 Drivers\STM32L4xx_HAL_Driver\Src\stm32l4xx_hal_flash.o
 .text.HAL_FLASH_EndOfOperationCallback
                0x00000000        0x2 Drivers\STM32L4xx_HAL_Driver\Src\stm32l4xx_hal_flash.o
 .text.HAL_FLASH_OperationErrorCallback
                0x00000000        0x2 Drivers\STM32L4xx_HAL_Driver\Src\stm32l4xx_hal_flash.o
 .text.HAL_FLASH_IRQHandler
                0x00000000      0x124 Drivers\STM32L4xx_HAL_Driver\Src\stm32l4xx_hal_flash.o
 .text.HAL_FLASH_Unlock
                0x00000000       0x24 Drivers\STM32L4xx_HAL_Driver\Src\stm32l4xx_hal_flash.o
 .text.HAL_FLASH_Lock
                0x00000000       0x14 Drivers\STM32L4xx_HAL_Driver\Src\stm32l4xx_hal_flash.o
 .text.HAL_FLASH_OB_Unlock
                0x00000000       0x24 Drivers\STM32L4xx_HAL_Driver\Src\stm32l4xx_hal_flash.o
 .text.HAL_FLASH_OB_Lock
                0x00000000       0x14 Drivers\STM32L4xx_HAL_Driver\Src\stm32l4xx_hal_flash.o
 .text.HAL_FLASH_GetError
                0x00000000        0xc Drivers\STM32L4xx_HAL_Driver\Src\stm32l4xx_hal_flash.o
 .text.FLASH_WaitForLastOperation
                0x00000000       0x8c Drivers\STM32L4xx_HAL_Driver\Src\stm32l4xx_hal_flash.o
 .text.HAL_FLASH_Program
                0x00000000       0xa0 Drivers\STM32L4xx_HAL_Driver\Src\stm32l4xx_hal_flash.o
 .text.HAL_FLASH_OB_Launch
                0x00000000       0x18 Drivers\STM32L4xx_HAL_Driver\Src\stm32l4xx_hal_flash.o
 .debug_info    0x00000000      0xfb3 Drivers\STM32L4xx_HAL_Driver\Src\stm32l4xx_hal_flash.o
 .debug_abbrev  0x00000000      0x389 Drivers\STM32L4xx_HAL_Driver\Src\stm32l4xx_hal_flash.o
 .debug_loc     0x00000000      0x316 Drivers\STM32L4xx_HAL_Driver\Src\stm32l4xx_hal_flash.o
 .debug_aranges
                0x00000000       0x80 Drivers\STM32L4xx_HAL_Driver\Src\stm32l4xx_hal_flash.o
 .debug_ranges  0x00000000       0x88 Drivers\STM32L4xx_HAL_Driver\Src\stm32l4xx_hal_flash.o
 .debug_line    0x00000000      0x59c Drivers\STM32L4xx_HAL_Driver\Src\stm32l4xx_hal_flash.o
 .debug_str     0x00000000      0xab4 Drivers\STM32L4xx_HAL_Driver\Src\stm32l4xx_hal_flash.o
 .comment       0x00000000       0x7d Drivers\STM32L4xx_HAL_Driver\Src\stm32l4xx_hal_flash.o
 .debug_frame   0x00000000      0x128 Drivers\STM32L4xx_HAL_Driver\Src\stm32l4xx_hal_flash.o
 .ARM.attributes
                0x00000000       0x39 Drivers\STM32L4xx_HAL_Driver\Src\stm32l4xx_hal_flash.o
 COMMON         0x00000000       0x20 Drivers\STM32L4xx_HAL_Driver\Src\stm32l4xx_hal_flash.o
 .text          0x00000000        0x0 Drivers\STM32L4xx_HAL_Driver\Src\stm32l4xx_hal_flash_ex.o
 .data          0x00000000        0x0 Drivers\STM32L4xx_HAL_Driver\Src\stm32l4xx_hal_flash_ex.o
 .bss           0x00000000        0x0 Drivers\STM32L4xx_HAL_Driver\Src\stm32l4xx_hal_flash_ex.o
 .text.FLASH_MassErase
                0x00000000       0x20 Drivers\STM32L4xx_HAL_Driver\Src\stm32l4xx_hal_flash_ex.o
 .text.HAL_FLASHEx_OBProgram
                0x00000000      0x248 Drivers\STM32L4xx_HAL_Driver\Src\stm32l4xx_hal_flash_ex.o
 .text.HAL_FLASHEx_OBGetConfig
                0x00000000       0x90 Drivers\STM32L4xx_HAL_Driver\Src\stm32l4xx_hal_flash_ex.o
 .text.FLASH_PageErase
                0x00000000       0x30 Drivers\STM32L4xx_HAL_Driver\Src\stm32l4xx_hal_flash_ex.o
 .text.HAL_FLASHEx_Erase_IT
                0x00000000       0x90 Drivers\STM32L4xx_HAL_Driver\Src\stm32l4xx_hal_flash_ex.o
 .text.FLASH_FlushCaches
                0x00000000       0x5c Drivers\STM32L4xx_HAL_Driver\Src\stm32l4xx_hal_flash_ex.o
 .text.HAL_FLASHEx_Erase
                0x00000000       0xe4 Drivers\STM32L4xx_HAL_Driver\Src\stm32l4xx_hal_flash_ex.o
 .debug_info    0x00000000     0x1293 Drivers\STM32L4xx_HAL_Driver\Src\stm32l4xx_hal_flash_ex.o
 .debug_abbrev  0x00000000      0x371 Drivers\STM32L4xx_HAL_Driver\Src\stm32l4xx_hal_flash_ex.o
 .debug_loc     0x00000000      0x583 Drivers\STM32L4xx_HAL_Driver\Src\stm32l4xx_hal_flash_ex.o
 .debug_aranges
                0x00000000       0x50 Drivers\STM32L4xx_HAL_Driver\Src\stm32l4xx_hal_flash_ex.o
 .debug_ranges  0x00000000       0xf0 Drivers\STM32L4xx_HAL_Driver\Src\stm32l4xx_hal_flash_ex.o
 .debug_line    0x00000000      0x53b Drivers\STM32L4xx_HAL_Driver\Src\stm32l4xx_hal_flash_ex.o
 .debug_str     0x00000000      0xb37 Drivers\STM32L4xx_HAL_Driver\Src\stm32l4xx_hal_flash_ex.o
 .comment       0x00000000       0x7d Drivers\STM32L4xx_HAL_Driver\Src\stm32l4xx_hal_flash_ex.o
 .debug_frame   0x00000000       0xb0 Drivers\STM32L4xx_HAL_Driver\Src\stm32l4xx_hal_flash_ex.o
 .ARM.attributes
                0x00000000       0x39 Drivers\STM32L4xx_HAL_Driver\Src\stm32l4xx_hal_flash_ex.o
 .text          0x00000000        0x0 Drivers\STM32L4xx_HAL_Driver\Src\stm32l4xx_hal_flash_ramfunc.o
 .data          0x00000000        0x0 Drivers\STM32L4xx_HAL_Driver\Src\stm32l4xx_hal_flash_ramfunc.o
 .bss           0x00000000        0x0 Drivers\STM32L4xx_HAL_Driver\Src\stm32l4xx_hal_flash_ramfunc.o
 .RamFunc       0x00000000       0x48 Drivers\STM32L4xx_HAL_Driver\Src\stm32l4xx_hal_flash_ramfunc.o
 .debug_info    0x00000000      0xb83 Drivers\STM32L4xx_HAL_Driver\Src\stm32l4xx_hal_flash_ramfunc.o
 .debug_abbrev  0x00000000      0x19f Drivers\STM32L4xx_HAL_Driver\Src\stm32l4xx_hal_flash_ramfunc.o
 .debug_aranges
                0x00000000       0x28 Drivers\STM32L4xx_HAL_Driver\Src\stm32l4xx_hal_flash_ramfunc.o
 .debug_ranges  0x00000000       0x18 Drivers\STM32L4xx_HAL_Driver\Src\stm32l4xx_hal_flash_ramfunc.o
 .debug_line    0x00000000      0x2c2 Drivers\STM32L4xx_HAL_Driver\Src\stm32l4xx_hal_flash_ramfunc.o
 .debug_str     0x00000000      0x8e2 Drivers\STM32L4xx_HAL_Driver\Src\stm32l4xx_hal_flash_ramfunc.o
 .comment       0x00000000       0x7d Drivers\STM32L4xx_HAL_Driver\Src\stm32l4xx_hal_flash_ramfunc.o
 .debug_frame   0x00000000       0x30 Drivers\STM32L4xx_HAL_Driver\Src\stm32l4xx_hal_flash_ramfunc.o
 .ARM.attributes
                0x00000000       0x39 Drivers\STM32L4xx_HAL_Driver\Src\stm32l4xx_hal_flash_ramfunc.o
 .text          0x00000000        0x0 Drivers\STM32L4xx_HAL_Driver\Src\stm32l4xx_hal_gpio.o
 .data          0x00000000        0x0 Drivers\STM32L4xx_HAL_Driver\Src\stm32l4xx_hal_gpio.o
 .bss           0x00000000        0x0 Drivers\STM32L4xx_HAL_Driver\Src\stm32l4xx_hal_gpio.o
 .text.HAL_GPIO_Init
                0x00000000      0x168 Drivers\STM32L4xx_HAL_Driver\Src\stm32l4xx_hal_gpio.o
 .text.HAL_GPIO_DeInit
                0x00000000       0xd8 Drivers\STM32L4xx_HAL_Driver\Src\stm32l4xx_hal_gpio.o
 .text.HAL_GPIO_ReadPin
                0x00000000        0xc Drivers\STM32L4xx_HAL_Driver\Src\stm32l4xx_hal_gpio.o
 .text.HAL_GPIO_WritePin
                0x00000000        0xa Drivers\STM32L4xx_HAL_Driver\Src\stm32l4xx_hal_gpio.o
 .text.HAL_GPIO_TogglePin
                0x00000000        0x8 Drivers\STM32L4xx_HAL_Driver\Src\stm32l4xx_hal_gpio.o
 .text.HAL_GPIO_LockPin
                0x00000000       0x2a Drivers\STM32L4xx_HAL_Driver\Src\stm32l4xx_hal_gpio.o
 .text.HAL_GPIO_EXTI_Callback
                0x00000000        0x2 Drivers\STM32L4xx_HAL_Driver\Src\stm32l4xx_hal_gpio.o
 .text.HAL_GPIO_EXTI_IRQHandler
                0x00000000       0x18 Drivers\STM32L4xx_HAL_Driver\Src\stm32l4xx_hal_gpio.o
 .debug_info    0x00000000     0x1081 Drivers\STM32L4xx_HAL_Driver\Src\stm32l4xx_hal_gpio.o
 .debug_abbrev  0x00000000      0x268 Drivers\STM32L4xx_HAL_Driver\Src\stm32l4xx_hal_gpio.o
 .debug_loc     0x00000000      0x2ba Drivers\STM32L4xx_HAL_Driver\Src\stm32l4xx_hal_gpio.o
 .debug_aranges
                0x00000000       0x58 Drivers\STM32L4xx_HAL_Driver\Src\stm32l4xx_hal_gpio.o
 .debug_ranges  0x00000000       0x68 Drivers\STM32L4xx_HAL_Driver\Src\stm32l4xx_hal_gpio.o
 .debug_line    0x00000000      0x455 Drivers\STM32L4xx_HAL_Driver\Src\stm32l4xx_hal_gpio.o
 .debug_str     0x00000000      0x9f6 Drivers\STM32L4xx_HAL_Driver\Src\stm32l4xx_hal_gpio.o
 .comment       0x00000000       0x7d Drivers\STM32L4xx_HAL_Driver\Src\stm32l4xx_hal_gpio.o
 .debug_frame   0x00000000       0xd8 Drivers\STM32L4xx_HAL_Driver\Src\stm32l4xx_hal_gpio.o
 .ARM.attributes
                0x00000000       0x39 Drivers\STM32L4xx_HAL_Driver\Src\stm32l4xx_hal_gpio.o
 .text          0x00000000        0x0 Drivers\STM32L4xx_HAL_Driver\Src\stm32l4xx_hal_i2c.o
 .data          0x00000000        0x0 Drivers\STM32L4xx_HAL_Driver\Src\stm32l4xx_hal_i2c.o
 .bss           0x00000000        0x0 Drivers\STM32L4xx_HAL_Driver\Src\stm32l4xx_hal_i2c.o
 .text.I2C_Flush_TXDR
                0x00000000       0x1c Drivers\STM32L4xx_HAL_Driver\Src\stm32l4xx_hal_i2c.o
 .text.I2C_DMASlaveReceiveCplt
                0x00000000        0x2 Drivers\STM32L4xx_HAL_Driver\Src\stm32l4xx_hal_i2c.o
 .text.I2C_TransferConfig
                0x00000000       0x34 Drivers\STM32L4xx_HAL_Driver\Src\stm32l4xx_hal_i2c.o
 .text.I2C_Enable_IRQ
                0x00000000       0x6c Drivers\STM32L4xx_HAL_Driver\Src\stm32l4xx_hal_i2c.o
 .text.I2C_Disable_IRQ
                0x00000000       0x5c Drivers\STM32L4xx_HAL_Driver\Src\stm32l4xx_hal_i2c.o
 .text.I2C_WaitOnFlagUntilTimeout
                0x00000000       0x4e Drivers\STM32L4xx_HAL_Driver\Src\stm32l4xx_hal_i2c.o
 .text.I2C_DMAMasterTransmitCplt
                0x00000000       0x42 Drivers\STM32L4xx_HAL_Driver\Src\stm32l4xx_hal_i2c.o
 .text.I2C_DMAMasterReceiveCplt
                0x00000000       0x42 Drivers\STM32L4xx_HAL_Driver\Src\stm32l4xx_hal_i2c.o
 .text.I2C_IsAcknowledgeFailed
                0x00000000       0x7a Drivers\STM32L4xx_HAL_Driver\Src\stm32l4xx_hal_i2c.o
 .text.I2C_WaitOnRXNEFlagUntilTimeout
                0x00000000       0x84 Drivers\STM32L4xx_HAL_Driver\Src\stm32l4xx_hal_i2c.o
 .text.I2C_WaitOnTXISFlagUntilTimeout
                0x00000000       0x52 Drivers\STM32L4xx_HAL_Driver\Src\stm32l4xx_hal_i2c.o
 .text.I2C_RequestMemoryWrite
                0x00000000       0x6c Drivers\STM32L4xx_HAL_Driver\Src\stm32l4xx_hal_i2c.o
 .text.I2C_RequestMemoryRead
                0x00000000       0x68 Drivers\STM32L4xx_HAL_Driver\Src\stm32l4xx_hal_i2c.o
 .text.I2C_DMASlaveTransmitCplt
                0x00000000        0x2 Drivers\STM32L4xx_HAL_Driver\Src\stm32l4xx_hal_i2c.o
 .text.I2C_WaitOnSTOPFlagUntilTimeout
                0x00000000       0x4e Drivers\STM32L4xx_HAL_Driver\Src\stm32l4xx_hal_i2c.o
 .text.HAL_I2C_MspInit
                0x00000000        0x2 Drivers\STM32L4xx_HAL_Driver\Src\stm32l4xx_hal_i2c.o
 .text.HAL_I2C_Init
                0x00000000       0xa2 Drivers\STM32L4xx_HAL_Driver\Src\stm32l4xx_hal_i2c.o
 .text.HAL_I2C_MspDeInit
                0x00000000        0x2 Drivers\STM32L4xx_HAL_Driver\Src\stm32l4xx_hal_i2c.o
 .text.HAL_I2C_DeInit
                0x00000000       0x32 Drivers\STM32L4xx_HAL_Driver\Src\stm32l4xx_hal_i2c.o
 .text.HAL_I2C_Master_Transmit
                0x00000000      0x130 Drivers\STM32L4xx_HAL_Driver\Src\stm32l4xx_hal_i2c.o
 .text.HAL_I2C_Master_Receive
                0x00000000      0x130 Drivers\STM32L4xx_HAL_Driver\Src\stm32l4xx_hal_i2c.o
 .text.HAL_I2C_Slave_Transmit
                0x00000000      0x13c Drivers\STM32L4xx_HAL_Driver\Src\stm32l4xx_hal_i2c.o
 .text.HAL_I2C_Slave_Receive
                0x00000000      0x13a Drivers\STM32L4xx_HAL_Driver\Src\stm32l4xx_hal_i2c.o
 .text.HAL_I2C_Master_Transmit_IT
                0x00000000       0x8c Drivers\STM32L4xx_HAL_Driver\Src\stm32l4xx_hal_i2c.o
 .text.HAL_I2C_Master_Receive_IT
                0x00000000       0x8c Drivers\STM32L4xx_HAL_Driver\Src\stm32l4xx_hal_i2c.o
 .text.HAL_I2C_Slave_Transmit_IT
                0x00000000       0x58 Drivers\STM32L4xx_HAL_Driver\Src\stm32l4xx_hal_i2c.o
 .text.HAL_I2C_Slave_Receive_IT
                0x00000000       0x58 Drivers\STM32L4xx_HAL_Driver\Src\stm32l4xx_hal_i2c.o
 .text.HAL_I2C_Master_Transmit_DMA
                0x00000000       0xf8 Drivers\STM32L4xx_HAL_Driver\Src\stm32l4xx_hal_i2c.o
 .text.HAL_I2C_Master_Receive_DMA
                0x00000000       0xf4 Drivers\STM32L4xx_HAL_Driver\Src\stm32l4xx_hal_i2c.o
 .text.HAL_I2C_Slave_Transmit_DMA
                0x00000000       0x98 Drivers\STM32L4xx_HAL_Driver\Src\stm32l4xx_hal_i2c.o
 .text.HAL_I2C_Slave_Receive_DMA
                0x00000000       0x9c Drivers\STM32L4xx_HAL_Driver\Src\stm32l4xx_hal_i2c.o
 .text.HAL_I2C_Mem_Write
                0x00000000      0x170 Drivers\STM32L4xx_HAL_Driver\Src\stm32l4xx_hal_i2c.o
 .text.HAL_I2C_Mem_Read
                0x00000000      0x17c Drivers\STM32L4xx_HAL_Driver\Src\stm32l4xx_hal_i2c.o
 .text.HAL_I2C_Mem_Write_IT
                0x00000000       0xd8 Drivers\STM32L4xx_HAL_Driver\Src\stm32l4xx_hal_i2c.o
 .text.HAL_I2C_Mem_Read_IT
                0x00000000       0xdc Drivers\STM32L4xx_HAL_Driver\Src\stm32l4xx_hal_i2c.o
 .text.HAL_I2C_Mem_Write_DMA
                0x00000000      0x10c Drivers\STM32L4xx_HAL_Driver\Src\stm32l4xx_hal_i2c.o
 .text.HAL_I2C_Mem_Read_DMA
                0x00000000      0x110 Drivers\STM32L4xx_HAL_Driver\Src\stm32l4xx_hal_i2c.o
 .text.HAL_I2C_IsDeviceReady
                0x00000000      0x114 Drivers\STM32L4xx_HAL_Driver\Src\stm32l4xx_hal_i2c.o
 .text.HAL_I2C_Master_Sequential_Transmit_IT
                0x00000000       0x84 Drivers\STM32L4xx_HAL_Driver\Src\stm32l4xx_hal_i2c.o
 .text.HAL_I2C_Master_Sequential_Receive_IT
                0x00000000       0x84 Drivers\STM32L4xx_HAL_Driver\Src\stm32l4xx_hal_i2c.o
 .text.HAL_I2C_Slave_Sequential_Transmit_IT
                0x00000000       0x90 Drivers\STM32L4xx_HAL_Driver\Src\stm32l4xx_hal_i2c.o
 .text.HAL_I2C_Slave_Sequential_Receive_IT
                0x00000000       0x90 Drivers\STM32L4xx_HAL_Driver\Src\stm32l4xx_hal_i2c.o
 .text.HAL_I2C_EnableListen_IT
                0x00000000       0x28 Drivers\STM32L4xx_HAL_Driver\Src\stm32l4xx_hal_i2c.o
 .text.HAL_I2C_DisableListen_IT
                0x00000000       0x36 Drivers\STM32L4xx_HAL_Driver\Src\stm32l4xx_hal_i2c.o
 .text.HAL_I2C_Master_Abort_IT
                0x00000000       0x64 Drivers\STM32L4xx_HAL_Driver\Src\stm32l4xx_hal_i2c.o
 .text.HAL_I2C_EV_IRQHandler
                0x00000000        0xe Drivers\STM32L4xx_HAL_Driver\Src\stm32l4xx_hal_i2c.o
 .text.HAL_I2C_MasterTxCpltCallback
                0x00000000        0x2 Drivers\STM32L4xx_HAL_Driver\Src\stm32l4xx_hal_i2c.o
 .text.HAL_I2C_MasterRxCpltCallback
                0x00000000        0x2 Drivers\STM32L4xx_HAL_Driver\Src\stm32l4xx_hal_i2c.o
 .text.I2C_ITMasterSequentialCplt
                0x00000000       0x4a Drivers\STM32L4xx_HAL_Driver\Src\stm32l4xx_hal_i2c.o
 .text.HAL_I2C_SlaveTxCpltCallback
                0x00000000        0x2 Drivers\STM32L4xx_HAL_Driver\Src\stm32l4xx_hal_i2c.o
 .text.HAL_I2C_SlaveRxCpltCallback
                0x00000000        0x2 Drivers\STM32L4xx_HAL_Driver\Src\stm32l4xx_hal_i2c.o
 .text.I2C_ITSlaveSequentialCplt
                0x00000000       0x52 Drivers\STM32L4xx_HAL_Driver\Src\stm32l4xx_hal_i2c.o
 .text.HAL_I2C_AddrCallback
                0x00000000        0x2 Drivers\STM32L4xx_HAL_Driver\Src\stm32l4xx_hal_i2c.o
 .text.HAL_I2C_ListenCpltCallback
                0x00000000        0x2 Drivers\STM32L4xx_HAL_Driver\Src\stm32l4xx_hal_i2c.o
 .text.I2C_ITListenCplt
                0x00000000       0x60 Drivers\STM32L4xx_HAL_Driver\Src\stm32l4xx_hal_i2c.o
 .text.HAL_I2C_MemTxCpltCallback
                0x00000000        0x2 Drivers\STM32L4xx_HAL_Driver\Src\stm32l4xx_hal_i2c.o
 .text.HAL_I2C_MemRxCpltCallback
                0x00000000        0x2 Drivers\STM32L4xx_HAL_Driver\Src\stm32l4xx_hal_i2c.o
 .text.HAL_I2C_ErrorCallback
                0x00000000        0x2 Drivers\STM32L4xx_HAL_Driver\Src\stm32l4xx_hal_i2c.o
 .text.HAL_I2C_AbortCpltCallback
                0x00000000        0x2 Drivers\STM32L4xx_HAL_Driver\Src\stm32l4xx_hal_i2c.o
 .text.I2C_ITError
                0x00000000       0xe4 Drivers\STM32L4xx_HAL_Driver\Src\stm32l4xx_hal_i2c.o
 .text.I2C_ITSlaveCplt
                0x00000000      0x100 Drivers\STM32L4xx_HAL_Driver\Src\stm32l4xx_hal_i2c.o
 .text.I2C_Slave_ISR_IT
                0x00000000      0x1b0 Drivers\STM32L4xx_HAL_Driver\Src\stm32l4xx_hal_i2c.o
 .text.I2C_Slave_ISR_DMA
                0x00000000       0x6e Drivers\STM32L4xx_HAL_Driver\Src\stm32l4xx_hal_i2c.o
 .text.I2C_ITMasterCplt
                0x00000000       0xb8 Drivers\STM32L4xx_HAL_Driver\Src\stm32l4xx_hal_i2c.o
 .text.I2C_Master_ISR_IT
                0x00000000      0x11e Drivers\STM32L4xx_HAL_Driver\Src\stm32l4xx_hal_i2c.o
 .text.I2C_Master_ISR_DMA
                0x00000000       0xc6 Drivers\STM32L4xx_HAL_Driver\Src\stm32l4xx_hal_i2c.o
 .text.I2C_DMAError
                0x00000000       0x12 Drivers\STM32L4xx_HAL_Driver\Src\stm32l4xx_hal_i2c.o
 .text.HAL_I2C_ER_IRQHandler
                0x00000000       0x62 Drivers\STM32L4xx_HAL_Driver\Src\stm32l4xx_hal_i2c.o
 .text.I2C_DMAAbort
                0x00000000       0x32 Drivers\STM32L4xx_HAL_Driver\Src\stm32l4xx_hal_i2c.o
 .text.HAL_I2C_GetState
                0x00000000        0x6 Drivers\STM32L4xx_HAL_Driver\Src\stm32l4xx_hal_i2c.o
 .text.HAL_I2C_GetMode
                0x00000000        0x6 Drivers\STM32L4xx_HAL_Driver\Src\stm32l4xx_hal_i2c.o
 .text.HAL_I2C_GetError
                0x00000000        0x4 Drivers\STM32L4xx_HAL_Driver\Src\stm32l4xx_hal_i2c.o
 .debug_info    0x00000000     0x3947 Drivers\STM32L4xx_HAL_Driver\Src\stm32l4xx_hal_i2c.o
 .debug_abbrev  0x00000000      0x3b8 Drivers\STM32L4xx_HAL_Driver\Src\stm32l4xx_hal_i2c.o
 .debug_loc     0x00000000     0x30e5 Drivers\STM32L4xx_HAL_Driver\Src\stm32l4xx_hal_i2c.o
 .debug_aranges
                0x00000000      0x200 Drivers\STM32L4xx_HAL_Driver\Src\stm32l4xx_hal_i2c.o
 .debug_ranges  0x00000000      0x268 Drivers\STM32L4xx_HAL_Driver\Src\stm32l4xx_hal_i2c.o
 .debug_line    0x00000000     0x15c0 Drivers\STM32L4xx_HAL_Driver\Src\stm32l4xx_hal_i2c.o
 .debug_str     0x00000000     0x1321 Drivers\STM32L4xx_HAL_Driver\Src\stm32l4xx_hal_i2c.o
 .comment       0x00000000       0x7d Drivers\STM32L4xx_HAL_Driver\Src\stm32l4xx_hal_i2c.o
 .debug_frame   0x00000000      0x804 Drivers\STM32L4xx_HAL_Driver\Src\stm32l4xx_hal_i2c.o
 .ARM.attributes
                0x00000000       0x39 Drivers\STM32L4xx_HAL_Driver\Src\stm32l4xx_hal_i2c.o
 .text          0x00000000        0x0 Drivers\STM32L4xx_HAL_Driver\Src\stm32l4xx_hal_i2c_ex.o
 .data          0x00000000        0x0 Drivers\STM32L4xx_HAL_Driver\Src\stm32l4xx_hal_i2c_ex.o
 .bss           0x00000000        0x0 Drivers\STM32L4xx_HAL_Driver\Src\stm32l4xx_hal_i2c_ex.o
 .text.HAL_I2CEx_ConfigAnalogFilter
                0x00000000       0x4c Drivers\STM32L4xx_HAL_Driver\Src\stm32l4xx_hal_i2c_ex.o
 .text.HAL_I2CEx_ConfigDigitalFilter
                0x00000000       0x4a Drivers\STM32L4xx_HAL_Driver\Src\stm32l4xx_hal_i2c_ex.o
 .text.HAL_I2CEx_EnableWakeUp
                0x00000000       0x44 Drivers\STM32L4xx_HAL_Driver\Src\stm32l4xx_hal_i2c_ex.o
 .text.HAL_I2CEx_DisableWakeUp
                0x00000000       0x44 Drivers\STM32L4xx_HAL_Driver\Src\stm32l4xx_hal_i2c_ex.o
 .text.HAL_I2CEx_EnableFastModePlus
                0x00000000       0x2c Drivers\STM32L4xx_HAL_Driver\Src\stm32l4xx_hal_i2c_ex.o
 .text.HAL_I2CEx_DisableFastModePlus
                0x00000000       0x2c Drivers\STM32L4xx_HAL_Driver\Src\stm32l4xx_hal_i2c_ex.o
 .debug_info    0x00000000     0x1247 Drivers\STM32L4xx_HAL_Driver\Src\stm32l4xx_hal_i2c_ex.o
 .debug_abbrev  0x00000000      0x218 Drivers\STM32L4xx_HAL_Driver\Src\stm32l4xx_hal_i2c_ex.o
 .debug_loc     0x00000000      0x1b8 Drivers\STM32L4xx_HAL_Driver\Src\stm32l4xx_hal_i2c_ex.o
 .debug_aranges
                0x00000000       0x48 Drivers\STM32L4xx_HAL_Driver\Src\stm32l4xx_hal_i2c_ex.o
 .debug_ranges  0x00000000       0x68 Drivers\STM32L4xx_HAL_Driver\Src\stm32l4xx_hal_i2c_ex.o
 .debug_line    0x00000000      0x3f1 Drivers\STM32L4xx_HAL_Driver\Src\stm32l4xx_hal_i2c_ex.o
 .debug_str     0x00000000      0xd9d Drivers\STM32L4xx_HAL_Driver\Src\stm32l4xx_hal_i2c_ex.o
 .comment       0x00000000       0x7d Drivers\STM32L4xx_HAL_Driver\Src\stm32l4xx_hal_i2c_ex.o
 .debug_frame   0x00000000       0x90 Drivers\STM32L4xx_HAL_Driver\Src\stm32l4xx_hal_i2c_ex.o
 .ARM.attributes
                0x00000000       0x39 Drivers\STM32L4xx_HAL_Driver\Src\stm32l4xx_hal_i2c_ex.o
 .text          0x00000000        0x0 Drivers\STM32L4xx_HAL_Driver\Src\stm32l4xx_hal_pwr.o
 .data          0x00000000        0x0 Drivers\STM32L4xx_HAL_Driver\Src\stm32l4xx_hal_pwr.o
 .bss           0x00000000        0x0 Drivers\STM32L4xx_HAL_Driver\Src\stm32l4xx_hal_pwr.o
 .text.HAL_PWR_DeInit
                0x00000000       0x18 Drivers\STM32L4xx_HAL_Driver\Src\stm32l4xx_hal_pwr.o
 .text.HAL_PWR_EnableBkUpAccess
                0x00000000       0x10 Drivers\STM32L4xx_HAL_Driver\Src\stm32l4xx_hal_pwr.o
 .text.HAL_PWR_DisableBkUpAccess
                0x00000000       0x10 Drivers\STM32L4xx_HAL_Driver\Src\stm32l4xx_hal_pwr.o
 .text.HAL_PWR_ConfigPVD
                0x00000000       0x70 Drivers\STM32L4xx_HAL_Driver\Src\stm32l4xx_hal_pwr.o
 .text.HAL_PWR_EnablePVD
                0x00000000       0x10 Drivers\STM32L4xx_HAL_Driver\Src\stm32l4xx_hal_pwr.o
 .text.HAL_PWR_DisablePVD
                0x00000000       0x10 Drivers\STM32L4xx_HAL_Driver\Src\stm32l4xx_hal_pwr.o
 .text.HAL_PWR_EnableWakeUpPin
                0x00000000       0x20 Drivers\STM32L4xx_HAL_Driver\Src\stm32l4xx_hal_pwr.o
 .text.HAL_PWR_DisableWakeUpPin
                0x00000000       0x14 Drivers\STM32L4xx_HAL_Driver\Src\stm32l4xx_hal_pwr.o
 .text.HAL_PWR_EnterSLEEPMode
                0x00000000       0x40 Drivers\STM32L4xx_HAL_Driver\Src\stm32l4xx_hal_pwr.o
 .text.HAL_PWR_EnterSTOPMode
                0x00000000       0x10 Drivers\STM32L4xx_HAL_Driver\Src\stm32l4xx_hal_pwr.o
 .text.HAL_PWR_EnterSTANDBYMode
                0x00000000       0x24 Drivers\STM32L4xx_HAL_Driver\Src\stm32l4xx_hal_pwr.o
 .text.HAL_PWR_EnableSleepOnExit
                0x00000000       0x10 Drivers\STM32L4xx_HAL_Driver\Src\stm32l4xx_hal_pwr.o
 .text.HAL_PWR_DisableSleepOnExit
                0x00000000       0x10 Drivers\STM32L4xx_HAL_Driver\Src\stm32l4xx_hal_pwr.o
 .text.HAL_PWR_EnableSEVOnPend
                0x00000000       0x10 Drivers\STM32L4xx_HAL_Driver\Src\stm32l4xx_hal_pwr.o
 .text.HAL_PWR_DisableSEVOnPend
                0x00000000       0x10 Drivers\STM32L4xx_HAL_Driver\Src\stm32l4xx_hal_pwr.o
 .text.HAL_PWR_PVDCallback
                0x00000000        0x2 Drivers\STM32L4xx_HAL_Driver\Src\stm32l4xx_hal_pwr.o
 .debug_info    0x00000000     0x1210 Drivers\STM32L4xx_HAL_Driver\Src\stm32l4xx_hal_pwr.o
 .debug_abbrev  0x00000000      0x24b Drivers\STM32L4xx_HAL_Driver\Src\stm32l4xx_hal_pwr.o
 .debug_loc     0x00000000      0x132 Drivers\STM32L4xx_HAL_Driver\Src\stm32l4xx_hal_pwr.o
 .debug_aranges
                0x00000000       0x98 Drivers\STM32L4xx_HAL_Driver\Src\stm32l4xx_hal_pwr.o
 .debug_ranges  0x00000000       0x88 Drivers\STM32L4xx_HAL_Driver\Src\stm32l4xx_hal_pwr.o
 .debug_line    0x00000000      0x426 Drivers\STM32L4xx_HAL_Driver\Src\stm32l4xx_hal_pwr.o
 .debug_str     0x00000000      0xb42 Drivers\STM32L4xx_HAL_Driver\Src\stm32l4xx_hal_pwr.o
 .comment       0x00000000       0x7d Drivers\STM32L4xx_HAL_Driver\Src\stm32l4xx_hal_pwr.o
 .debug_frame   0x00000000      0x118 Drivers\STM32L4xx_HAL_Driver\Src\stm32l4xx_hal_pwr.o
 .ARM.attributes
                0x00000000       0x39 Drivers\STM32L4xx_HAL_Driver\Src\stm32l4xx_hal_pwr.o
 .text          0x00000000        0x0 Drivers\STM32L4xx_HAL_Driver\Src\stm32l4xx_hal_pwr_ex.o
 .data          0x00000000        0x0 Drivers\STM32L4xx_HAL_Driver\Src\stm32l4xx_hal_pwr_ex.o
 .bss           0x00000000        0x0 Drivers\STM32L4xx_HAL_Driver\Src\stm32l4xx_hal_pwr_ex.o
 .text.HAL_PWREx_EnableBatteryCharging
                0x00000000       0x1c Drivers\STM32L4xx_HAL_Driver\Src\stm32l4xx_hal_pwr_ex.o
 .text.HAL_PWREx_DisableBatteryCharging
                0x00000000       0x10 Drivers\STM32L4xx_HAL_Driver\Src\stm32l4xx_hal_pwr_ex.o
 .text.HAL_PWREx_EnableVddUSB
                0x00000000       0x10 Drivers\STM32L4xx_HAL_Driver\Src\stm32l4xx_hal_pwr_ex.o
 .text.HAL_PWREx_DisableVddUSB
                0x00000000       0x10 Drivers\STM32L4xx_HAL_Driver\Src\stm32l4xx_hal_pwr_ex.o
 .text.HAL_PWREx_EnableInternalWakeUpLine
                0x00000000       0x10 Drivers\STM32L4xx_HAL_Driver\Src\stm32l4xx_hal_pwr_ex.o
 .text.HAL_PWREx_DisableInternalWakeUpLine
                0x00000000       0x10 Drivers\STM32L4xx_HAL_Driver\Src\stm32l4xx_hal_pwr_ex.o
 .text.HAL_PWREx_EnableGPIOPullUp
                0x00000000       0x74 Drivers\STM32L4xx_HAL_Driver\Src\stm32l4xx_hal_pwr_ex.o
 .text.HAL_PWREx_DisableGPIOPullUp
                0x00000000       0x54 Drivers\STM32L4xx_HAL_Driver\Src\stm32l4xx_hal_pwr_ex.o
 .text.HAL_PWREx_EnableGPIOPullDown
                0x00000000       0x74 Drivers\STM32L4xx_HAL_Driver\Src\stm32l4xx_hal_pwr_ex.o
 .text.HAL_PWREx_DisableGPIOPullDown
                0x00000000       0x58 Drivers\STM32L4xx_HAL_Driver\Src\stm32l4xx_hal_pwr_ex.o
 .text.HAL_PWREx_EnablePullUpPullDownConfig
                0x00000000       0x10 Drivers\STM32L4xx_HAL_Driver\Src\stm32l4xx_hal_pwr_ex.o
 .text.HAL_PWREx_DisablePullUpPullDownConfig
                0x00000000       0x10 Drivers\STM32L4xx_HAL_Driver\Src\stm32l4xx_hal_pwr_ex.o
 .text.HAL_PWREx_EnableSRAM2ContentRetention
                0x00000000       0x10 Drivers\STM32L4xx_HAL_Driver\Src\stm32l4xx_hal_pwr_ex.o
 .text.HAL_PWREx_DisableSRAM2ContentRetention
                0x00000000       0x10 Drivers\STM32L4xx_HAL_Driver\Src\stm32l4xx_hal_pwr_ex.o
 .text.HAL_PWREx_EnablePVM3
                0x00000000       0x10 Drivers\STM32L4xx_HAL_Driver\Src\stm32l4xx_hal_pwr_ex.o
 .text.HAL_PWREx_DisablePVM3
                0x00000000       0x10 Drivers\STM32L4xx_HAL_Driver\Src\stm32l4xx_hal_pwr_ex.o
 .text.HAL_PWREx_EnablePVM4
                0x00000000       0x10 Drivers\STM32L4xx_HAL_Driver\Src\stm32l4xx_hal_pwr_ex.o
 .text.HAL_PWREx_DisablePVM4
                0x00000000       0x10 Drivers\STM32L4xx_HAL_Driver\Src\stm32l4xx_hal_pwr_ex.o
 .text.HAL_PWREx_ConfigPVM
                0x00000000       0xc0 Drivers\STM32L4xx_HAL_Driver\Src\stm32l4xx_hal_pwr_ex.o
 .text.HAL_PWREx_EnableLowPowerRunMode
                0x00000000       0x10 Drivers\STM32L4xx_HAL_Driver\Src\stm32l4xx_hal_pwr_ex.o
 .text.HAL_PWREx_DisableLowPowerRunMode
                0x00000000       0x40 Drivers\STM32L4xx_HAL_Driver\Src\stm32l4xx_hal_pwr_ex.o
 .text.HAL_PWREx_EnterSTOP0Mode
                0x00000000       0x34 Drivers\STM32L4xx_HAL_Driver\Src\stm32l4xx_hal_pwr_ex.o
 .text.HAL_PWREx_EnterSTOP1Mode
                0x00000000       0x38 Drivers\STM32L4xx_HAL_Driver\Src\stm32l4xx_hal_pwr_ex.o
 .text.HAL_PWREx_EnterSTOP2Mode
                0x00000000       0x38 Drivers\STM32L4xx_HAL_Driver\Src\stm32l4xx_hal_pwr_ex.o
 .text.HAL_PWREx_EnterSHUTDOWNMode
                0x00000000       0x24 Drivers\STM32L4xx_HAL_Driver\Src\stm32l4xx_hal_pwr_ex.o
 .text.HAL_PWREx_PVM3Callback
                0x00000000        0x2 Drivers\STM32L4xx_HAL_Driver\Src\stm32l4xx_hal_pwr_ex.o
 .text.HAL_PWREx_PVM4Callback
                0x00000000        0x2 Drivers\STM32L4xx_HAL_Driver\Src\stm32l4xx_hal_pwr_ex.o
 .text.HAL_PWREx_PVD_PVM_IRQHandler
                0x00000000       0x38 Drivers\STM32L4xx_HAL_Driver\Src\stm32l4xx_hal_pwr_ex.o
 .text          0x00000000        0x0 Drivers\STM32L4xx_HAL_Driver\Src\stm32l4xx_hal_rcc.o
 .data          0x00000000        0x0 Drivers\STM32L4xx_HAL_Driver\Src\stm32l4xx_hal_rcc.o
 .bss           0x00000000        0x0 Drivers\STM32L4xx_HAL_Driver\Src\stm32l4xx_hal_rcc.o
 .text.HAL_RCC_DeInit
                0x00000000       0xd0 Drivers\STM32L4xx_HAL_Driver\Src\stm32l4xx_hal_rcc.o
 .text.HAL_RCC_MCOConfig
                0x00000000       0x4c Drivers\STM32L4xx_HAL_Driver\Src\stm32l4xx_hal_rcc.o
 .text.HAL_RCC_GetPCLK1Freq
                0x00000000       0x20 Drivers\STM32L4xx_HAL_Driver\Src\stm32l4xx_hal_rcc.o
 .text.HAL_RCC_GetPCLK2Freq
                0x00000000       0x20 Drivers\STM32L4xx_HAL_Driver\Src\stm32l4xx_hal_rcc.o
 .text.HAL_RCC_GetOscConfig
                0x00000000       0xd4 Drivers\STM32L4xx_HAL_Driver\Src\stm32l4xx_hal_rcc.o
 .text.HAL_RCC_GetClockConfig
                0x00000000       0x3c Drivers\STM32L4xx_HAL_Driver\Src\stm32l4xx_hal_rcc.o
 .text.HAL_RCC_EnableCSS
                0x00000000       0x10 Drivers\STM32L4xx_HAL_Driver\Src\stm32l4xx_hal_rcc.o
 .text.HAL_RCC_CSSCallback
                0x00000000        0x2 Drivers\STM32L4xx_HAL_Driver\Src\stm32l4xx_hal_rcc.o
 .text.HAL_RCC_NMI_IRQHandler
                0x00000000       0x1c Drivers\STM32L4xx_HAL_Driver\Src\stm32l4xx_hal_rcc.o
 .text          0x00000000        0x0 Drivers\STM32L4xx_HAL_Driver\Src\stm32l4xx_hal_rcc_ex.o
 .data          0x00000000        0x0 Drivers\STM32L4xx_HAL_Driver\Src\stm32l4xx_hal_rcc_ex.o
 .bss           0x00000000        0x0 Drivers\STM32L4xx_HAL_Driver\Src\stm32l4xx_hal_rcc_ex.o
 .text.RCCEx_PLLSAI1_Config
                0x00000000      0x118 Drivers\STM32L4xx_HAL_Driver\Src\stm32l4xx_hal_rcc_ex.o
 .text.HAL_RCCEx_PeriphCLKConfig
                0x00000000      0x284 Drivers\STM32L4xx_HAL_Driver\Src\stm32l4xx_hal_rcc_ex.o
 .text.HAL_RCCEx_GetPeriphCLKConfig
                0x00000000       0xd0 Drivers\STM32L4xx_HAL_Driver\Src\stm32l4xx_hal_rcc_ex.o
 .text.HAL_RCCEx_GetPeriphCLKFreq
                0x00000000      0x33c Drivers\STM32L4xx_HAL_Driver\Src\stm32l4xx_hal_rcc_ex.o
 .text.HAL_RCCEx_EnablePLLSAI1
                0x00000000       0x78 Drivers\STM32L4xx_HAL_Driver\Src\stm32l4xx_hal_rcc_ex.o
 .text.HAL_RCCEx_DisablePLLSAI1
                0x00000000       0x48 Drivers\STM32L4xx_HAL_Driver\Src\stm32l4xx_hal_rcc_ex.o
 .text.HAL_RCCEx_WakeUpStopCLKConfig
                0x00000000       0x14 Drivers\STM32L4xx_HAL_Driver\Src\stm32l4xx_hal_rcc_ex.o
 .text.HAL_RCCEx_StandbyMSIRangeConfig
                0x00000000       0x18 Drivers\STM32L4xx_HAL_Driver\Src\stm32l4xx_hal_rcc_ex.o
 .text.HAL_RCCEx_EnableLSECSS
                0x00000000       0x14 Drivers\STM32L4xx_HAL_Driver\Src\stm32l4xx_hal_rcc_ex.o
 .text.HAL_RCCEx_DisableLSECSS
                0x00000000       0x1c Drivers\STM32L4xx_HAL_Driver\Src\stm32l4xx_hal_rcc_ex.o
 .text.HAL_RCCEx_EnableLSECSS_IT
                0x00000000       0x30 Drivers\STM32L4xx_HAL_Driver\Src\stm32l4xx_hal_rcc_ex.o
 .text.HAL_RCCEx_LSECSS_Callback
                0x00000000        0x2 Drivers\STM32L4xx_HAL_Driver\Src\stm32l4xx_hal_rcc_ex.o
 .text.HAL_RCCEx_LSECSS_IRQHandler
                0x00000000       0x1c Drivers\STM32L4xx_HAL_Driver\Src\stm32l4xx_hal_rcc_ex.o
 .text.HAL_RCCEx_EnableLSCO
                0x00000000       0x90 Drivers\STM32L4xx_HAL_Driver\Src\stm32l4xx_hal_rcc_ex.o
 .text.HAL_RCCEx_DisableLSCO
                0x00000000       0x5c Drivers\STM32L4xx_HAL_Driver\Src\stm32l4xx_hal_rcc_ex.o
 .text.HAL_RCCEx_EnableMSIPLLMode
                0x00000000       0x10 Drivers\STM32L4xx_HAL_Driver\Src\stm32l4xx_hal_rcc_ex.o
 .text.HAL_RCCEx_DisableMSIPLLMode
                0x00000000       0x10 Drivers\STM32L4xx_HAL_Driver\Src\stm32l4xx_hal_rcc_ex.o
 .text.HAL_RCCEx_CRSConfig
                0x00000000       0x4c Drivers\STM32L4xx_HAL_Driver\Src\stm32l4xx_hal_rcc_ex.o
 .text.HAL_RCCEx_CRSSoftwareSynchronizationGenerate
                0x00000000       0x10 Drivers\STM32L4xx_HAL_Driver\Src\stm32l4xx_hal_rcc_ex.o
 .text.HAL_RCCEx_CRSGetSynchronizationInfo
                0x00000000       0x24 Drivers\STM32L4xx_HAL_Driver\Src\stm32l4xx_hal_rcc_ex.o
 .text.HAL_RCCEx_CRSWaitSynchronization
                0x00000000       0x98 Drivers\STM32L4xx_HAL_Driver\Src\stm32l4xx_hal_rcc_ex.o
 .text.HAL_RCCEx_CRS_SyncOkCallback
                0x00000000        0x2 Drivers\STM32L4xx_HAL_Driver\Src\stm32l4xx_hal_rcc_ex.o
 .text.HAL_RCCEx_CRS_SyncWarnCallback
                0x00000000        0x2 Drivers\STM32L4xx_HAL_Driver\Src\stm32l4xx_hal_rcc_ex.o
 .text.HAL_RCCEx_CRS_ExpectedSyncCallback
                0x00000000        0x2 Drivers\STM32L4xx_HAL_Driver\Src\stm32l4xx_hal_rcc_ex.o
 .text.HAL_RCCEx_CRS_ErrorCallback
                0x00000000        0x2 Drivers\STM32L4xx_HAL_Driver\Src\stm32l4xx_hal_rcc_ex.o
 .text.HAL_RCCEx_CRS_IRQHandler
                0x00000000       0x7c Drivers\STM32L4xx_HAL_Driver\Src\stm32l4xx_hal_rcc_ex.o
 .debug_info    0x00000000     0x17fa Drivers\STM32L4xx_HAL_Driver\Src\stm32l4xx_hal_rcc_ex.o
 .debug_abbrev  0x00000000      0x31c Drivers\STM32L4xx_HAL_Driver\Src\stm32l4xx_hal_rcc_ex.o
 .debug_loc     0x00000000      0xb08 Drivers\STM32L4xx_HAL_Driver\Src\stm32l4xx_hal_rcc_ex.o
 .debug_aranges
                0x00000000       0xd0 Drivers\STM32L4xx_HAL_Driver\Src\stm32l4xx_hal_rcc_ex.o
 .debug_ranges  0x00000000       0xf8 Drivers\STM32L4xx_HAL_Driver\Src\stm32l4xx_hal_rcc_ex.o
 .debug_line    0x00000000      0x789 Drivers\STM32L4xx_HAL_Driver\Src\stm32l4xx_hal_rcc_ex.o
 .debug_str     0x00000000      0xfcb Drivers\STM32L4xx_HAL_Driver\Src\stm32l4xx_hal_rcc_ex.o
 .comment       0x00000000       0x7d Drivers\STM32L4xx_HAL_Driver\Src\stm32l4xx_hal_rcc_ex.o
 .debug_frame   0x00000000      0x238 Drivers\STM32L4xx_HAL_Driver\Src\stm32l4xx_hal_rcc_ex.o
 .ARM.attributes
                0x00000000       0x39 Drivers\STM32L4xx_HAL_Driver\Src\stm32l4xx_hal_rcc_ex.o
 .text          0x00000000        0x0 Drivers\STM32L4xx_HAL_Driver\Src\stm32l4xx_hal_tim.o
 .data          0x00000000        0x0 Drivers\STM32L4xx_HAL_Driver\Src\stm32l4xx_hal_tim.o
 .bss           0x00000000        0x0 Drivers\STM32L4xx_HAL_Driver\Src\stm32l4xx_hal_tim.o
 .debug_info    0x00000000      0x94c Drivers\STM32L4xx_HAL_Driver\Src\stm32l4xx_hal_tim.o
 .debug_abbrev  0x00000000      0x15c Drivers\STM32L4xx_HAL_Driver\Src\stm32l4xx_hal_tim.o
 .debug_aranges
                0x00000000       0x18 Drivers\STM32L4xx_HAL_Driver\Src\stm32l4xx_hal_tim.o
 .debug_line    0x00000000      0x203 Drivers\STM32L4xx_HAL_Driver\Src\stm32l4xx_hal_tim.o
 .debug_str     0x00000000      0x676 Drivers\STM32L4xx_HAL_Driver\Src\stm32l4xx_hal_tim.o
 .comment       0x00000000       0x7d Drivers\STM32L4xx_HAL_Driver\Src\stm32l4xx_hal_tim.o
 .ARM.attributes
                0x00000000       0x39 Drivers\STM32L4xx_HAL_Driver\Src\stm32l4xx_hal_tim.o
 .text          0x00000000        0x0 Drivers\STM32L4xx_HAL_Driver\Src\stm32l4xx_hal_tim_ex.o
 .data          0x00000000        0x0 Drivers\STM32L4xx_HAL_Driver\Src\stm32l4xx_hal_tim_ex.o
 .bss           0x00000000        0x0 Drivers\STM32L4xx_HAL_Driver\Src\stm32l4xx_hal_tim_ex.o
 .debug_info    0x00000000      0x94c Drivers\STM32L4xx_HAL_Driver\Src\stm32l4xx_hal_tim_ex.o
 .debug_abbrev  0x00000000      0x15c Drivers\STM32L4xx_HAL_Driver\Src\stm32l4xx_hal_tim_ex.o
 .debug_aranges
                0x00000000       0x18 Drivers\STM32L4xx_HAL_Driver\Src\stm32l4xx_hal_tim_ex.o
 .debug_line    0x00000000      0x203 Drivers\STM32L4xx_HAL_Driver\Src\stm32l4xx_hal_tim_ex.o
 .debug_str     0x00000000      0x679 Drivers\STM32L4xx_HAL_Driver\Src\stm32l4xx_hal_tim_ex.o
 .comment       0x00000000       0x7d Drivers\STM32L4xx_HAL_Driver\Src\stm32l4xx_hal_tim_ex.o
 .ARM.attributes
                0x00000000       0x39 Drivers\STM32L4xx_HAL_Driver\Src\stm32l4xx_hal_tim_ex.o
 .text          0x00000000        0x0 Src\adc1.o
 .data          0x00000000        0x0 Src\adc1.o
 .bss           0x00000000        0x0 Src\adc1.o
 .text          0x00000000        0x0 Src\dac.o
 .data          0x00000000        0x0 Src\dac.o
 .bss           0x00000000        0x0 Src\dac.o
 .text          0x00000000        0x0 Src\lptim1.o
 .data          0x00000000        0x0 Src\lptim1.o
 .bss           0x00000000        0x0 Src\lptim1.o
 .text          0x00000000        0x0 Src\main.o
 .data          0x00000000        0x0 Src\main.o
 .bss           0x00000000        0x0 Src\main.o
 .text._Error_Handler
                0x00000000        0x2 Src\main.o
 COMMON         0x00000000        0x1 Src\main.o
 .text          0x00000000        0x0 Src\opamp.o
 .data          0x00000000        0x0 Src\opamp.o
 .bss           0x00000000        0x0 Src\opamp.o
 .text.opamp_enable
                0x00000000       0x34 Src\opamp.o
 .debug_info    0x00000000      0xbb7 Src\opamp.o
 .debug_abbrev  0x00000000      0x185 Src\opamp.o
 .debug_aranges
                0x00000000       0x20 Src\opamp.o
 .debug_ranges  0x00000000       0x10 Src\opamp.o
 .debug_line    0x00000000      0x23a Src\opamp.o
 .debug_str     0x00000000      0x7ba Src\opamp.o
 .comment       0x00000000       0x7d Src\opamp.o
 .debug_frame   0x00000000       0x20 Src\opamp.o
 .ARM.attributes
                0x00000000       0x39 Src\opamp.o
 .text          0x00000000        0x0 Src\stm32l4xx_hal_msp.o
 .data          0x00000000        0x0 Src\stm32l4xx_hal_msp.o
 .bss           0x00000000        0x0 Src\stm32l4xx_hal_msp.o
 .text          0x00000000        0x0 Src\stm32l4xx_it.o
 .data          0x00000000        0x0 Src\stm32l4xx_it.o
 .bss           0x00000000        0x0 Src\stm32l4xx_it.o
 .bss.ff        0x00000000        0x1 Src\stm32l4xx_it.o
 .rodata.div    0x00000000        0x2 Src\stm32l4xx_it.o
 .text          0x00000000        0x0 Src\system.o
 .data          0x00000000        0x0 Src\system.o
 .bss           0x00000000        0x0 Src\system.o
 .text.num_to_string
                0x00000000       0x34 Src\system.o
 .text.driveA   0x00000000       0x1c Src\system.o
 .text.sendcp   0x00000000       0x48 Src\system.o
 .data.cp1      0x00000000       0x21 Src\system.o
 .data.cp2      0x00000000       0x21 Src\system.o
 .data.cp3      0x00000000       0x21 Src\system.o
 .data.cp4      0x00000000       0x21 Src\system.o
 .data.dcbase   0x00000000       0x21 Src\system.o
 .text          0x00000000        0x0 Src\system_stm32l4xx.o
 .data          0x00000000        0x0 Src\system_stm32l4xx.o
 .bss           0x00000000        0x0 Src\system_stm32l4xx.o
 .text.SystemCoreClockUpdate
                0x00000000       0xb4 Src\system_stm32l4xx.o
 .rodata.APBPrescTable
                0x00000000        0x8 Src\system_stm32l4xx.o
 .text          0x00000000        0x0 Src\tim1.o
 .data          0x00000000        0x0 Src\tim1.o
 .bss           0x00000000        0x0 Src\tim1.o
 .text.dc_check
                0x00000000        0xc Src\tim1.o
 .text          0x00000000        0x0 Src\uart1.o
 .data          0x00000000        0x0 Src\uart1.o
 .bss           0x00000000        0x0 Src\uart1.o
 .text          0x00000000       0x14 startup\startup_stm32l432xx.o
 .data          0x00000000        0x0 startup\startup_stm32l432xx.o
 .bss           0x00000000        0x0 startup\startup_stm32l432xx.o
 .text          0x00000000        0x0 c:/program files (x86)/atollic/truestudio for stm32 9.0.1/armtools/bin/../lib/gcc/arm-atollic-eabi/6.3.1/../../../../arm-atollic-eabi/lib/armv7e-m/fpu\libc_nano.a(lib_a-init.o)
 .data          0x00000000        0x0 c:/program files (x86)/atollic/truestudio for stm32 9.0.1/armtools/bin/../lib/gcc/arm-atollic-eabi/6.3.1/../../../../arm-atollic-eabi/lib/armv7e-m/fpu\libc_nano.a(lib_a-init.o)
 .bss           0x00000000        0x0 c:/program files (x86)/atollic/truestudio for stm32 9.0.1/armtools/bin/../lib/gcc/arm-atollic-eabi/6.3.1/../../../../arm-atollic-eabi/lib/armv7e-m/fpu\libc_nano.a(lib_a-init.o)
 .text          0x00000000        0x0 c:/program files (x86)/atollic/truestudio for stm32 9.0.1/armtools/bin/../lib/gcc/arm-atollic-eabi/6.3.1/armv7e-m/fpu/crtend.o
 .data          0x00000000        0x0 c:/program files (x86)/atollic/truestudio for stm32 9.0.1/armtools/bin/../lib/gcc/arm-atollic-eabi/6.3.1/armv7e-m/fpu/crtend.o
 .bss           0x00000000        0x0 c:/program files (x86)/atollic/truestudio for stm32 9.0.1/armtools/bin/../lib/gcc/arm-atollic-eabi/6.3.1/armv7e-m/fpu/crtend.o
 .eh_frame      0x00000000        0x4 c:/program files (x86)/atollic/truestudio for stm32 9.0.1/armtools/bin/../lib/gcc/arm-atollic-eabi/6.3.1/armv7e-m/fpu/crtend.o
 .ARM.attributes
                0x00000000       0x34 c:/program files (x86)/atollic/truestudio for stm32 9.0.1/armtools/bin/../lib/gcc/arm-atollic-eabi/6.3.1/armv7e-m/fpu/crtend.o
 .text          0x00000000        0x0 c:/program files (x86)/atollic/truestudio for stm32 9.0.1/armtools/bin/../lib/gcc/arm-atollic-eabi/6.3.1/armv7e-m/fpu/crtn.o
 .data          0x00000000        0x0 c:/program files (x86)/atollic/truestudio for stm32 9.0.1/armtools/bin/../lib/gcc/arm-atollic-eabi/6.3.1/armv7e-m/fpu/crtn.o
 .bss           0x00000000        0x0 c:/program files (x86)/atollic/truestudio for stm32 9.0.1/armtools/bin/../lib/gcc/arm-atollic-eabi/6.3.1/armv7e-m/fpu/crtn.o

Memory Configuration

Name             Origin             Length             Attributes
RAM              0x20000000         0x00010000         xrw
FLASH            0x08000000         0x00040000         xr
*default*        0x00000000         0xffffffff

Linker script and memory map

LOAD c:/program files (x86)/atollic/truestudio for stm32 9.0.1/armtools/bin/../lib/gcc/arm-atollic-eabi/6.3.1/armv7e-m/fpu/crti.o
LOAD c:/program files (x86)/atollic/truestudio for stm32 9.0.1/armtools/bin/../lib/gcc/arm-atollic-eabi/6.3.1/armv7e-m/fpu/crtbegin.o
LOAD Drivers\STM32L4xx_HAL_Driver\Src\stm32l4xx_hal.o
LOAD Drivers\STM32L4xx_HAL_Driver\Src\stm32l4xx_hal_cortex.o
LOAD Drivers\STM32L4xx_HAL_Driver\Src\stm32l4xx_hal_dma.o
LOAD Drivers\STM32L4xx_HAL_Driver\Src\stm32l4xx_hal_dma_ex.o
LOAD Drivers\STM32L4xx_HAL_Driver\Src\stm32l4xx_hal_flash.o
LOAD Drivers\STM32L4xx_HAL_Driver\Src\stm32l4xx_hal_flash_ex.o
LOAD Drivers\STM32L4xx_HAL_Driver\Src\stm32l4xx_hal_flash_ramfunc.o
LOAD Drivers\STM32L4xx_HAL_Driver\Src\stm32l4xx_hal_gpio.o
LOAD Drivers\STM32L4xx_HAL_Driver\Src\stm32l4xx_hal_i2c.o
LOAD Drivers\STM32L4xx_HAL_Driver\Src\stm32l4xx_hal_i2c_ex.o
LOAD Drivers\STM32L4xx_HAL_Driver\Src\stm32l4xx_hal_pwr.o
LOAD Drivers\STM32L4xx_HAL_Driver\Src\stm32l4xx_hal_pwr_ex.o
LOAD Drivers\STM32L4xx_HAL_Driver\Src\stm32l4xx_hal_rcc.o
LOAD Drivers\STM32L4xx_HAL_Driver\Src\stm32l4xx_hal_rcc_ex.o
LOAD Drivers\STM32L4xx_HAL_Driver\Src\stm32l4xx_hal_tim.o
LOAD Drivers\STM32L4xx_HAL_Driver\Src\stm32l4xx_hal_tim_ex.o
LOAD Src\adc1.o
LOAD Src\dac.o
LOAD Src\lptim1.o
LOAD Src\main.o
LOAD Src\opamp.o
LOAD Src\stm32l4xx_hal_msp.o
LOAD Src\stm32l4xx_it.o
LOAD Src\system.o
LOAD Src\system_stm32l4xx.o
LOAD Src\tim1.o
LOAD Src\uart1.o
LOAD startup\startup_stm32l432xx.o
                0x00000080                malloc_getpagesize_P = 0x80
START GROUP
LOAD c:/program files (x86)/atollic/truestudio for stm32 9.0.1/armtools/bin/../lib/gcc/arm-atollic-eabi/6.3.1/../../../../arm-atollic-eabi/lib/armv7e-m/fpu\libc_nano.a
LOAD c:/program files (x86)/atollic/truestudio for stm32 9.0.1/armtools/bin/../lib/gcc/arm-atollic-eabi/6.3.1/../../../../arm-atollic-eabi/lib/armv7e-m/fpu\libm.a
END GROUP
START GROUP
LOAD c:/program files (x86)/atollic/truestudio for stm32 9.0.1/armtools/bin/../lib/gcc/arm-atollic-eabi/6.3.1/armv7e-m/fpu\libgcc.a
LOAD c:/program files (x86)/atollic/truestudio for stm32 9.0.1/armtools/bin/../lib/gcc/arm-atollic-eabi/6.3.1/../../../../arm-atollic-eabi/lib/armv7e-m/fpu\libc_nano.a
END GROUP
START GROUP
LOAD c:/program files (x86)/atollic/truestudio for stm32 9.0.1/armtools/bin/../lib/gcc/arm-atollic-eabi/6.3.1/armv7e-m/fpu\libgcc.a
LOAD c:/program files (x86)/atollic/truestudio for stm32 9.0.1/armtools/bin/../lib/gcc/arm-atollic-eabi/6.3.1/../../../../arm-atollic-eabi/lib/armv7e-m/fpu\libc_nano.a
LOAD c:/program files (x86)/atollic/truestudio for stm32 9.0.1/armtools/bin/../lib/gcc/arm-atollic-eabi/6.3.1/../../../../arm-atollic-eabi/lib/armv7e-m/fpu\libnosys.a
END GROUP
START GROUP
LOAD c:/program files (x86)/atollic/truestudio for stm32 9.0.1/armtools/bin/../lib/gcc/arm-atollic-eabi/6.3.1/armv7e-m/fpu\libgcc.a
LOAD c:/program files (x86)/atollic/truestudio for stm32 9.0.1/armtools/bin/../lib/gcc/arm-atollic-eabi/6.3.1/../../../../arm-atollic-eabi/lib/armv7e-m/fpu\libc_nano.a
LOAD c:/program files (x86)/atollic/truestudio for stm32 9.0.1/armtools/bin/../lib/gcc/arm-atollic-eabi/6.3.1/../../../../arm-atollic-eabi/lib/armv7e-m/fpu\libnosys.a
END GROUP
LOAD c:/program files (x86)/atollic/truestudio for stm32 9.0.1/armtools/bin/../lib/gcc/arm-atollic-eabi/6.3.1/armv7e-m/fpu/crtend.o
LOAD c:/program files (x86)/atollic/truestudio for stm32 9.0.1/armtools/bin/../lib/gcc/arm-atollic-eabi/6.3.1/armv7e-m/fpu/crtn.o
                0x20010000                _estack = 0x20010000
                0x00000200                _Min_Heap_Size = 0x200
                0x00000400                _Min_Stack_Size = 0x400

.isr_vector     0x08000000      0x18c
                0x08000000                . = ALIGN (0x4)
 *(.isr_vector)
 .isr_vector    0x08000000      0x18c startup\startup_stm32l432xx.o
                0x08000000                g_pfnVectors
                0x0800018c                . = ALIGN (0x4)

.text           0x0800018c     0x2154
                0x0800018c                . = ALIGN (0x4)
 *(.text)
 .text          0x0800018c       0x40 c:/program files (x86)/atollic/truestudio for stm32 9.0.1/armtools/bin/../lib/gcc/arm-atollic-eabi/6.3.1/armv7e-m/fpu/crtbegin.o
 *(.text*)
 .text.HAL_InitTick
                0x080001cc       0x28 Drivers\STM32L4xx_HAL_Driver\Src\stm32l4xx_hal.o
                0x080001cc                HAL_InitTick
 .text.HAL_Init
                0x080001f4       0x16 Drivers\STM32L4xx_HAL_Driver\Src\stm32l4xx_hal.o
                0x080001f4                HAL_Init
 *fill*         0x0800020a        0x2 
 .text.HAL_IncTick
                0x0800020c       0x10 Drivers\STM32L4xx_HAL_Driver\Src\stm32l4xx_hal.o
                0x0800020c                HAL_IncTick
 .text.HAL_GetTick
                0x0800021c        0xc Drivers\STM32L4xx_HAL_Driver\Src\stm32l4xx_hal.o
                0x0800021c                HAL_GetTick
 .text.HAL_NVIC_SetPriorityGrouping
                0x08000228       0x24 Drivers\STM32L4xx_HAL_Driver\Src\stm32l4xx_hal_cortex.o
                0x08000228                HAL_NVIC_SetPriorityGrouping
 .text.HAL_NVIC_SetPriority
                0x0800024c       0x68 Drivers\STM32L4xx_HAL_Driver\Src\stm32l4xx_hal_cortex.o
                0x0800024c                HAL_NVIC_SetPriority
 .text.HAL_SYSTICK_Config
                0x080002b4       0x2c Drivers\STM32L4xx_HAL_Driver\Src\stm32l4xx_hal_cortex.o
                0x080002b4                HAL_SYSTICK_Config
 .text.HAL_SYSTICK_CLKSourceConfig
                0x080002e0       0x18 Drivers\STM32L4xx_HAL_Driver\Src\stm32l4xx_hal_cortex.o
                0x080002e0                HAL_SYSTICK_CLKSourceConfig
 .text.HAL_SYSTICK_Callback
                0x080002f8        0x2 Drivers\STM32L4xx_HAL_Driver\Src\stm32l4xx_hal_cortex.o
                0x080002f8                HAL_SYSTICK_Callback
 .text.HAL_SYSTICK_IRQHandler
                0x080002fa        0x8 Drivers\STM32L4xx_HAL_Driver\Src\stm32l4xx_hal_cortex.o
                0x080002fa                HAL_SYSTICK_IRQHandler
 *fill*         0x08000302        0x2 
 .text.HAL_PWREx_GetVoltageRange
                0x08000304       0x10 Drivers\STM32L4xx_HAL_Driver\Src\stm32l4xx_hal_pwr_ex.o
                0x08000304                HAL_PWREx_GetVoltageRange
 .text.HAL_PWREx_ControlVoltageScaling
                0x08000314       0x68 Drivers\STM32L4xx_HAL_Driver\Src\stm32l4xx_hal_pwr_ex.o
                0x08000314                HAL_PWREx_ControlVoltageScaling
 .text.RCC_SetFlashLatencyFromMSIRange
                0x0800037c       0x84 Drivers\STM32L4xx_HAL_Driver\Src\stm32l4xx_hal_rcc.o
 .text.HAL_RCC_GetSysClockFreq
                0x08000400       0xd0 Drivers\STM32L4xx_HAL_Driver\Src\stm32l4xx_hal_rcc.o
                0x08000400                HAL_RCC_GetSysClockFreq
 .text.HAL_RCC_OscConfig
                0x080004d0      0x4b8 Drivers\STM32L4xx_HAL_Driver\Src\stm32l4xx_hal_rcc.o
                0x080004d0                HAL_RCC_OscConfig
 .text.HAL_RCC_ClockConfig
                0x08000988      0x16c Drivers\STM32L4xx_HAL_Driver\Src\stm32l4xx_hal_rcc.o
                0x08000988                HAL_RCC_ClockConfig
 .text.HAL_RCC_GetHCLKFreq
                0x08000af4        0xc Drivers\STM32L4xx_HAL_Driver\Src\stm32l4xx_hal_rcc.o
                0x08000af4                HAL_RCC_GetHCLKFreq
 .text.adc1_enable
                0x08000b00      0x13c Src\adc1.o
                0x08000b00                adc1_enable
 .text.adc1_regular_conversions
                0x08000c3c       0x20 Src\adc1.o
                0x08000c3c                adc1_regular_conversions
 .text.adc1_inject_conversions
                0x08000c5c       0x20 Src\adc1.o
                0x08000c5c                adc1_inject_conversions
 .text.dac_enable
                0x08000c7c       0x6c Src\dac.o
                0x08000c7c                dac_enable
 .text.dac_up   0x08000ce8       0x24 Src\dac.o
                0x08000ce8                dac_up
 .text.dac_down
                0x08000d0c       0x2c Src\dac.o
                0x08000d0c                dac_down
 .text.lptim1_enable
                0x08000d38       0x58 Src\lptim1.o
                0x08000d38                lptim1_enable
 .text.time_increment
                0x08000d90       0x60 Src\lptim1.o
                0x08000d90                time_increment
 .text.read_time
                0x08000df0        0x8 Src\lptim1.o
                0x08000df0                read_time
 .text.SystemClock_Config
                0x08000df8       0x6c Src\main.o
                0x08000df8                SystemClock_Config
 .text.startup.main
                0x08000e64       0x36 Src\main.o
                0x08000e64                main
 *fill*         0x08000e9a        0x2 
 .text.HAL_MspInit
                0x08000e9c       0x8c Src\stm32l4xx_hal_msp.o
                0x08000e9c                HAL_MspInit
 .text.USART1_IRQHandler
                0x08000f28       0x24 Src\stm32l4xx_it.o
                0x08000f28                USART1_IRQHandler
 .text.LPTIM1_IRQHandler
                0x08000f4c       0x1c Src\stm32l4xx_it.o
                0x08000f4c                LPTIM1_IRQHandler
 .text.ADC1_IRQHandler
                0x08000f68       0x90 Src\stm32l4xx_it.o
                0x08000f68                ADC1_IRQHandler
 .text.NMI_Handler
                0x08000ff8        0x2 Src\stm32l4xx_it.o
                0x08000ff8                NMI_Handler
 .text.HardFault_Handler
                0x08000ffa        0x2 Src\stm32l4xx_it.o
                0x08000ffa                HardFault_Handler
 .text.MemManage_Handler
                0x08000ffc        0x2 Src\stm32l4xx_it.o
                0x08000ffc                MemManage_Handler
 .text.BusFault_Handler
                0x08000ffe        0x2 Src\stm32l4xx_it.o
                0x08000ffe                BusFault_Handler
 .text.UsageFault_Handler
                0x08001000        0x2 Src\stm32l4xx_it.o
                0x08001000                UsageFault_Handler
 .text.SVC_Handler
                0x08001002        0x2 Src\stm32l4xx_it.o
                0x08001002                SVC_Handler
 .text.DebugMon_Handler
                0x08001004        0x2 Src\stm32l4xx_it.o
                0x08001004                DebugMon_Handler
 .text.PendSV_Handler
                0x08001006        0x2 Src\stm32l4xx_it.o
                0x08001006                PendSV_Handler
 .text.SysTick_Handler
                0x08001008        0xe Src\stm32l4xx_it.o
                0x08001008                SysTick_Handler
 *fill*         0x08001016        0x2 
 .text.system_io_config
                0x08001018       0x64 Src\system.o
                0x08001018                system_io_config
 .text.system_ptr_config
                0x0800107c       0xdc Src\system.o
                0x0800107c                system_ptr_config
 .text.pmic_management
                0x08001158      0x14c Src\system.o
                0x08001158                pmic_management
 .text.convert_to_ascii
                0x080012a4       0x7c Src\system.o
                0x080012a4                convert_to_ascii
 .text.string_compare
                0x08001320       0x40 Src\system.o
                0x08001320                string_compare
 .text.avg_samp_bank
                0x08001360       0x40 Src\system.o
                0x08001360                avg_samp_bank
 .text.adc_management
                0x080013a0       0xac Src\system.o
                0x080013a0                adc_management
 .text.raise_avg_flag
                0x0800144c       0x2c Src\system.o
                0x0800144c                raise_avg_flag
 .text.raise_temp_flag
                0x08001478       0x2c Src\system.o
                0x08001478                raise_temp_flag
 .text.add_sample
                0x080014a4       0xec Src\system.o
                0x080014a4                add_sample
 .text.driveB   0x08001590       0x20 Src\system.o
                0x08001590                driveB
 .text.dc_search
                0x080015b0       0x3e Src\system.o
                0x080015b0                dc_search
 *fill*         0x080015ee        0x2 
 .text.current_decode
                0x080015f0       0x6c Src\system.o
                0x080015f0                current_decode
 .text.voltage_decode
                0x0800165c       0x6c Src\system.o
                0x0800165c                voltage_decode
 .text.flagclear
                0x080016c8       0x18 Src\system.o
                0x080016c8                flagclear
 .text.tempreport
                0x080016e0       0x5c Src\system.o
                0x080016e0                tempreport
 .text.tim1report
                0x0800173c       0xa8 Src\system.o
                0x0800173c                tim1report
 .text.voltreport
                0x080017e4       0xa4 Src\system.o
                0x080017e4                voltreport
 .text.timereport
                0x08001888       0x7c Src\system.o
                0x08001888                timereport
 .text.bankreport
                0x08001904       0x78 Src\system.o
                0x08001904                bankreport
 .text.flagreport
                0x0800197c       0x44 Src\system.o
                0x0800197c                flagreport
 .text.convreport
                0x080019c0       0x5c Src\system.o
                0x080019c0                convreport
 .text.tbankreport
                0x08001a1c       0x58 Src\system.o
                0x08001a1c                tbankreport
 .text.dacreport
                0x08001a74       0x28 Src\system.o
                0x08001a74                dacreport
 .text.system_ins_search
                0x08001a9c      0x218 Src\system.o
                0x08001a9c                system_ins_search
 .text.system_management
                0x08001cb4       0x28 Src\system.o
                0x08001cb4                system_management
 .text.SystemInit
                0x08001cdc       0x48 Src\system_stm32l4xx.o
                0x08001cdc                SystemInit
 .text.buck_mode
                0x08001d24       0x68 Src\tim1.o
                0x08001d24                buck_mode
 .text.boost_mode
                0x08001d8c       0x4c Src\tim1.o
                0x08001d8c                boost_mode
 .text.lockout_mode
                0x08001dd8       0x4c Src\tim1.o
                0x08001dd8                lockout_mode
 .text.tim1_enable
                0x08001e24      0x11c Src\tim1.o
                0x08001e24                tim1_enable
 .text.passthru_mode
                0x08001f40       0x4c Src\tim1.o
                0x08001f40                passthru_mode
 .text.mode_check
                0x08001f8c        0xc Src\tim1.o
                0x08001f8c                mode_check
 .text.duty_cycle_increment
                0x08001f98       0x64 Src\tim1.o
                0x08001f98                duty_cycle_increment
 .text.duty_cycle_decrement
                0x08001ffc       0x60 Src\tim1.o
                0x08001ffc                duty_cycle_decrement
 .text.set_duty_cycle
                0x0800205c       0x4c Src\tim1.o
                0x0800205c                set_duty_cycle
 .text.uart1_enable
                0x080020a8       0xb0 Src\uart1.o
                0x080020a8                uart1_enable
 .text.uart1_transmit
                0x08002158       0x34 Src\uart1.o
                0x08002158                uart1_transmit
 .text.uart1_buffer_char
                0x0800218c       0x7c Src\uart1.o
                0x0800218c                uart1_buffer_char
 .text.cmd_execute
                0x08002208       0x18 Src\uart1.o
                0x08002208                cmd_execute
 .text.uart1_get_flags
                0x08002220        0xc Src\uart1.o
                0x08002220                uart1_get_flags
 .text.Reset_Handler
                0x0800222c       0x50 startup\startup_stm32l432xx.o
                0x0800222c                Reset_Handler
 .text.Default_Handler
                0x0800227c        0x2 startup\startup_stm32l432xx.o
                0x0800227c                RTC_Alarm_IRQHandler
                0x0800227c                EXTI2_IRQHandler
                0x0800227c                TIM1_CC_IRQHandler
                0x0800227c                TSC_IRQHandler
                0x0800227c                TAMP_STAMP_IRQHandler
                0x0800227c                EXTI3_IRQHandler
                0x0800227c                LPTIM2_IRQHandler
                0x0800227c                I2C3_ER_IRQHandler
                0x0800227c                EXTI0_IRQHandler
                0x0800227c                CAN1_RX0_IRQHandler
                0x0800227c                FPU_IRQHandler
                0x0800227c                TIM1_UP_TIM16_IRQHandler
                0x0800227c                SPI1_IRQHandler
                0x0800227c                TIM6_DAC_IRQHandler
                0x0800227c                DMA2_Channel2_IRQHandler
                0x0800227c                DMA1_Channel4_IRQHandler
                0x0800227c                DMA1_Channel7_IRQHandler
                0x0800227c                CAN1_RX1_IRQHandler
                0x0800227c                DMA2_Channel1_IRQHandler
                0x0800227c                QUADSPI_IRQHandler
                0x0800227c                I2C1_EV_IRQHandler
                0x0800227c                DMA1_Channel6_IRQHandler
                0x0800227c                DMA2_Channel4_IRQHandler
                0x0800227c                RCC_IRQHandler
                0x0800227c                TIM1_TRG_COM_IRQHandler
                0x0800227c                DMA1_Channel1_IRQHandler
                0x0800227c                Default_Handler
                0x0800227c                DMA2_Channel7_IRQHandler
                0x0800227c                EXTI15_10_IRQHandler
                0x0800227c                TIM7_IRQHandler
                0x0800227c                I2C3_EV_IRQHandler
                0x0800227c                USB_IRQHandler
                0x0800227c                EXTI9_5_IRQHandler
                0x0800227c                RTC_WKUP_IRQHandler
                0x0800227c                PVD_PVM_IRQHandler
                0x0800227c                CAN1_TX_IRQHandler
                0x0800227c                DMA2_Channel5_IRQHandler
                0x0800227c                CRS_IRQHandler
                0x0800227c                DMA1_Channel5_IRQHandler
                0x0800227c                EXTI4_IRQHandler
                0x0800227c                RNG_IRQHandler
                0x0800227c                DMA1_Channel3_IRQHandler
                0x0800227c                COMP_IRQHandler
                0x0800227c                WWDG_IRQHandler
                0x0800227c                LPUART1_IRQHandler
                0x0800227c                DMA2_Channel6_IRQHandler
                0x0800227c                TIM2_IRQHandler
                0x0800227c                EXTI1_IRQHandler
                0x0800227c                USART2_IRQHandler
                0x0800227c                DMA1_Channel2_IRQHandler
                0x0800227c                CAN1_SCE_IRQHandler
                0x0800227c                FLASH_IRQHandler
                0x0800227c                SPI3_IRQHandler
                0x0800227c                I2C1_ER_IRQHandler
                0x0800227c                SWPMI1_IRQHandler
                0x0800227c                SAI1_IRQHandler
                0x0800227c                DMA2_Channel3_IRQHandler
                0x0800227c                TIM1_BRK_TIM15_IRQHandler
 *fill*         0x0800227e        0x2 
 .text.__libc_init_array
                0x08002280       0x48 c:/program files (x86)/atollic/truestudio for stm32 9.0.1/armtools/bin/../lib/gcc/arm-atollic-eabi/6.3.1/../../../../arm-atollic-eabi/lib/armv7e-m/fpu\libc_nano.a(lib_a-init.o)
                0x08002280                __libc_init_array
 *(.glue_7)
 .glue_7        0x080022c8        0x0 linker stubs
 *(.glue_7t)
 .glue_7t       0x080022c8        0x0 linker stubs
 *(.eh_frame)
 .eh_frame      0x080022c8        0x0 c:/program files (x86)/atollic/truestudio for stm32 9.0.1/armtools/bin/../lib/gcc/arm-atollic-eabi/6.3.1/armv7e-m/fpu/crtbegin.o
 *(.init)
 .init          0x080022c8        0x4 c:/program files (x86)/atollic/truestudio for stm32 9.0.1/armtools/bin/../lib/gcc/arm-atollic-eabi/6.3.1/armv7e-m/fpu/crti.o
                0x080022c8                _init
 .init          0x080022cc        0x8 c:/program files (x86)/atollic/truestudio for stm32 9.0.1/armtools/bin/../lib/gcc/arm-atollic-eabi/6.3.1/armv7e-m/fpu/crtn.o
 *(.fini)
 .fini          0x080022d4        0x4 c:/program files (x86)/atollic/truestudio for stm32 9.0.1/armtools/bin/../lib/gcc/arm-atollic-eabi/6.3.1/armv7e-m/fpu/crti.o
                0x080022d4                _fini
 .fini          0x080022d8        0x8 c:/program files (x86)/atollic/truestudio for stm32 9.0.1/armtools/bin/../lib/gcc/arm-atollic-eabi/6.3.1/armv7e-m/fpu/crtn.o
                0x080022e0                . = ALIGN (0x4)
                0x080022e0                _etext = .

.vfp11_veneer   0x080022e0        0x0
 .vfp11_veneer  0x080022e0        0x0 linker stubs

.v4_bx          0x080022e0        0x0
 .v4_bx         0x080022e0        0x0 linker stubs

.iplt           0x080022e0        0x0
 .iplt          0x080022e0        0x0 c:/program files (x86)/atollic/truestudio for stm32 9.0.1/armtools/bin/../lib/gcc/arm-atollic-eabi/6.3.1/armv7e-m/fpu/crtbegin.o

.rodata         0x080022e0       0x40
                0x080022e0                . = ALIGN (0x4)
 *(.rodata)
 *(.rodata*)
 .rodata.AHBPrescTable
                0x080022e0       0x10 Src\system_stm32l4xx.o
                0x080022e0                AHBPrescTable
 .rodata.MSIRangeTable
                0x080022f0       0x30 Src\system_stm32l4xx.o
                0x080022f0                MSIRangeTable
                0x08002320                . = ALIGN (0x4)

.rel.dyn        0x08002320        0x0
 .rel.iplt      0x08002320        0x0 c:/program files (x86)/atollic/truestudio for stm32 9.0.1/armtools/bin/../lib/gcc/arm-atollic-eabi/6.3.1/armv7e-m/fpu/crtbegin.o

.ARM.extab
 *(.ARM.extab* .gnu.linkonce.armextab.*)

.ARM            0x08002320        0x0
                0x08002320                __exidx_start = .
 *(.ARM.exidx*)
                0x08002320                __exidx_end = .

.preinit_array  0x08002320        0x0
                0x08002320                PROVIDE (__preinit_array_start, .)
 *(.preinit_array*)
                0x08002320                PROVIDE (__preinit_array_end, .)

.init_array     0x08002320        0x4
                0x08002320                PROVIDE (__init_array_start, .)
 *(SORT(.init_array.*))
 *(.init_array*)
 .init_array    0x08002320        0x4 c:/program files (x86)/atollic/truestudio for stm32 9.0.1/armtools/bin/../lib/gcc/arm-atollic-eabi/6.3.1/armv7e-m/fpu/crtbegin.o
                0x08002324                PROVIDE (__init_array_end, .)

.fini_array     0x08002324        0x4
                [!provide]                PROVIDE (__fini_array_start, .)
 *(SORT(.fini_array.*))
 *(.fini_array*)
 .fini_array    0x08002324        0x4 c:/program files (x86)/atollic/truestudio for stm32 9.0.1/armtools/bin/../lib/gcc/arm-atollic-eabi/6.3.1/armv7e-m/fpu/crtbegin.o
                [!provide]                PROVIDE (__fini_array_end, .)
                0x08002328                _sidata = LOADADDR (.data)

.data           0x20000000      0x38c load address 0x08002328
                0x20000000                . = ALIGN (0x4)
                0x20000000                _sdata = .
 *(.data)
 *(.data*)
 .data.bankrpt  0x20000000       0x21 Src\system.o
                0x20000000                bankrpt
 .data.boost    0x20000021       0x21 Src\system.o
                0x20000021                boost
 .data.buck     0x20000042       0x21 Src\system.o
                0x20000042                buck
 .data.capC     0x20000063       0x21 Src\system.o
                0x20000063                capC
 .data.capE     0x20000084       0x21 Src\system.o
                0x20000084                capE
 .data.capI     0x200000a5       0x21 Src\system.o
                0x200000a5                capI
 .data.capO     0x200000c6       0x21 Src\system.o
                0x200000c6                capO
 .data.cli_return
                0x200000e7       0x21 Src\system.o
                0x200000e7                cli_return
 .data.convrpt  0x20000108       0x21 Src\system.o
                0x20000108                convrpt
 .data.csrs     0x20000129       0x21 Src\system.o
                0x20000129                csrs
 .data.dacdn    0x2000014a       0x21 Src\system.o
                0x2000014a                dacdn
 .data.dacrpt   0x2000016b       0x21 Src\system.o
                0x2000016b                dacrpt
 .data.dacup    0x2000018c       0x21 Src\system.o
                0x2000018c                dacup
 .data.dcp      0x200001ad       0x21 Src\system.o
                0x200001ad                dcp
 .data.drvdis   0x200001ce       0x21 Src\system.o
                0x200001ce                drvdis
 .data.drven    0x200001ef       0x21 Src\system.o
                0x200001ef                drven
 .data.flagclr  0x20000210       0x21 Src\system.o
                0x20000210                flagclr
 .data.flagrpt  0x20000231       0x21 Src\system.o
                0x20000231                flagrpt
 .data.lock     0x20000252       0x21 Src\system.o
                0x20000252                lock
 .data.money    0x20000273       0x21 Src\system.o
                0x20000273                money
 .data.num_1    0x20000294        0xc Src\system.o
                0x20000294                num_1
 .data.pass     0x200002a0       0x21 Src\system.o
                0x200002a0                pass
 .data.prompt   0x200002c1       0x21 Src\system.o
                0x200002c1                prompt
 .data.tbankrpt
                0x200002e2       0x21 Src\system.o
                0x200002e2                tbankrpt
 .data.temprpt  0x20000303       0x21 Src\system.o
                0x20000303                temprpt
 .data.timerpt  0x20000324       0x21 Src\system.o
                0x20000324                timerpt
 .data.timrpt   0x20000345       0x21 Src\system.o
                0x20000345                timrpt
 .data.voltrpt  0x20000366       0x21 Src\system.o
                0x20000366                voltrpt
 *fill*         0x20000387        0x1 
 .data.SystemCoreClock
                0x20000388        0x4 Src\system_stm32l4xx.o
                0x20000388                SystemCoreClock
                0x2000038c                . = ALIGN (0x4)
                0x2000038c                _edata = .

.igot.plt       0x2000038c        0x0 load address 0x080026b4
 .igot.plt      0x2000038c        0x0 c:/program files (x86)/atollic/truestudio for stm32 9.0.1/armtools/bin/../lib/gcc/arm-atollic-eabi/6.3.1/armv7e-m/fpu/crtbegin.o
                0x2000038c                . = ALIGN (0x4)

.bss            0x2000038c     0x1110 load address 0x080026b4
                0x2000038c                _sbss = .
                0x2000038c                __bss_start__ = _sbss
 *(.bss)
 .bss           0x2000038c       0x1c c:/program files (x86)/atollic/truestudio for stm32 9.0.1/armtools/bin/../lib/gcc/arm-atollic-eabi/6.3.1/armv7e-m/fpu/crtbegin.o
 *(.bss*)
 *(COMMON)
 COMMON         0x200003a8        0x4 Drivers\STM32L4xx_HAL_Driver\Src\stm32l4xx_hal.o
                0x200003a8                uwTick
 COMMON         0x200003ac        0x4 Src\adc1.o
                0x200003ac                adci
 COMMON         0x200003b0        0x4 Src\dac.o
                0x200003b0                dac_out
 COMMON         0x200003b4       0x18 Src\lptim1.o
                0x200003b4                sys_time
 COMMON         0x200003cc        0x8 Src\stm32l4xx_it.o
                0x200003cc                dbgnum
                0x200003ce                data
                0x200003d0                fc
 COMMON         0x200003d4     0x1054 Src\system.o
                0x200003d4                ov_channel
                0x200006fc                in_temp
                0x20000a24                last_tsamp
                0x20000a28                cs_channel
                0x20000d50                dbg2
                0x20000d54                adc_conversion_channel
                0x20000d58                iv_sample_count
                0x20000d5c                sysi
                0x20000d60                system_flags
                0x20000d64                in_sample_count
                0x20000d68                v_ovp
                0x20000d6c                ex_temp
                0x20001094                v_uvp
                0x20001098                last_pmic_action
                0x2000109c                ex_sample_count
                0x200010a0                i_target
                0x200010a4                iv_channel
                0x200013cc                dbg1
                0x200013d0                inj_conversion_channel
                0x200013d4                system_time
                0x200013d8                conversion_count
                0x200013dc                avg_dummy
                0x200013e0                ov_sample_count
                0x200013e4                celcius
                0x200013e8                cs_offset
                0x200013ea                ts_cal2
                0x200013ec                flags
                0x200013f0                last_vsamp
                0x200013f4                ts_cal1
                0x200013f8                avg_count
                0x200013fc                num_hold
                0x20001420                cs_sample_count
                0x20001424                cmd
 COMMON         0x20001428       0x18 Src\tim1.o
                0x20001428                dc
                0x2000142c                percent
                0x20001430                mode
                0x20001434                arr_val
                0x20001438                dc_val
                0x2000143c                clk_freq
 COMMON         0x20001440       0x5a Src\uart1.o
                0x20001440                uart_flags
                0x20001444                output_string
                0x20001448                outi
                0x20001449                debug
                0x2000144c                attempt_count
                0x20001450                last_command
                0x20001474                last_attempt
                0x20001478                current_input
                0x20001499                ui
                0x2000149c                . = ALIGN (0x4)
 *fill*         0x2000149a        0x2 
                0x2000149c                _ebss = .
                0x2000149c                __bss_end__ = _ebss

._user_heap_stack
                0x2000149c      0x600 load address 0x080026b4
                0x2000149c                . = ALIGN (0x4)
                [!provide]                PROVIDE (end, .)
                [!provide]                PROVIDE (_end, .)
                0x2000169c                . = (. + _Min_Heap_Size)
 *fill*         0x2000149c      0x200 
                0x20001a9c                . = (. + _Min_Stack_Size)
 *fill*         0x2000169c      0x400 
                0x20001a9c                . = ALIGN (0x4)

/DISCARD/
 libc.a(*)
 libm.a(*)
 libgcc.a(*)

.ARM.attributes
                0x00000000       0x30
 *(.ARM.attributes)
 .ARM.attributes
                0x00000000       0x22 c:/program files (x86)/atollic/truestudio for stm32 9.0.1/armtools/bin/../lib/gcc/arm-atollic-eabi/6.3.1/armv7e-m/fpu/crti.o
 .ARM.attributes
                0x00000022       0x34 c:/program files (x86)/atollic/truestudio for stm32 9.0.1/armtools/bin/../lib/gcc/arm-atollic-eabi/6.3.1/armv7e-m/fpu/crtbegin.o
 .ARM.attributes
                0x00000056       0x39 Drivers\STM32L4xx_HAL_Driver\Src\stm32l4xx_hal.o
 .ARM.attributes
                0x0000008f       0x39 Drivers\STM32L4xx_HAL_Driver\Src\stm32l4xx_hal_cortex.o
 .ARM.attributes
                0x000000c8       0x39 Drivers\STM32L4xx_HAL_Driver\Src\stm32l4xx_hal_pwr_ex.o
 .ARM.attributes
                0x00000101       0x39 Drivers\STM32L4xx_HAL_Driver\Src\stm32l4xx_hal_rcc.o
 .ARM.attributes
                0x0000013a       0x39 Src\adc1.o
 .ARM.attributes
                0x00000173       0x39 Src\dac.o
 .ARM.attributes
                0x000001ac       0x39 Src\lptim1.o
 .ARM.attributes
                0x000001e5       0x39 Src\main.o
 .ARM.attributes
                0x0000021e       0x39 Src\stm32l4xx_hal_msp.o
 .ARM.attributes
                0x00000257       0x39 Src\stm32l4xx_it.o
 .ARM.attributes
                0x00000290       0x39 Src\system.o
 .ARM.attributes
                0x000002c9       0x39 Src\system_stm32l4xx.o
 .ARM.attributes
                0x00000302       0x39 Src\tim1.o
 .ARM.attributes
                0x0000033b       0x39 Src\uart1.o
 .ARM.attributes
                0x00000374       0x21 startup\startup_stm32l432xx.o
 .ARM.attributes
                0x00000395       0x34 c:/program files (x86)/atollic/truestudio for stm32 9.0.1/armtools/bin/../lib/gcc/arm-atollic-eabi/6.3.1/../../../../arm-atollic-eabi/lib/armv7e-m/fpu\libc_nano.a(lib_a-init.o)
 .ARM.attributes
                0x000003c9       0x22 c:/program files (x86)/atollic/truestudio for stm32 9.0.1/armtools/bin/../lib/gcc/arm-atollic-eabi/6.3.1/armv7e-m/fpu/crtn.o
OUTPUT(LiteOS_0.000.elf elf32-littlearm)

.debug_info     0x00000000    0x10940
 .debug_info    0x00000000     0x1183 Drivers\STM32L4xx_HAL_Driver\Src\stm32l4xx_hal.o
 .debug_info    0x00001183     0x16f5 Drivers\STM32L4xx_HAL_Driver\Src\stm32l4xx_hal_cortex.o
 .debug_info    0x00002878     0x1213 Drivers\STM32L4xx_HAL_Driver\Src\stm32l4xx_hal_pwr_ex.o
 .debug_info    0x00003a8b     0x1598 Drivers\STM32L4xx_HAL_Driver\Src\stm32l4xx_hal_rcc.o
 .debug_info    0x00005023     0x13b0 Src\adc1.o
 .debug_info    0x000063d3      0xdee Src\dac.o
 .debug_info    0x000071c1     0x11b1 Src\lptim1.o
 .debug_info    0x00008372      0xee1 Src\main.o
 .debug_info    0x00009253      0xe53 Src\stm32l4xx_hal_msp.o
 .debug_info    0x0000a0a6      0xeb1 Src\stm32l4xx_it.o
 .debug_info    0x0000af57     0x2927 Src\system.o
 .debug_info    0x0000d87e      0xde2 Src\system_stm32l4xx.o
 .debug_info    0x0000e660      0xec1 Src\tim1.o
 .debug_info    0x0000f521     0x139c Src\uart1.o
 .debug_info    0x000108bd       0x83 startup\startup_stm32l432xx.o

.debug_abbrev   0x00000000     0x231a
 .debug_abbrev  0x00000000      0x2c0 Drivers\STM32L4xx_HAL_Driver\Src\stm32l4xx_hal.o
 .debug_abbrev  0x000002c0      0x37d Drivers\STM32L4xx_HAL_Driver\Src\stm32l4xx_hal_cortex.o
 .debug_abbrev  0x0000063d      0x2c7 Drivers\STM32L4xx_HAL_Driver\Src\stm32l4xx_hal_pwr_ex.o
 .debug_abbrev  0x00000904      0x2d2 Drivers\STM32L4xx_HAL_Driver\Src\stm32l4xx_hal_rcc.o
 .debug_abbrev  0x00000bd6      0x25b Src\adc1.o
 .debug_abbrev  0x00000e31      0x1df Src\dac.o
 .debug_abbrev  0x00001010      0x284 Src\lptim1.o
 .debug_abbrev  0x00001294      0x263 Src\main.o
 .debug_abbrev  0x000014f7      0x1f5 Src\stm32l4xx_hal_msp.o
 .debug_abbrev  0x000016ec      0x250 Src\stm32l4xx_it.o
 .debug_abbrev  0x0000193c      0x339 Src\system.o
 .debug_abbrev  0x00001c75      0x1eb Src\system_stm32l4xx.o
 .debug_abbrev  0x00001e60      0x21c Src\tim1.o
 .debug_abbrev  0x0000207c      0x28c Src\uart1.o
 .debug_abbrev  0x00002308       0x12 startup\startup_stm32l432xx.o

.debug_loc      0x00000000     0x1a30
 .debug_loc     0x00000000       0x76 Drivers\STM32L4xx_HAL_Driver\Src\stm32l4xx_hal.o
 .debug_loc     0x00000076      0x4fb Drivers\STM32L4xx_HAL_Driver\Src\stm32l4xx_hal_cortex.o
 .debug_loc     0x00000571      0x3eb Drivers\STM32L4xx_HAL_Driver\Src\stm32l4xx_hal_pwr_ex.o
 .debug_loc     0x0000095c      0x5a9 Drivers\STM32L4xx_HAL_Driver\Src\stm32l4xx_hal_rcc.o
 .debug_loc     0x00000f05       0x50 Src\adc1.o
 .debug_loc     0x00000f55       0x42 Src\dac.o
 .debug_loc     0x00000f97       0xa3 Src\lptim1.o
 .debug_loc     0x0000103a      0x749 Src\system.o
 .debug_loc     0x00001783      0x1be Src\system_stm32l4xx.o
 .debug_loc     0x00001941       0x51 Src\tim1.o
 .debug_loc     0x00001992       0x9e Src\uart1.o

.debug_aranges  0x00000000      0x650
 .debug_aranges
                0x00000000       0xe8 Drivers\STM32L4xx_HAL_Driver\Src\stm32l4xx_hal.o
 .debug_aranges
                0x000000e8       0xa8 Drivers\STM32L4xx_HAL_Driver\Src\stm32l4xx_hal_cortex.o
 .debug_aranges
                0x00000190      0x100 Drivers\STM32L4xx_HAL_Driver\Src\stm32l4xx_hal_pwr_ex.o
 .debug_aranges
                0x00000290       0x88 Drivers\STM32L4xx_HAL_Driver\Src\stm32l4xx_hal_rcc.o
 .debug_aranges
                0x00000318       0x30 Src\adc1.o
 .debug_aranges
                0x00000348       0x30 Src\dac.o
 .debug_aranges
                0x00000378       0x30 Src\lptim1.o
 .debug_aranges
                0x000003a8       0x30 Src\main.o
 .debug_aranges
                0x000003d8       0x20 Src\stm32l4xx_hal_msp.o
 .debug_aranges
                0x000003f8       0x60 Src\stm32l4xx_it.o
 .debug_aranges
                0x00000458      0x100 Src\system.o
 .debug_aranges
                0x00000558       0x28 Src\system_stm32l4xx.o
 .debug_aranges
                0x00000580       0x68 Src\tim1.o
 .debug_aranges
                0x000005e8       0x40 Src\uart1.o
 .debug_aranges
                0x00000628       0x28 startup\startup_stm32l432xx.o

.debug_ranges   0x00000000      0x6b0
 .debug_ranges  0x00000000       0xd8 Drivers\STM32L4xx_HAL_Driver\Src\stm32l4xx_hal.o
 .debug_ranges  0x000000d8      0x138 Drivers\STM32L4xx_HAL_Driver\Src\stm32l4xx_hal_cortex.o
 .debug_ranges  0x00000210       0xf0 Drivers\STM32L4xx_HAL_Driver\Src\stm32l4xx_hal_pwr_ex.o
 .debug_ranges  0x00000300       0x90 Drivers\STM32L4xx_HAL_Driver\Src\stm32l4xx_hal_rcc.o
 .debug_ranges  0x00000390       0x20 Src\adc1.o
 .debug_ranges  0x000003b0       0x20 Src\dac.o
 .debug_ranges  0x000003d0       0x50 Src\lptim1.o
 .debug_ranges  0x00000420       0x20 Src\main.o
 .debug_ranges  0x00000440       0x40 Src\stm32l4xx_hal_msp.o
 .debug_ranges  0x00000480       0x50 Src\stm32l4xx_it.o
 .debug_ranges  0x000004d0       0xf0 Src\system.o
 .debug_ranges  0x000005c0       0x18 Src\system_stm32l4xx.o
 .debug_ranges  0x000005d8       0x58 Src\tim1.o
 .debug_ranges  0x00000630       0x60 Src\uart1.o
 .debug_ranges  0x00000690       0x20 startup\startup_stm32l432xx.o

.debug_line     0x00000000     0x3678
 .debug_line    0x00000000      0x48e Drivers\STM32L4xx_HAL_Driver\Src\stm32l4xx_hal.o
 .debug_line    0x0000048e      0x4d5 Drivers\STM32L4xx_HAL_Driver\Src\stm32l4xx_hal_cortex.o
 .debug_line    0x00000963      0x5d4 Drivers\STM32L4xx_HAL_Driver\Src\stm32l4xx_hal_pwr_ex.o
 .debug_line    0x00000f37      0x654 Drivers\STM32L4xx_HAL_Driver\Src\stm32l4xx_hal_rcc.o
 .debug_line    0x0000158b      0x29a Src\adc1.o
 .debug_line    0x00001825      0x284 Src\dac.o
 .debug_line    0x00001aa9      0x299 Src\lptim1.o
 .debug_line    0x00001d42      0x367 Src\main.o
 .debug_line    0x000020a9      0x28e Src\stm32l4xx_hal_msp.o
 .debug_line    0x00002337      0x353 Src\stm32l4xx_it.o
 .debug_line    0x0000268a      0x697 Src\system.o
 .debug_line    0x00002d21      0x2a8 Src\system_stm32l4xx.o
 .debug_line    0x00002fc9      0x346 Src\tim1.o
 .debug_line    0x0000330f      0x2ea Src\uart1.o
 .debug_line    0x000035f9       0x7f startup\startup_stm32l432xx.o

.debug_str      0x00000000     0x2406
 .debug_str     0x00000000      0xe45 Drivers\STM32L4xx_HAL_Driver\Src\stm32l4xx_hal.o
                                0xef3 (size before relaxing)
 .debug_str     0x00000e45      0x3da Drivers\STM32L4xx_HAL_Driver\Src\stm32l4xx_hal_cortex.o
                                0xf87 (size before relaxing)
 .debug_str     0x0000121f      0x4b2 Drivers\STM32L4xx_HAL_Driver\Src\stm32l4xx_hal_pwr_ex.o
                                0xbd1 (size before relaxing)
 .debug_str     0x000016d1      0x3f4 Drivers\STM32L4xx_HAL_Driver\Src\stm32l4xx_hal_rcc.o
                                0xc69 (size before relaxing)
 .debug_str     0x00001ac5       0xed Src\adc1.o
                                0xd4c (size before relaxing)
 .debug_str     0x00001bb2       0xb0 Src\dac.o
                                0x880 (size before relaxing)
 .debug_str     0x00001c62       0x5d Src\lptim1.o
                                0xc84 (size before relaxing)
 .debug_str     0x00001cbf       0x9b Src\main.o
                                0xcf6 (size before relaxing)
 .debug_str     0x00001d5a       0x1b Src\stm32l4xx_hal_msp.o
                                0xbb5 (size before relaxing)
 .debug_str     0x00001d75      0x135 Src\stm32l4xx_it.o
                                0x8ae (size before relaxing)
 .debug_str     0x00001eaa      0x479 Src\system.o
                                0xe75 (size before relaxing)
 .debug_str     0x00002323       0x3b Src\system_stm32l4xx.o
                                0x843 (size before relaxing)
 .debug_str     0x0000235e       0x37 Src\tim1.o
                                0x8d2 (size before relaxing)
 .debug_str     0x00002395       0x71 Src\uart1.o
                                0xd55 (size before relaxing)

.comment        0x00000000       0x7c
 .comment       0x00000000       0x7c Drivers\STM32L4xx_HAL_Driver\Src\stm32l4xx_hal.o
                                 0x7d (size before relaxing)
 .comment       0x0000007c       0x7d Drivers\STM32L4xx_HAL_Driver\Src\stm32l4xx_hal_cortex.o
 .comment       0x0000007c       0x7d Drivers\STM32L4xx_HAL_Driver\Src\stm32l4xx_hal_pwr_ex.o
 .comment       0x0000007c       0x7d Drivers\STM32L4xx_HAL_Driver\Src\stm32l4xx_hal_rcc.o
 .comment       0x0000007c       0x7d Src\adc1.o
 .comment       0x0000007c       0x7d Src\dac.o
 .comment       0x0000007c       0x7d Src\lptim1.o
 .comment       0x0000007c       0x7d Src\main.o
 .comment       0x0000007c       0x7d Src\stm32l4xx_hal_msp.o
 .comment       0x0000007c       0x7d Src\stm32l4xx_it.o
 .comment       0x0000007c       0x7d Src\system.o
 .comment       0x0000007c       0x7d Src\system_stm32l4xx.o
 .comment       0x0000007c       0x7d Src\tim1.o
 .comment       0x0000007c       0x7d Src\uart1.o

.debug_frame    0x00000000      0xdf4
 .debug_frame   0x00000000      0x1e4 Drivers\STM32L4xx_HAL_Driver\Src\stm32l4xx_hal.o
 .debug_frame   0x000001e4      0x158 Drivers\STM32L4xx_HAL_Driver\Src\stm32l4xx_hal_cortex.o
 .debug_frame   0x0000033c      0x1f8 Drivers\STM32L4xx_HAL_Driver\Src\stm32l4xx_hal_pwr_ex.o
 .debug_frame   0x00000534      0x15c Drivers\STM32L4xx_HAL_Driver\Src\stm32l4xx_hal_rcc.o
 .debug_frame   0x00000690       0x40 Src\adc1.o
 .debug_frame   0x000006d0       0x54 Src\dac.o
 .debug_frame   0x00000724       0x40 Src\lptim1.o
 .debug_frame   0x00000764       0x58 Src\main.o
 .debug_frame   0x000007bc       0x2c Src\stm32l4xx_hal_msp.o
 .debug_frame   0x000007e8       0xf8 Src\stm32l4xx_it.o
 .debug_frame   0x000008e0      0x35c Src\system.o
 .debug_frame   0x00000c3c       0x38 Src\system_stm32l4xx.o
 .debug_frame   0x00000c74       0xd0 Src\tim1.o
 .debug_frame   0x00000d44       0x84 Src\uart1.o
 .debug_frame   0x00000dc8       0x2c c:/program files (x86)/atollic/truestudio for stm32 9.0.1/armtools/bin/../lib/gcc/arm-atollic-eabi/6.3.1/../../../../arm-atollic-eabi/lib/armv7e-m/fpu\libc_nano.a(lib_a-init.o)
