Archive member included to satisfy reference by file (symbol)

c:/program files (x86)/atollic/truestudio for stm32 9.0.1/armtools/bin/../lib/gcc/arm-atollic-eabi/6.3.1/../../../../arm-atollic-eabi/lib/armv7e-m/fpu\libc_nano.a(lib_a-init.o)
                              startup\startup_stm32l432xx.o (__libc_init_array)

Allocating common symbols
Common symbol       size              file

ov_channel          0x328             Src\system.o
stable_count        0x1               Src\system.o
in_temp             0x328             Src\system.o
hs_i_target         0x2               Src\system.o
last_tsamp          0x4               Src\system.o
cs_channel          0x328             Src\system.o
button_delay        0x4               Src\system.o
dbg2                0x4               Src\system.o
up_button_hold_count
                    0x4               Src\system.o
adc_conversion_channel
                    0x4               Src\system.o
sys_time            0x18              Src\lptim1.o
iv_sample_count     0x4               Src\system.o
dc                  0x1               Src\tim1.o
sysi                0x1               Src\system.o
uart_flags          0x1               Src\uart1.o
output_string       0x4               Src\uart1.o
down_button_dbnc    0x4               Src\system.o
outi                0x1               Src\uart1.o
system_flags        0x4               Src\system.o
in_sample_count     0x4               Src\system.o
stup_action         0x4               Src\system.o
sample_end          0x4               Src\system.o
exp_ov              0x2               Src\system.o
v_ovp               0x2               Src\system.o
ex_temp             0x328             Src\system.o
percent             0x4               Src\tim1.o
uwTick              0x4               Drivers\STM32L4xx_HAL_Driver\Src\stm32l4xx_hal.o
v_uvp               0x2               Src\system.o
wire_error_count    0x2               Src\system.o
debug               0x1               Src\uart1.o
last_therm_action   0x4               Src\system.o
pFlash              0x20              Drivers\STM32L4xx_HAL_Driver\Src\stm32l4xx_hal_flash.o
last_pmic_action    0x4               Src\system.o
ex_sample_count     0x4               Src\system.o
first_lap           0x4               Src\system.o
i_target            0x2               Src\system.o
adci                0x4               Src\adc1.o
iv_channel          0x328             Src\system.o
mode                0x1               Src\tim1.o
dbg1                0x4               Src\system.o
inj_conversion_channel
                    0x4               Src\system.o
attempt_count       0x4               Src\uart1.o
system_time         0x4               Src\system.o
last_command        0x21              Src\uart1.o
arr_val             0x4               Src\tim1.o
conversion_count    0x4               Src\system.o
avg_dummy           0x4               Src\system.o
last_attempt        0x4               Src\uart1.o
start_up_flags      0x4               Src\system.o
pl                  0x4               Src\system.o
down_button_hold_count
                    0x4               Src\system.o
temp_sample_level   0x2               Src\system.o
data                0x2               Src\stm32l4xx_it.o
current_input       0x21              Src\uart1.o
ov_sample_count     0x4               Src\system.o
fc                  0x4               Src\stm32l4xx_it.o
celcius             0x4               Src\system.o
dac_out             0x4               Src\dac.o
dc_val              0x4               Src\tim1.o
cs_offset           0x2               Src\system.o
ts_cal2             0x2               Src\system.o
ui                  0x1               Src\uart1.o
us_i_target         0x2               Src\system.o
check_delay         0x4               Src\system.o
up_button_dbnc      0x4               Src\system.o
clk_freq            0x4               Src\tim1.o
flag_checker        0x4               Src\main.o
dim_step            0x4               Src\system.o
flags               0x1               Src\system.o
last_vsamp          0x4               Src\system.o
ts_cal1             0x2               Src\system.o
avg_count           0x4               Src\system.o
last_temp           0x2               Src\system.o
wire_sample_level   0x2               Src\system.o
th_i_target         0x2               Src\system.o
num_hold            0x21              Src\system.o
cs_sample_count     0x4               Src\system.o
cmd                 0x4               Src\system.o

Discarded input sections

 .text          0x00000000        0x0 c:/program files (x86)/atollic/truestudio for stm32 9.0.1/armtools/bin/../lib/gcc/arm-atollic-eabi/6.3.1/armv7e-m/fpu/crti.o
 .data          0x00000000        0x0 c:/program files (x86)/atollic/truestudio for stm32 9.0.1/armtools/bin/../lib/gcc/arm-atollic-eabi/6.3.1/armv7e-m/fpu/crti.o
[...]
Memory Configuration

Name             Origin             Length             Attributes
RAM              0x20000000         0x00010000         xrw
FLASH            0x08000000         0x00040000         xr
*default*        0x00000000         0xffffffff

Linker script and memory map

LOAD c:/program files (x86)/atollic/truestudio for stm32 9.0.1/armtools/bin/../lib/gcc/arm-atollic-eabi/6.3.1/armv7e-m/fpu/crti.o
LOAD c:/program files (x86)/atollic/truestudio for stm32 9.0.1/armtools/bin/../lib/gcc/arm-atollic-eabi/6.3.1/armv7e-m/fpu/crtbegin.o
LOAD Drivers\STM32L4xx_HAL_Driver\Src\stm32l4xx_hal.o
LOAD Drivers\STM32L4xx_HAL_Driver\Src\stm32l4xx_hal_cortex.o
LOAD Drivers\STM32L4xx_HAL_Driver\Src\stm32l4xx_hal_dma.o
LOAD Drivers\STM32L4xx_HAL_Driver\Src\stm32l4xx_hal_dma_ex.o
LOAD Drivers\STM32L4xx_HAL_Driver\Src\stm32l4xx_hal_flash.o
LOAD Drivers\STM32L4xx_HAL_Driver\Src\stm32l4xx_hal_flash_ex.o
LOAD Drivers\STM32L4xx_HAL_Driver\Src\stm32l4xx_hal_flash_ramfunc.o
LOAD Drivers\STM32L4xx_HAL_Driver\Src\stm32l4xx_hal_gpio.o
LOAD Drivers\STM32L4xx_HAL_Driver\Src\stm32l4xx_hal_i2c.o
LOAD Drivers\STM32L4xx_HAL_Driver\Src\stm32l4xx_hal_i2c_ex.o
LOAD Drivers\STM32L4xx_HAL_Driver\Src\stm32l4xx_hal_pwr.o
LOAD Drivers\STM32L4xx_HAL_Driver\Src\stm32l4xx_hal_pwr_ex.o
LOAD Drivers\STM32L4xx_HAL_Driver\Src\stm32l4xx_hal_rcc.o
LOAD Drivers\STM32L4xx_HAL_Driver\Src\stm32l4xx_hal_rcc_ex.o
LOAD Drivers\STM32L4xx_HAL_Driver\Src\stm32l4xx_hal_tim.o
LOAD Drivers\STM32L4xx_HAL_Driver\Src\stm32l4xx_hal_tim_ex.o
LOAD Src\adc1.o
LOAD Src\dac.o
LOAD Src\lptim1.o
LOAD Src\main.o
LOAD Src\stm32l4xx_hal_msp.o
LOAD Src\stm32l4xx_it.o
LOAD Src\system.o
LOAD Src\system_stm32l4xx.o
LOAD Src\tim1.o
LOAD Src\uart1.o
LOAD startup\startup_stm32l432xx.o
                0x00000080                malloc_getpagesize_P = 0x80
START GROUP
LOAD c:/program files (x86)/atollic/truestudio for stm32 9.0.1/armtools/bin/../lib/gcc/arm-atollic-eabi/6.3.1/../../../../arm-atollic-eabi/lib/armv7e-m/fpu\libc_nano.a
LOAD c:/program files (x86)/atollic/truestudio for stm32 9.0.1/armtools/bin/../lib/gcc/arm-atollic-eabi/6.3.1/../../../../arm-atollic-eabi/lib/armv7e-m/fpu\libm.a
END GROUP
START GROUP
LOAD c:/program files (x86)/atollic/truestudio for stm32 9.0.1/armtools/bin/../lib/gcc/arm-atollic-eabi/6.3.1/armv7e-m/fpu\libgcc.a
LOAD c:/program files (x86)/atollic/truestudio for stm32 9.0.1/armtools/bin/../lib/gcc/arm-atollic-eabi/6.3.1/../../../../arm-atollic-eabi/lib/armv7e-m/fpu\libc_nano.a
END GROUP
START GROUP
LOAD c:/program files (x86)/atollic/truestudio for stm32 9.0.1/armtools/bin/../lib/gcc/arm-atollic-eabi/6.3.1/armv7e-m/fpu\libgcc.a
LOAD c:/program files (x86)/atollic/truestudio for stm32 9.0.1/armtools/bin/../lib/gcc/arm-atollic-eabi/6.3.1/../../../../arm-atollic-eabi/lib/armv7e-m/fpu\libc_nano.a
LOAD c:/program files (x86)/atollic/truestudio for stm32 9.0.1/armtools/bin/../lib/gcc/arm-atollic-eabi/6.3.1/../../../../arm-atollic-eabi/lib/armv7e-m/fpu\libnosys.a
END GROUP
START GROUP
LOAD c:/program files (x86)/atollic/truestudio for stm32 9.0.1/armtools/bin/../lib/gcc/arm-atollic-eabi/6.3.1/armv7e-m/fpu\libgcc.a
LOAD c:/program files (x86)/atollic/truestudio for stm32 9.0.1/armtools/bin/../lib/gcc/arm-atollic-eabi/6.3.1/../../../../arm-atollic-eabi/lib/armv7e-m/fpu\libc_nano.a
LOAD c:/program files (x86)/atollic/truestudio for stm32 9.0.1/armtools/bin/../lib/gcc/arm-atollic-eabi/6.3.1/../../../../arm-atollic-eabi/lib/armv7e-m/fpu\libnosys.a
END GROUP
LOAD c:/program files (x86)/atollic/truestudio for stm32 9.0.1/armtools/bin/../lib/gcc/arm-atollic-eabi/6.3.1/armv7e-m/fpu/crtend.o
LOAD c:/program files (x86)/atollic/truestudio for stm32 9.0.1/armtools/bin/../lib/gcc/arm-atollic-eabi/6.3.1/armv7e-m/fpu/crtn.o
                0x20010000                _estack = 0x20010000
                0x00000200                _Min_Heap_Size = 0x200
                0x00000400                _Min_Stack_Size = 0x400

.isr_vector     0x08000000      0x18c
                0x08000000                . = ALIGN (0x4)
 *(.isr_vector)
 .isr_vector    0x08000000      0x18c startup\startup_stm32l432xx.o
                0x08000000                g_pfnVectors
                0x0800018c                . = ALIGN (0x4)

.text           0x0800018c     0x2818
                0x0800018c                . = ALIGN (0x4)
 *(.text)
 .text          0x0800018c       0x40 c:/program files (x86)/atollic/truestudio for stm32 9.0.1/armtools/bin/../lib/gcc/arm-atollic-eabi/6.3.1/armv7e-m/fpu/crtbegin.o
 *(.text*)
 .text.HAL_InitTick
                0x080001cc       0x28 Drivers\STM32L4xx_HAL_Driver\Src\stm32l4xx_hal.o
                0x080001cc                HAL_InitTick
 .text.HAL_Init
                0x080001f4       0x16 Drivers\STM32L4xx_HAL_Driver\Src\stm32l4xx_hal.o
                0x080001f4                HAL_Init
 *fill*         0x0800020a        0x2 
 .text.HAL_IncTick
                0x0800020c       0x10 Drivers\STM32L4xx_HAL_Driver\Src\stm32l4xx_hal.o
                0x0800020c                HAL_IncTick
 .text.HAL_GetTick
                0x0800021c        0xc Drivers\STM32L4xx_HAL_Driver\Src\stm32l4xx_hal.o
                0x0800021c                HAL_GetTick
 .text.HAL_NVIC_SetPriorityGrouping
                0x08000228       0x24 Drivers\STM32L4xx_HAL_Driver\Src\stm32l4xx_hal_cortex.o
                0x08000228                HAL_NVIC_SetPriorityGrouping
 .text.HAL_NVIC_SetPriority
                0x0800024c       0x68 Drivers\STM32L4xx_HAL_Driver\Src\stm32l4xx_hal_cortex.o
                0x0800024c                HAL_NVIC_SetPriority
 .text.HAL_SYSTICK_Config
                0x080002b4       0x2c Drivers\STM32L4xx_HAL_Driver\Src\stm32l4xx_hal_cortex.o
                0x080002b4                HAL_SYSTICK_Config
 .text.HAL_SYSTICK_CLKSourceConfig
                0x080002e0       0x18 Drivers\STM32L4xx_HAL_Driver\Src\stm32l4xx_hal_cortex.o
                0x080002e0                HAL_SYSTICK_CLKSourceConfig
 .text.HAL_SYSTICK_Callback
                0x080002f8        0x2 Drivers\STM32L4xx_HAL_Driver\Src\stm32l4xx_hal_cortex.o
                0x080002f8                HAL_SYSTICK_Callback
 .text.HAL_SYSTICK_IRQHandler
                0x080002fa        0x8 Drivers\STM32L4xx_HAL_Driver\Src\stm32l4xx_hal_cortex.o
                0x080002fa                HAL_SYSTICK_IRQHandler
 *fill*         0x08000302        0x2 
 .text.HAL_PWREx_GetVoltageRange
                0x08000304       0x10 Drivers\STM32L4xx_HAL_Driver\Src\stm32l4xx_hal_pwr_ex.o
                0x08000304                HAL_PWREx_GetVoltageRange
 .text.HAL_PWREx_ControlVoltageScaling
                0x08000314       0x68 Drivers\STM32L4xx_HAL_Driver\Src\stm32l4xx_hal_pwr_ex.o
                0x08000314                HAL_PWREx_ControlVoltageScaling
 .text.RCC_SetFlashLatencyFromMSIRange
                0x0800037c       0x84 Drivers\STM32L4xx_HAL_Driver\Src\stm32l4xx_hal_rcc.o
 .text.HAL_RCC_GetSysClockFreq
                0x08000400       0xd0 Drivers\STM32L4xx_HAL_Driver\Src\stm32l4xx_hal_rcc.o
                0x08000400                HAL_RCC_GetSysClockFreq
 .text.HAL_RCC_OscConfig
                0x080004d0      0x4b8 Drivers\STM32L4xx_HAL_Driver\Src\stm32l4xx_hal_rcc.o
                0x080004d0                HAL_RCC_OscConfig
 .text.HAL_RCC_ClockConfig
                0x08000988      0x16c Drivers\STM32L4xx_HAL_Driver\Src\stm32l4xx_hal_rcc.o
                0x08000988                HAL_RCC_ClockConfig
 .text.HAL_RCC_GetHCLKFreq
                0x08000af4        0xc Drivers\STM32L4xx_HAL_Driver\Src\stm32l4xx_hal_rcc.o
                0x08000af4                HAL_RCC_GetHCLKFreq
 .text.adc1_enable
                0x08000b00      0x14c Src\adc1.o
                0x08000b00                adc1_enable
 .text.adc1_regular_conversions
                0x08000c4c       0x20 Src\adc1.o
                0x08000c4c                adc1_regular_conversions
 .text.adc1_inject_conversions
                0x08000c6c       0x20 Src\adc1.o
                0x08000c6c                adc1_inject_conversions
 .text.dac_enable
                0x08000c8c       0x4c Src\dac.o
                0x08000c8c                dac_enable
 .text.dac_up   0x08000cd8       0x34 Src\dac.o
                0x08000cd8                dac_up
 .text.dac_down
                0x08000d0c       0x2c Src\dac.o
                0x08000d0c                dac_down
 .text.dac_set  0x08000d38       0x28 Src\dac.o
                0x08000d38                dac_set
 .text.lptim1_enable
                0x08000d60       0x5c Src\lptim1.o
                0x08000d60                lptim1_enable
 .text.time_increment
                0x08000dbc       0x60 Src\lptim1.o
                0x08000dbc                time_increment
 .text.read_time
                0x08000e1c        0x8 Src\lptim1.o
                0x08000e1c                read_time
 .text.SystemClock_Config
                0x08000e24       0x82 Src\main.o
                0x08000e24                SystemClock_Config
 *fill*         0x08000ea6        0x2 
 .text.startup.main
                0x08000ea8       0x5c Src\main.o
                0x08000ea8                main
 .text.HAL_MspInit
                0x08000f04       0x8c Src\stm32l4xx_hal_msp.o
                0x08000f04                HAL_MspInit
 .text.USART1_IRQHandler
                0x08000f90       0x24 Src\stm32l4xx_it.o
                0x08000f90                USART1_IRQHandler
 .text.LPTIM1_IRQHandler
                0x08000fb4       0x1c Src\stm32l4xx_it.o
                0x08000fb4                LPTIM1_IRQHandler
 .text.ADC1_IRQHandler
                0x08000fd0       0x88 Src\stm32l4xx_it.o
                0x08000fd0                ADC1_IRQHandler
 .text.NMI_Handler
                0x08001058        0x2 Src\stm32l4xx_it.o
                0x08001058                NMI_Handler
 .text.HardFault_Handler
                0x0800105a        0x2 Src\stm32l4xx_it.o
                0x0800105a                HardFault_Handler
 .text.MemManage_Handler
                0x0800105c        0x2 Src\stm32l4xx_it.o
                0x0800105c                MemManage_Handler
 .text.BusFault_Handler
                0x0800105e        0x2 Src\stm32l4xx_it.o
                0x0800105e                BusFault_Handler
 .text.UsageFault_Handler
                0x08001060        0x2 Src\stm32l4xx_it.o
                0x08001060                UsageFault_Handler
 .text.SVC_Handler
                0x08001062        0x2 Src\stm32l4xx_it.o
                0x08001062                SVC_Handler
 .text.DebugMon_Handler
                0x08001064        0x2 Src\stm32l4xx_it.o
                0x08001064                DebugMon_Handler
 .text.PendSV_Handler
                0x08001066        0x2 Src\stm32l4xx_it.o
                0x08001066                PendSV_Handler
 .text.SysTick_Handler
                0x08001068        0xe Src\stm32l4xx_it.o
                0x08001068                SysTick_Handler
 *fill*         0x08001076        0x2 
 .text.system_ptr_config
                0x08001078      0x158 Src\system.o
                0x08001078                system_ptr_config
 .text.start_up_check
                0x080011d0       0x10 Src\system.o
                0x080011d0                start_up_check
 .text.start_up_procedure
                0x080011e0      0x2ec Src\system.o
                0x080011e0                start_up_procedure
 .text.button_managment
                0x080014cc      0x1ac Src\system.o
                0x080014cc                button_managment
 .text.thermal_management
                0x08001678      0x128 Src\system.o
                0x08001678                thermal_management
 .text.relay_control
                0x080017a0       0x16 Src\system.o
                0x080017a0                relay_control
 *fill*         0x080017b6        0x2 
 .text.system_io_config
                0x080017b8       0x28 Src\system.o
                0x080017b8                system_io_config
 .text.pmic_management
                0x080017e0      0x16c Src\system.o
                0x080017e0                pmic_management
 .text.convert_to_ascii
                0x0800194c       0x7c Src\system.o
                0x0800194c                convert_to_ascii
 .text.string_compare
                0x080019c8       0x40 Src\system.o
                0x080019c8                string_compare
 .text.avg_samp_bank
                0x08001a08       0x40 Src\system.o
                0x08001a08                avg_samp_bank
 .text.adc_management
                0x08001a48       0xf0 Src\system.o
                0x08001a48                adc_management
 .text.raise_avg_flag
                0x08001b38       0x1c Src\system.o
                0x08001b38                raise_avg_flag
 .text.raise_temp_flag
                0x08001b54       0x1c Src\system.o
                0x08001b54                raise_temp_flag
 .text.add_sample
                0x08001b70       0xec Src\system.o
                0x08001b70                add_sample
 .text.dc_search
                0x08001c5c       0x3e Src\system.o
                0x08001c5c                dc_search
 *fill*         0x08001c9a        0x2 
 .text.current_decode
                0x08001c9c       0x80 Src\system.o
                0x08001c9c                current_decode
 .text.voltage_decode
                0x08001d1c       0x6c Src\system.o
                0x08001d1c                voltage_decode
 .text.exp_voltage_decode
                0x08001d88       0x6c Src\system.o
                0x08001d88                exp_voltage_decode
 .text.flagclear
                0x08001df4       0x18 Src\system.o
                0x08001df4                flagclear
 .text.tempreport
                0x08001e0c       0x5c Src\system.o
                0x08001e0c                tempreport
 .text.tim1report
                0x08001e68       0xe8 Src\system.o
                0x08001e68                tim1report
 .text.voltreport
                0x08001f50       0xa4 Src\system.o
                0x08001f50                voltreport
 .text.timereport
                0x08001ff4       0x7c Src\system.o
                0x08001ff4                timereport
 .text.bankreport
                0x08002070       0x78 Src\system.o
                0x08002070                bankreport
 .text.flagreport
                0x080020e8       0x44 Src\system.o
                0x080020e8                flagreport
 .text.convreport
                0x0800212c       0x5c Src\system.o
                0x0800212c                convreport
 .text.tbankreport
                0x08002188       0x58 Src\system.o
                0x08002188                tbankreport
 .text.stupreport
                0x080021e0       0x28 Src\system.o
                0x080021e0                stupreport
 .text.dacreport
                0x08002208       0x28 Src\system.o
                0x08002208                dacreport
 .text.adcreport
                0x08002230       0x64 Src\system.o
                0x08002230                adcreport
 .text.system_ins_search
                0x08002294      0x25c Src\system.o
                0x08002294                system_ins_search
 .text.system_management
                0x080024f0       0x2c Src\system.o
                0x080024f0                system_management
 .text.SystemInit
                0x0800251c       0x48 Src\system_stm32l4xx.o
                0x0800251c                SystemInit
 .text.set_duty_cycle.part.0
                0x08002564       0x30 Src\tim1.o
 .text.buck_mode
                0x08002594       0x44 Src\tim1.o
                0x08002594                buck_mode
 .text.lockout_mode
                0x080025d8       0x40 Src\tim1.o
                0x080025d8                lockout_mode
 .text.tim1_enable
                0x08002618       0xb4 Src\tim1.o
                0x08002618                tim1_enable
 .text.mode_check
                0x080026cc        0xc Src\tim1.o
                0x080026cc                mode_check
 .text.duty_cycle_increment
                0x080026d8       0x48 Src\tim1.o
                0x080026d8                duty_cycle_increment
 .text.duty_cycle_decrement
                0x08002720       0x40 Src\tim1.o
                0x08002720                duty_cycle_decrement
 .text.set_duty_cycle
                0x08002760        0xa Src\tim1.o
                0x08002760                set_duty_cycle
 *fill*         0x0800276a        0x2 
 .text.uart1_enable
                0x0800276c       0xb0 Src\uart1.o
                0x0800276c                uart1_enable
 .text.uart1_transmit
                0x0800281c       0x34 Src\uart1.o
                0x0800281c                uart1_transmit
 .text.uart1_buffer_char
                0x08002850       0x7c Src\uart1.o
                0x08002850                uart1_buffer_char
 .text.cmd_execute
                0x080028cc       0x18 Src\uart1.o
                0x080028cc                cmd_execute
 .text.uart1_get_flags
                0x080028e4        0xc Src\uart1.o
                0x080028e4                uart1_get_flags
 .text.Reset_Handler
                0x080028f0       0x50 startup\startup_stm32l432xx.o
                0x080028f0                Reset_Handler
 .text.Default_Handler
                0x08002940        0x2 startup\startup_stm32l432xx.o
                0x08002940                RTC_Alarm_IRQHandler
                0x08002940                EXTI2_IRQHandler
                0x08002940                TIM1_CC_IRQHandler
                0x08002940                TSC_IRQHandler
                0x08002940                TAMP_STAMP_IRQHandler
                0x08002940                EXTI3_IRQHandler
                0x08002940                LPTIM2_IRQHandler
                0x08002940                I2C3_ER_IRQHandler
                0x08002940                EXTI0_IRQHandler
                0x08002940                CAN1_RX0_IRQHandler
                0x08002940                FPU_IRQHandler
                0x08002940                TIM1_UP_TIM16_IRQHandler
                0x08002940                SPI1_IRQHandler
                0x08002940                TIM6_DAC_IRQHandler
                0x08002940                DMA2_Channel2_IRQHandler
                0x08002940                DMA1_Channel4_IRQHandler
                0x08002940                DMA1_Channel7_IRQHandler
                0x08002940                CAN1_RX1_IRQHandler
                0x08002940                DMA2_Channel1_IRQHandler
                0x08002940                QUADSPI_IRQHandler
                0x08002940                I2C1_EV_IRQHandler
                0x08002940                DMA1_Channel6_IRQHandler
                0x08002940                DMA2_Channel4_IRQHandler
                0x08002940                RCC_IRQHandler
                0x08002940                TIM1_TRG_COM_IRQHandler
                0x08002940                DMA1_Channel1_IRQHandler
                0x08002940                Default_Handler
                0x08002940                DMA2_Channel7_IRQHandler
                0x08002940                EXTI15_10_IRQHandler
                0x08002940                TIM7_IRQHandler
                0x08002940                I2C3_EV_IRQHandler
                0x08002940                USB_IRQHandler
                0x08002940                EXTI9_5_IRQHandler
                0x08002940                RTC_WKUP_IRQHandler
                0x08002940                PVD_PVM_IRQHandler
                0x08002940                CAN1_TX_IRQHandler
                0x08002940                DMA2_Channel5_IRQHandler
                0x08002940                CRS_IRQHandler
                0x08002940                DMA1_Channel5_IRQHandler
                0x08002940                EXTI4_IRQHandler
                0x08002940                RNG_IRQHandler
                0x08002940                DMA1_Channel3_IRQHandler
                0x08002940                COMP_IRQHandler
                0x08002940                WWDG_IRQHandler
                0x08002940                LPUART1_IRQHandler
                0x08002940                DMA2_Channel6_IRQHandler
                0x08002940                TIM2_IRQHandler
                0x08002940                EXTI1_IRQHandler
                0x08002940                USART2_IRQHandler
                0x08002940                DMA1_Channel2_IRQHandler
                0x08002940                CAN1_SCE_IRQHandler
                0x08002940                FLASH_IRQHandler
                0x08002940                SPI3_IRQHandler
                0x08002940                I2C1_ER_IRQHandler
                0x08002940                SWPMI1_IRQHandler
                0x08002940                SAI1_IRQHandler
                0x08002940                DMA2_Channel3_IRQHandler
                0x08002940                TIM1_BRK_TIM15_IRQHandler
 *fill*         0x08002942        0x2 
 .text.__libc_init_array
                0x08002944       0x48 c:/program files (x86)/atollic/truestudio for stm32 9.0.1/armtools/bin/../lib/gcc/arm-atollic-eabi/6.3.1/../../../../arm-atollic-eabi/lib/armv7e-m/fpu\libc_nano.a(lib_a-init.o)
                0x08002944                __libc_init_array
 *(.glue_7)
 .glue_7        0x0800298c        0x0 linker stubs
 *(.glue_7t)
 .glue_7t       0x0800298c        0x0 linker stubs
 *(.eh_frame)
 .eh_frame      0x0800298c        0x0 c:/program files (x86)/atollic/truestudio for stm32 9.0.1/armtools/bin/../lib/gcc/arm-atollic-eabi/6.3.1/armv7e-m/fpu/crtbegin.o
 *(.init)
 .init          0x0800298c        0x4 c:/program files (x86)/atollic/truestudio for stm32 9.0.1/armtools/bin/../lib/gcc/arm-atollic-eabi/6.3.1/armv7e-m/fpu/crti.o
                0x0800298c                _init
 .init          0x08002990        0x8 c:/program files (x86)/atollic/truestudio for stm32 9.0.1/armtools/bin/../lib/gcc/arm-atollic-eabi/6.3.1/armv7e-m/fpu/crtn.o
 *(.fini)
 .fini          0x08002998        0x4 c:/program files (x86)/atollic/truestudio for stm32 9.0.1/armtools/bin/../lib/gcc/arm-atollic-eabi/6.3.1/armv7e-m/fpu/crti.o
                0x08002998                _fini
 .fini          0x0800299c        0x8 c:/program files (x86)/atollic/truestudio for stm32 9.0.1/armtools/bin/../lib/gcc/arm-atollic-eabi/6.3.1/armv7e-m/fpu/crtn.o
                0x080029a4                . = ALIGN (0x4)
                0x080029a4                _etext = .

.vfp11_veneer   0x080029a4        0x0
 .vfp11_veneer  0x080029a4        0x0 linker stubs

.v4_bx          0x080029a4        0x0
 .v4_bx         0x080029a4        0x0 linker stubs

.iplt           0x080029a4        0x0
 .iplt          0x080029a4        0x0 c:/program files (x86)/atollic/truestudio for stm32 9.0.1/armtools/bin/../lib/gcc/arm-atollic-eabi/6.3.1/armv7e-m/fpu/crtbegin.o

.rodata         0x080029a4       0x40
                0x080029a4                . = ALIGN (0x4)
 *(.rodata)
 *(.rodata*)
 .rodata.AHBPrescTable
                0x080029a4       0x10 Src\system_stm32l4xx.o
                0x080029a4                AHBPrescTable
 .rodata.MSIRangeTable
                0x080029b4       0x30 Src\system_stm32l4xx.o
                0x080029b4                MSIRangeTable
                0x080029e4                . = ALIGN (0x4)

.rel.dyn        0x080029e4        0x0
 .rel.iplt      0x080029e4        0x0 c:/program files (x86)/atollic/truestudio for stm32 9.0.1/armtools/bin/../lib/gcc/arm-atollic-eabi/6.3.1/armv7e-m/fpu/crtbegin.o

.ARM.extab
 *(.ARM.extab* .gnu.linkonce.armextab.*)

.ARM            0x080029e4        0x0
                0x080029e4                __exidx_start = .
 *(.ARM.exidx*)
                0x080029e4                __exidx_end = .

.preinit_array  0x080029e4        0x0
                0x080029e4                PROVIDE (__preinit_array_start, .)
 *(.preinit_array*)
                0x080029e4                PROVIDE (__preinit_array_end, .)

.init_array     0x080029e4        0x4
                0x080029e4                PROVIDE (__init_array_start, .)
 *(SORT(.init_array.*))
 *(.init_array*)
 .init_array    0x080029e4        0x4 c:/program files (x86)/atollic/truestudio for stm32 9.0.1/armtools/bin/../lib/gcc/arm-atollic-eabi/6.3.1/armv7e-m/fpu/crtbegin.o
                0x080029e8                PROVIDE (__init_array_end, .)

.fini_array     0x080029e8        0x4
                [!provide]                PROVIDE (__fini_array_start, .)
 *(SORT(.fini_array.*))
 *(.fini_array*)
 .fini_array    0x080029e8        0x4 c:/program files (x86)/atollic/truestudio for stm32 9.0.1/armtools/bin/../lib/gcc/arm-atollic-eabi/6.3.1/armv7e-m/fpu/crtbegin.o
                [!provide]                PROVIDE (__fini_array_end, .)
                0x080029ec                _sidata = LOADADDR (.data)

.data           0x20000000      0x434 load address 0x080029ec
                0x20000000                . = ALIGN (0x4)
                0x20000000                _sdata = .
 *(.data)
 *(.data*)
 .data.adc      0x20000000       0x21 Src\system.o
                0x20000000                adc
 .data.bankrpt  0x20000021       0x21 Src\system.o
                0x20000021                bankrpt
 .data.boost    0x20000042       0x21 Src\system.o
                0x20000042                boost
 .data.buck     0x20000063       0x21 Src\system.o
                0x20000063                buck
 .data.capC     0x20000084       0x21 Src\system.o
                0x20000084                capC
 .data.capE     0x200000a5       0x21 Src\system.o
                0x200000a5                capE
 .data.capI     0x200000c6       0x21 Src\system.o
                0x200000c6                capI
 .data.capO     0x200000e7       0x21 Src\system.o
                0x200000e7                capO
 .data.cli_return
                0x20000108       0x21 Src\system.o
                0x20000108                cli_return
 .data.convrpt  0x20000129       0x21 Src\system.o
                0x20000129                convrpt
 .data.cp1      0x2000014a       0x21 Src\system.o
                0x2000014a                cp1
 .data.csrs     0x2000016b       0x21 Src\system.o
                0x2000016b                csrs
 .data.dacdn    0x2000018c       0x21 Src\system.o
                0x2000018c                dacdn
 .data.dacmn    0x200001ad       0x21 Src\system.o
                0x200001ad                dacmn
 .data.dacmx    0x200001ce       0x21 Src\system.o
                0x200001ce                dacmx
 .data.dacrpt   0x200001ef       0x21 Src\system.o
                0x200001ef                dacrpt
 .data.dacup    0x20000210       0x21 Src\system.o
                0x20000210                dacup
 .data.dcp      0x20000231       0x21 Src\system.o
                0x20000231                dcp
 .data.drvdis   0x20000252       0x21 Src\system.o
                0x20000252                drvdis
 .data.drven    0x20000273       0x21 Src\system.o
                0x20000273                drven
 .data.flagclr  0x20000294       0x21 Src\system.o
                0x20000294                flagclr
 .data.flagrpt  0x200002b5       0x21 Src\system.o
                0x200002b5                flagrpt
 .data.lock     0x200002d6       0x21 Src\system.o
                0x200002d6                lock
 .data.money    0x200002f7       0x21 Src\system.o
                0x200002f7                money
 .data.num_1    0x20000318       0x10 Src\system.o
                0x20000318                num_1
 .data.pass     0x20000328       0x21 Src\system.o
                0x20000328                pass
 .data.prompt   0x20000349       0x21 Src\system.o
                0x20000349                prompt
 .data.stuprpt  0x2000036a       0x21 Src\system.o
                0x2000036a                stuprpt
 .data.tbankrpt
                0x2000038b       0x21 Src\system.o
                0x2000038b                tbankrpt
 .data.temprpt  0x200003ac       0x21 Src\system.o
                0x200003ac                temprpt
 .data.timerpt  0x200003cd       0x21 Src\system.o
                0x200003cd                timerpt
 .data.timrpt   0x200003ee       0x21 Src\system.o
                0x200003ee                timrpt
 .data.voltrpt  0x2000040f       0x21 Src\system.o
                0x2000040f                voltrpt
 .data.SystemCoreClock
                0x20000430        0x4 Src\system_stm32l4xx.o
                0x20000430                SystemCoreClock
                0x20000434                . = ALIGN (0x4)
                0x20000434                _edata = .

.igot.plt       0x20000434        0x0 load address 0x08002e20
 .igot.plt      0x20000434        0x0 c:/program files (x86)/atollic/truestudio for stm32 9.0.1/armtools/bin/../lib/gcc/arm-atollic-eabi/6.3.1/armv7e-m/fpu/crtbegin.o
                0x20000434                . = ALIGN (0x4)

.bss            0x20000434     0x115c load address 0x08002e20
                0x20000434                _sbss = .
                0x20000434                __bss_start__ = _sbss
 *(.bss)
 .bss           0x20000434       0x1c c:/program files (x86)/atollic/truestudio for stm32 9.0.1/armtools/bin/../lib/gcc/arm-atollic-eabi/6.3.1/armv7e-m/fpu/crtbegin.o
 *(.bss*)
 *(COMMON)
 COMMON         0x20000450        0x4 Drivers\STM32L4xx_HAL_Driver\Src\stm32l4xx_hal.o
                0x20000450                uwTick
 COMMON         0x20000454        0x4 Src\adc1.o
                0x20000454                adci
 COMMON         0x20000458        0x4 Src\dac.o
                0x20000458                dac_out
 COMMON         0x2000045c       0x18 Src\lptim1.o
                0x2000045c                sys_time
 COMMON         0x20000474        0x4 Src\main.o
                0x20000474                flag_checker
 COMMON         0x20000478        0x8 Src\stm32l4xx_it.o
                0x20000478                data
                0x2000047c                fc
 COMMON         0x20000480     0x109c Src\system.o
                0x20000480                ov_channel
                0x200007a8                stable_count
                0x200007ac                in_temp
                0x20000ad4                hs_i_target
                0x20000ad8                last_tsamp
                0x20000adc                cs_channel
                0x20000e04                button_delay
                0x20000e08                dbg2
                0x20000e0c                up_button_hold_count
                0x20000e10                adc_conversion_channel
                0x20000e14                iv_sample_count
                0x20000e18                sysi
                0x20000e1c                down_button_dbnc
                0x20000e20                system_flags
                0x20000e24                in_sample_count
                0x20000e28                stup_action
                0x20000e2c                sample_end
                0x20000e30                exp_ov
                0x20000e32                v_ovp
                0x20000e34                ex_temp
                0x2000115c                v_uvp
                0x2000115e                wire_error_count
                0x20001160                last_therm_action
                0x20001164                last_pmic_action
                0x20001168                ex_sample_count
                0x2000116c                first_lap
                0x20001170                i_target
                0x20001174                iv_channel
                0x2000149c                dbg1
                0x200014a0                inj_conversion_channel
                0x200014a4                system_time
                0x200014a8                conversion_count
                0x200014ac                avg_dummy
                0x200014b0                start_up_flags
                0x200014b4                pl
                0x200014b8                down_button_hold_count
                0x200014bc                temp_sample_level
                0x200014c0                ov_sample_count
                0x200014c4                celcius
                0x200014c8                cs_offset
                0x200014ca                ts_cal2
                0x200014cc                us_i_target
                0x200014d0                check_delay
                0x200014d4                up_button_dbnc
                0x200014d8                dim_step
                0x200014dc                flags
                0x200014e0                last_vsamp
                0x200014e4                ts_cal1
                0x200014e8                avg_count
                0x200014ec                last_temp
                0x200014ee                wire_sample_level
                0x200014f0                th_i_target
                0x200014f2                num_hold
                0x20001514                cs_sample_count
                0x20001518                cmd
 COMMON         0x2000151c       0x18 Src\tim1.o
                0x2000151c                dc
                0x20001520                percent
                0x20001524                mode
                0x20001528                arr_val
                0x2000152c                dc_val
                0x20001530                clk_freq
 COMMON         0x20001534       0x5a Src\uart1.o
                0x20001534                uart_flags
                0x20001538                output_string
                0x2000153c                outi
                0x2000153d                debug
                0x20001540                attempt_count
                0x20001544                last_command
                0x20001568                last_attempt
                0x2000156c                current_input
                0x2000158d                ui
                0x20001590                . = ALIGN (0x4)
 *fill*         0x2000158e        0x2 
                0x20001590                _ebss = .
                0x20001590                __bss_end__ = _ebss

._user_heap_stack
                0x20001590      0x600 load address 0x08002e20
                0x20001590                . = ALIGN (0x4)
                [!provide]                PROVIDE (end, .)
                [!provide]                PROVIDE (_end, .)
                0x20001790                . = (. + _Min_Heap_Size)
 *fill*         0x20001590      0x200 
                0x20001b90                . = (. + _Min_Stack_Size)
 *fill*         0x20001790      0x400 
                0x20001b90                . = ALIGN (0x4)

/DISCARD/
 libc.a(*)
 libm.a(*)
 libgcc.a(*)

.ARM.attributes
                0x00000000       0x30
 *(.ARM.attributes)
 .ARM.attributes
                0x00000000       0x22 c:/program files (x86)/atollic/truestudio for stm32 9.0.1/armtools/bin/../lib/gcc/arm-atollic-eabi/6.3.1/armv7e-m/fpu/crti.o
 .ARM.attributes
                0x00000022       0x34 c:/program files (x86)/atollic/truestudio for stm32 9.0.1/armtools/bin/../lib/gcc/arm-atollic-eabi/6.3.1/armv7e-m/fpu/crtbegin.o
 .ARM.attributes
                0x00000056       0x39 Drivers\STM32L4xx_HAL_Driver\Src\stm32l4xx_hal.o
 .ARM.attributes
                0x0000008f       0x39 Drivers\STM32L4xx_HAL_Driver\Src\stm32l4xx_hal_cortex.o
 .ARM.attributes
                0x000000c8       0x39 Drivers\STM32L4xx_HAL_Driver\Src\stm32l4xx_hal_pwr_ex.o
 .ARM.attributes
                0x00000101       0x39 Drivers\STM32L4xx_HAL_Driver\Src\stm32l4xx_hal_rcc.o
 .ARM.attributes
                0x0000013a       0x39 Src\adc1.o
 .ARM.attributes
                0x00000173       0x39 Src\dac.o
 .ARM.attributes
                0x000001ac       0x39 Src\lptim1.o
 .ARM.attributes
                0x000001e5       0x39 Src\main.o
 .ARM.attributes
                0x0000021e       0x39 Src\stm32l4xx_hal_msp.o
 .ARM.attributes
                0x00000257       0x39 Src\stm32l4xx_it.o
 .ARM.attributes
                0x00000290       0x39 Src\system.o
 .ARM.attributes
                0x000002c9       0x39 Src\system_stm32l4xx.o
 .ARM.attributes
                0x00000302       0x39 Src\tim1.o
 .ARM.attributes
                0x0000033b       0x39 Src\uart1.o
 .ARM.attributes
                0x00000374       0x21 startup\startup_stm32l432xx.o
 .ARM.attributes
                0x00000395       0x34 c:/program files (x86)/atollic/truestudio for stm32 9.0.1/armtools/bin/../lib/gcc/arm-atollic-eabi/6.3.1/../../../../arm-atollic-eabi/lib/armv7e-m/fpu\libc_nano.a(lib_a-init.o)
 .ARM.attributes
                0x000003c9       0x22 c:/program files (x86)/atollic/truestudio for stm32 9.0.1/armtools/bin/../lib/gcc/arm-atollic-eabi/6.3.1/armv7e-m/fpu/crtn.o
OUTPUT(BuckOS_0.000.elf elf32-littlearm)

.debug_info     0x00000000    0x11039
 .debug_info    0x00000000     0x1183 Drivers\STM32L4xx_HAL_Driver\Src\stm32l4xx_hal.o
 .debug_info    0x00001183     0x16f5 Drivers\STM32L4xx_HAL_Driver\Src\stm32l4xx_hal_cortex.o
 .debug_info    0x00002878     0x1213 Drivers\STM32L4xx_HAL_Driver\Src\stm32l4xx_hal_pwr_ex.o
 .debug_info    0x00003a8b     0x1598 Drivers\STM32L4xx_HAL_Driver\Src\stm32l4xx_hal_rcc.o
 .debug_info    0x00005023     0x13b0 Src\adc1.o
 .debug_info    0x000063d3      0xdbf Src\dac.o
 .debug_info    0x00007192     0x11b1 Src\lptim1.o
 .debug_info    0x00008343      0xf4d Src\main.o
 .debug_info    0x00009290      0xe53 Src\stm32l4xx_hal_msp.o
 .debug_info    0x0000a0e3      0xe5b Src\stm32l4xx_it.o
 .debug_info    0x0000af3e     0x2fb0 Src\system.o
 .debug_info    0x0000deee      0xde2 Src\system_stm32l4xx.o
 .debug_info    0x0000ecd0      0xf4a Src\tim1.o
 .debug_info    0x0000fc1a     0x139c Src\uart1.o
 .debug_info    0x00010fb6       0x83 startup\startup_stm32l432xx.o

.debug_abbrev   0x00000000     0x23a4
 .debug_abbrev  0x00000000      0x2c0 Drivers\STM32L4xx_HAL_Driver\Src\stm32l4xx_hal.o
 .debug_abbrev  0x000002c0      0x37d Drivers\STM32L4xx_HAL_Driver\Src\stm32l4xx_hal_cortex.o
 .debug_abbrev  0x0000063d      0x2c7 Drivers\STM32L4xx_HAL_Driver\Src\stm32l4xx_hal_pwr_ex.o
 .debug_abbrev  0x00000904      0x2d2 Drivers\STM32L4xx_HAL_Driver\Src\stm32l4xx_hal_rcc.o
 .debug_abbrev  0x00000bd6      0x25b Src\adc1.o
 .debug_abbrev  0x00000e31      0x1bf Src\dac.o
 .debug_abbrev  0x00000ff0      0x284 Src\lptim1.o
 .debug_abbrev  0x00001274      0x263 Src\main.o
 .debug_abbrev  0x000014d7      0x1f5 Src\stm32l4xx_hal_msp.o
 .debug_abbrev  0x000016cc      0x245 Src\stm32l4xx_it.o
 .debug_abbrev  0x00001911      0x387 Src\system.o
 .debug_abbrev  0x00001c98      0x1eb Src\system_stm32l4xx.o
 .debug_abbrev  0x00001e83      0x283 Src\tim1.o
 .debug_abbrev  0x00002106      0x28c Src\uart1.o
 .debug_abbrev  0x00002392       0x12 startup\startup_stm32l432xx.o

.debug_loc      0x00000000     0x1d02
 .debug_loc     0x00000000       0x76 Drivers\STM32L4xx_HAL_Driver\Src\stm32l4xx_hal.o
 .debug_loc     0x00000076      0x4fb Drivers\STM32L4xx_HAL_Driver\Src\stm32l4xx_hal_cortex.o
 .debug_loc     0x00000571      0x3eb Drivers\STM32L4xx_HAL_Driver\Src\stm32l4xx_hal_pwr_ex.o
 .debug_loc     0x0000095c      0x5a9 Drivers\STM32L4xx_HAL_Driver\Src\stm32l4xx_hal_rcc.o
 .debug_loc     0x00000f05       0x50 Src\adc1.o
 .debug_loc     0x00000f55       0x98 Src\dac.o
 .debug_loc     0x00000fed       0xa3 Src\lptim1.o
 .debug_loc     0x00001090      0x964 Src\system.o
 .debug_loc     0x000019f4      0x1be Src\system_stm32l4xx.o
 .debug_loc     0x00001bb2       0xb2 Src\tim1.o
 .debug_loc     0x00001c64       0x9e Src\uart1.o

.debug_aranges  0x00000000      0x6a0
 .debug_aranges
                0x00000000       0xe8 Drivers\STM32L4xx_HAL_Driver\Src\stm32l4xx_hal.o
 .debug_aranges
                0x000000e8       0xa8 Drivers\STM32L4xx_HAL_Driver\Src\stm32l4xx_hal_cortex.o
 .debug_aranges
                0x00000190      0x100 Drivers\STM32L4xx_HAL_Driver\Src\stm32l4xx_hal_pwr_ex.o
 .debug_aranges
                0x00000290       0x88 Drivers\STM32L4xx_HAL_Driver\Src\stm32l4xx_hal_rcc.o
 .debug_aranges
                0x00000318       0x30 Src\adc1.o
 .debug_aranges
                0x00000348       0x38 Src\dac.o
 .debug_aranges
                0x00000380       0x30 Src\lptim1.o
 .debug_aranges
                0x000003b0       0x30 Src\main.o
 .debug_aranges
                0x000003e0       0x20 Src\stm32l4xx_hal_msp.o
 .debug_aranges
                0x00000400       0x60 Src\stm32l4xx_it.o
 .debug_aranges
                0x00000460      0x140 Src\system.o
 .debug_aranges
                0x000005a0       0x28 Src\system_stm32l4xx.o
 .debug_aranges
                0x000005c8       0x70 Src\tim1.o
 .debug_aranges
                0x00000638       0x40 Src\uart1.o
 .debug_aranges
                0x00000678       0x28 startup\startup_stm32l432xx.o

.debug_ranges   0x00000000      0x730
 .debug_ranges  0x00000000       0xd8 Drivers\STM32L4xx_HAL_Driver\Src\stm32l4xx_hal.o
 .debug_ranges  0x000000d8      0x138 Drivers\STM32L4xx_HAL_Driver\Src\stm32l4xx_hal_cortex.o
 .debug_ranges  0x00000210       0xf0 Drivers\STM32L4xx_HAL_Driver\Src\stm32l4xx_hal_pwr_ex.o
 .debug_ranges  0x00000300       0x90 Drivers\STM32L4xx_HAL_Driver\Src\stm32l4xx_hal_rcc.o
 .debug_ranges  0x00000390       0x20 Src\adc1.o
 .debug_ranges  0x000003b0       0x28 Src\dac.o
 .debug_ranges  0x000003d8       0x50 Src\lptim1.o
 .debug_ranges  0x00000428       0x20 Src\main.o
 .debug_ranges  0x00000448       0x40 Src\stm32l4xx_hal_msp.o
 .debug_ranges  0x00000488       0x50 Src\stm32l4xx_it.o
 .debug_ranges  0x000004d8      0x160 Src\system.o
 .debug_ranges  0x00000638       0x18 Src\system_stm32l4xx.o
 .debug_ranges  0x00000650       0x60 Src\tim1.o
 .debug_ranges  0x000006b0       0x60 Src\uart1.o
 .debug_ranges  0x00000710       0x20 startup\startup_stm32l432xx.o

.debug_line     0x00000000     0x3875
 .debug_line    0x00000000      0x48e Drivers\STM32L4xx_HAL_Driver\Src\stm32l4xx_hal.o
 .debug_line    0x0000048e      0x4d5 Drivers\STM32L4xx_HAL_Driver\Src\stm32l4xx_hal_cortex.o
 .debug_line    0x00000963      0x5d4 Drivers\STM32L4xx_HAL_Driver\Src\stm32l4xx_hal_pwr_ex.o
 .debug_line    0x00000f37      0x654 Drivers\STM32L4xx_HAL_Driver\Src\stm32l4xx_hal_rcc.o
 .debug_line    0x0000158b      0x29c Src\adc1.o
 .debug_line    0x00001827      0x278 Src\dac.o
 .debug_line    0x00001a9f      0x299 Src\lptim1.o
 .debug_line    0x00001d38      0x36e Src\main.o
 .debug_line    0x000020a6      0x28e Src\stm32l4xx_hal_msp.o
 .debug_line    0x00002334      0x351 Src\stm32l4xx_it.o
 .debug_line    0x00002685      0x8bc Src\system.o
 .debug_line    0x00002f41      0x2a8 Src\system_stm32l4xx.o
 .debug_line    0x000031e9      0x323 Src\tim1.o
 .debug_line    0x0000350c      0x2ea Src\uart1.o
 .debug_line    0x000037f6       0x7f startup\startup_stm32l432xx.o

.debug_str      0x00000000     0x25bf
 .debug_str     0x00000000      0xe3f Drivers\STM32L4xx_HAL_Driver\Src\stm32l4xx_hal.o
                                0xef3 (size before relaxing)
 .debug_str     0x00000e3f      0x3da Drivers\STM32L4xx_HAL_Driver\Src\stm32l4xx_hal_cortex.o
                                0xf87 (size before relaxing)
 .debug_str     0x00001219      0x4b2 Drivers\STM32L4xx_HAL_Driver\Src\stm32l4xx_hal_pwr_ex.o
                                0xbd1 (size before relaxing)
 .debug_str     0x000016cb      0x3f4 Drivers\STM32L4xx_HAL_Driver\Src\stm32l4xx_hal_rcc.o
                                0xc69 (size before relaxing)
 .debug_str     0x00001abf       0xed Src\adc1.o
                                0xd4c (size before relaxing)
 .debug_str     0x00001bac       0xbb Src\dac.o
                                0x88b (size before relaxing)
 .debug_str     0x00001c67       0x5d Src\lptim1.o
                                0xc84 (size before relaxing)
 .debug_str     0x00001cc4       0xeb Src\main.o
                                0xd40 (size before relaxing)
 .debug_str     0x00001daf       0x1b Src\stm32l4xx_hal_msp.o
                                0xbb5 (size before relaxing)
 .debug_str     0x00001dca      0x12e Src\stm32l4xx_it.o
                                0x8a0 (size before relaxing)
 .debug_str     0x00001ef8      0x5d0 Src\system.o
                               0x1028 (size before relaxing)
 .debug_str     0x000024c8       0x3b Src\system_stm32l4xx.o
                                0x843 (size before relaxing)
 .debug_str     0x00002503       0x4b Src\tim1.o
                                0x8d2 (size before relaxing)
 .debug_str     0x0000254e       0x71 Src\uart1.o
                                0xd55 (size before relaxing)

.comment        0x00000000       0x7c
 .comment       0x00000000       0x7c Drivers\STM32L4xx_HAL_Driver\Src\stm32l4xx_hal.o
                                 0x7d (size before relaxing)
 .comment       0x0000007c       0x7d Drivers\STM32L4xx_HAL_Driver\Src\stm32l4xx_hal_cortex.o
 .comment       0x0000007c       0x7d Drivers\STM32L4xx_HAL_Driver\Src\stm32l4xx_hal_pwr_ex.o
 .comment       0x0000007c       0x7d Drivers\STM32L4xx_HAL_Driver\Src\stm32l4xx_hal_rcc.o
 .comment       0x0000007c       0x7d Src\adc1.o
 .comment       0x0000007c       0x7d Src\dac.o
 .comment       0x0000007c       0x7d Src\lptim1.o
 .comment       0x0000007c       0x7d Src\main.o
 .comment       0x0000007c       0x7d Src\stm32l4xx_hal_msp.o
 .comment       0x0000007c       0x7d Src\stm32l4xx_it.o
 .comment       0x0000007c       0x7d Src\system.o
 .comment       0x0000007c       0x7d Src\system_stm32l4xx.o
 .comment       0x0000007c       0x7d Src\tim1.o
 .comment       0x0000007c       0x7d Src\uart1.o

.debug_frame    0x00000000      0xec8
 .debug_frame   0x00000000      0x1e4 Drivers\STM32L4xx_HAL_Driver\Src\stm32l4xx_hal.o
 .debug_frame   0x000001e4      0x158 Drivers\STM32L4xx_HAL_Driver\Src\stm32l4xx_hal_cortex.o
 .debug_frame   0x0000033c      0x1f8 Drivers\STM32L4xx_HAL_Driver\Src\stm32l4xx_hal_pwr_ex.o
 .debug_frame   0x00000534      0x15c Drivers\STM32L4xx_HAL_Driver\Src\stm32l4xx_hal_rcc.o
 .debug_frame   0x00000690       0x40 Src\adc1.o
 .debug_frame   0x000006d0       0x50 Src\dac.o
 .debug_frame   0x00000720       0x40 Src\lptim1.o
 .debug_frame   0x00000760       0x58 Src\main.o
 .debug_frame   0x000007b8       0x2c Src\stm32l4xx_hal_msp.o
 .debug_frame   0x000007e4       0xf8 Src\stm32l4xx_it.o
 .debug_frame   0x000008dc      0x430 Src\system.o
 .debug_frame   0x00000d0c       0x38 Src\system_stm32l4xx.o
 .debug_frame   0x00000d44       0xd4 Src\tim1.o
 .debug_frame   0x00000e18       0x84 Src\uart1.o
 .debug_frame   0x00000e9c       0x2c c:/program files (x86)/atollic/truestudio for stm32 9.0.1/armtools/bin/../lib/gcc/arm-atollic-eabi/6.3.1/../../../../arm-atollic-eabi/lib/armv7e-m/fpu\libc_nano.a(lib_a-init.o)
