Archive member included to satisfy reference by file (symbol)

c:/program files (x86)/atollic/truestudio for stm32 9.3.0/armtools/bin/../lib/gcc/arm-atollic-eabi/6.3.1/../../../../arm-atollic-eabi/lib/armv7e-m/fpu\libc_nano.a(lib_a-init.o)
                              startup\startup_stm32l432xx.o (__libc_init_array)

Allocating common symbols
Common symbol       size              file

ov_channel          0x6c              Src\system.o
stable_count        0x1               Src\system.o
in_temp             0x6c              Src\system.o
hs_i_target         0x2               Src\system.o
last_tsamp          0x4               Src\system.o
cs_channel          0x6c              Src\system.o
button_delay        0x4               Src\system.o
dbg2                0x4               Src\system.o
up_button_hold_count
                    0x4               Src\system.o
adc_conversion_channel
                    0x4               Src\system.o
sys_time            0x18              Src\lptim1.o
iv_sample_count     0x4               Src\system.o
dc                  0x1               Src\tim1.o
sysi                0x1               Src\system.o
uart_flags          0x1               Src\uart1.o
output_string       0x4               Src\uart1.o
down_button_dbnc    0x4               Src\system.o
outi                0x1               Src\uart1.o
system_flags        0x4               Src\system.o
in_sample_count     0x4               Src\system.o
stup_action         0x4               Src\system.o
sample_end          0x4               Src\system.o
exp_ov              0x2               Src\system.o
v_ovp               0x2               Src\system.o
ex_temp             0x6c              Src\system.o
percent             0x4               Src\tim1.o
uwTick              0x4               Drivers\STM32L4xx_HAL_Driver\Src\stm32l4xx_hal.o
v_uvp               0x2               Src\system.o
wire_error_count    0x2               Src\system.o
debug               0x1               Src\uart1.o
last_therm_action   0x4               Src\system.o
pFlash              0x20              Drivers\STM32L4xx_HAL_Driver\Src\stm32l4xx_hal_flash.o
last_pmic_action    0x4               Src\system.o
ex_sample_count     0x4               Src\system.o
first_lap           0x4               Src\system.o
i_target            0x2               Src\system.o
adci                0x4               Src\adc1.o
iv_channel          0x6c              Src\system.o
mode                0x1               Src\tim1.o
dbg1                0x4               Src\system.o
inj_conversion_channel
                    0x4               Src\system.o
attempt_count       0x4               Src\uart1.o
system_time         0x4               Src\system.o
last_command        0x21              Src\uart1.o
arr_val             0x4               Src\tim1.o
conversion_count    0x4               Src\system.o
avg_dummy           0x4               Src\system.o
last_attempt        0x4               Src\uart1.o
start_up_flags      0x4               Src\system.o
pl                  0x4               Src\system.o
down_button_hold_count
                    0x4               Src\system.o
temp_sample_level   0x2               Src\system.o
data                0x2               Src\stm32l4xx_it.o
current_input       0x21              Src\uart1.o
ov_sample_count     0x4               Src\system.o
fc                  0x4               Src\stm32l4xx_it.o
celcius             0x4               Src\system.o
dac_out             0x4               Src\dac.o
dc_val              0x4               Src\tim1.o
cs_offset           0x2               Src\system.o
ts_cal2             0x2               Src\system.o
ui                  0x1               Src\uart1.o
us_i_target         0x2               Src\system.o
check_delay         0x4               Src\system.o
up_button_dbnc      0x4               Src\system.o
clk_freq            0x4               Src\tim1.o
flag_checker        0x4               Src\main.o
dim_step            0x4               Src\system.o
flags               0x1               Src\system.o
last_vsamp          0x4               Src\system.o
ts_cal1             0x2               Src\system.o
avg_count           0x4               Src\system.o
last_temp           0x2               Src\system.o
wire_sample_level   0x2               Src\system.o
th_i_target         0x2               Src\system.o
num_hold            0x21              Src\system.o
cs_sample_count     0x4               Src\system.o
cmd                 0x4               Src\system.o

Discarded input sections

 .text          0x00000000        0x0 c:/program files (x86)/atollic/truestudio for stm32 9.3.0/armtools/bin/../lib/gcc/arm-atollic-eabi/6.3.1/armv7e-m/fpu/crti.o
 .data          0x00000000        0x0 c:/program files (x86)/atollic/truestudio for stm32 9.3.0/armtools/bin/../lib/gcc/arm-atollic-eabi/6.3.1/armv7e-m/fpu/crti.o
[...]
Memory Configuration

Name             Origin             Length             Attributes
RAM              0x20000000         0x00010000         xrw
FLASH            0x08000000         0x00040000         xr
*default*        0x00000000         0xffffffff

Linker script and memory map

LOAD c:/program files (x86)/atollic/truestudio for stm32 9.3.0/armtools/bin/../lib/gcc/arm-atollic-eabi/6.3.1/armv7e-m/fpu/crti.o
LOAD c:/program files (x86)/atollic/truestudio for stm32 9.3.0/armtools/bin/../lib/gcc/arm-atollic-eabi/6.3.1/armv7e-m/fpu/crtbegin.o
LOAD Drivers\STM32L4xx_HAL_Driver\Src\stm32l4xx_hal.o
LOAD Drivers\STM32L4xx_HAL_Driver\Src\stm32l4xx_hal_cortex.o
LOAD Drivers\STM32L4xx_HAL_Driver\Src\stm32l4xx_hal_dma.o
LOAD Drivers\STM32L4xx_HAL_Driver\Src\stm32l4xx_hal_dma_ex.o
LOAD Drivers\STM32L4xx_HAL_Driver\Src\stm32l4xx_hal_flash.o
LOAD Drivers\STM32L4xx_HAL_Driver\Src\stm32l4xx_hal_flash_ex.o
LOAD Drivers\STM32L4xx_HAL_Driver\Src\stm32l4xx_hal_flash_ramfunc.o
LOAD Drivers\STM32L4xx_HAL_Driver\Src\stm32l4xx_hal_gpio.o
LOAD Drivers\STM32L4xx_HAL_Driver\Src\stm32l4xx_hal_i2c.o
LOAD Drivers\STM32L4xx_HAL_Driver\Src\stm32l4xx_hal_i2c_ex.o
LOAD Drivers\STM32L4xx_HAL_Driver\Src\stm32l4xx_hal_pwr.o
LOAD Drivers\STM32L4xx_HAL_Driver\Src\stm32l4xx_hal_pwr_ex.o
LOAD Drivers\STM32L4xx_HAL_Driver\Src\stm32l4xx_hal_rcc.o
LOAD Drivers\STM32L4xx_HAL_Driver\Src\stm32l4xx_hal_rcc_ex.o
LOAD Drivers\STM32L4xx_HAL_Driver\Src\stm32l4xx_hal_tim.o
LOAD Drivers\STM32L4xx_HAL_Driver\Src\stm32l4xx_hal_tim_ex.o
LOAD Src\adc1.o
LOAD Src\dac.o
LOAD Src\lptim1.o
LOAD Src\main.o
LOAD Src\stm32l4xx_hal_msp.o
LOAD Src\stm32l4xx_it.o
LOAD Src\system.o
LOAD Src\system_stm32l4xx.o
LOAD Src\tim1.o
LOAD Src\uart1.o
LOAD startup\startup_stm32l432xx.o
                0x00000080                malloc_getpagesize_P = 0x80
START GROUP
LOAD c:/program files (x86)/atollic/truestudio for stm32 9.3.0/armtools/bin/../lib/gcc/arm-atollic-eabi/6.3.1/../../../../arm-atollic-eabi/lib/armv7e-m/fpu\libc_nano.a
LOAD c:/program files (x86)/atollic/truestudio for stm32 9.3.0/armtools/bin/../lib/gcc/arm-atollic-eabi/6.3.1/../../../../arm-atollic-eabi/lib/armv7e-m/fpu\libm.a
END GROUP
START GROUP
LOAD c:/program files (x86)/atollic/truestudio for stm32 9.3.0/armtools/bin/../lib/gcc/arm-atollic-eabi/6.3.1/armv7e-m/fpu\libgcc.a
LOAD c:/program files (x86)/atollic/truestudio for stm32 9.3.0/armtools/bin/../lib/gcc/arm-atollic-eabi/6.3.1/../../../../arm-atollic-eabi/lib/armv7e-m/fpu\libc_nano.a
END GROUP
START GROUP
LOAD c:/program files (x86)/atollic/truestudio for stm32 9.3.0/armtools/bin/../lib/gcc/arm-atollic-eabi/6.3.1/armv7e-m/fpu\libgcc.a
LOAD c:/program files (x86)/atollic/truestudio for stm32 9.3.0/armtools/bin/../lib/gcc/arm-atollic-eabi/6.3.1/../../../../arm-atollic-eabi/lib/armv7e-m/fpu\libc_nano.a
LOAD c:/program files (x86)/atollic/truestudio for stm32 9.3.0/armtools/bin/../lib/gcc/arm-atollic-eabi/6.3.1/../../../../arm-atollic-eabi/lib/armv7e-m/fpu\libnosys.a
END GROUP
START GROUP
LOAD c:/program files (x86)/atollic/truestudio for stm32 9.3.0/armtools/bin/../lib/gcc/arm-atollic-eabi/6.3.1/armv7e-m/fpu\libgcc.a
LOAD c:/program files (x86)/atollic/truestudio for stm32 9.3.0/armtools/bin/../lib/gcc/arm-atollic-eabi/6.3.1/../../../../arm-atollic-eabi/lib/armv7e-m/fpu\libc_nano.a
LOAD c:/program files (x86)/atollic/truestudio for stm32 9.3.0/armtools/bin/../lib/gcc/arm-atollic-eabi/6.3.1/../../../../arm-atollic-eabi/lib/armv7e-m/fpu\libnosys.a
END GROUP
LOAD c:/program files (x86)/atollic/truestudio for stm32 9.3.0/armtools/bin/../lib/gcc/arm-atollic-eabi/6.3.1/armv7e-m/fpu/crtend.o
LOAD c:/program files (x86)/atollic/truestudio for stm32 9.3.0/armtools/bin/../lib/gcc/arm-atollic-eabi/6.3.1/armv7e-m/fpu/crtn.o
                0x20010000                _estack = 0x20010000
                0x00000200                _Min_Heap_Size = 0x200
                0x00000400                _Min_Stack_Size = 0x400

.isr_vector     0x08000000      0x18c
                0x08000000                . = ALIGN (0x4)
 *(.isr_vector)
 .isr_vector    0x08000000      0x18c startup\startup_stm32l432xx.o
                0x08000000                g_pfnVectors
                0x0800018c                . = ALIGN (0x4)

.text           0x0800018c     0x27e4
                0x0800018c                . = ALIGN (0x4)
 *(.text)
 .text          0x0800018c       0x40 c:/program files (x86)/atollic/truestudio for stm32 9.3.0/armtools/bin/../lib/gcc/arm-atollic-eabi/6.3.1/armv7e-m/fpu/crtbegin.o
 *(.text*)
 .text.HAL_InitTick
                0x080001cc       0x28 Drivers\STM32L4xx_HAL_Driver\Src\stm32l4xx_hal.o
                0x080001cc                HAL_InitTick
 .text.HAL_Init
                0x080001f4       0x16 Drivers\STM32L4xx_HAL_Driver\Src\stm32l4xx_hal.o
                0x080001f4                HAL_Init
 *fill*         0x0800020a        0x2 
 .text.HAL_IncTick
                0x0800020c       0x10 Drivers\STM32L4xx_HAL_Driver\Src\stm32l4xx_hal.o
                0x0800020c                HAL_IncTick
 .text.HAL_GetTick
                0x0800021c        0xc Drivers\STM32L4xx_HAL_Driver\Src\stm32l4xx_hal.o
                0x0800021c                HAL_GetTick
 .text.HAL_NVIC_SetPriorityGrouping
                0x08000228       0x24 Drivers\STM32L4xx_HAL_Driver\Src\stm32l4xx_hal_cortex.o
                0x08000228                HAL_NVIC_SetPriorityGrouping
 .text.HAL_NVIC_SetPriority
                0x0800024c       0x68 Drivers\STM32L4xx_HAL_Driver\Src\stm32l4xx_hal_cortex.o
                0x0800024c                HAL_NVIC_SetPriority
 .text.HAL_SYSTICK_Config
                0x080002b4       0x2c Drivers\STM32L4xx_HAL_Driver\Src\stm32l4xx_hal_cortex.o
                0x080002b4                HAL_SYSTICK_Config
 .text.HAL_SYSTICK_CLKSourceConfig
                0x080002e0       0x18 Drivers\STM32L4xx_HAL_Driver\Src\stm32l4xx_hal_cortex.o
                0x080002e0                HAL_SYSTICK_CLKSourceConfig
 .text.HAL_SYSTICK_Callback
                0x080002f8        0x2 Drivers\STM32L4xx_HAL_Driver\Src\stm32l4xx_hal_cortex.o
                0x080002f8                HAL_SYSTICK_Callback
 .text.HAL_SYSTICK_IRQHandler
                0x080002fa        0x8 Drivers\STM32L4xx_HAL_Driver\Src\stm32l4xx_hal_cortex.o
                0x080002fa                HAL_SYSTICK_IRQHandler
 *fill*         0x08000302        0x2 
 .text.HAL_PWREx_GetVoltageRange
                0x08000304       0x10 Drivers\STM32L4xx_HAL_Driver\Src\stm32l4xx_hal_pwr_ex.o
                0x08000304                HAL_PWREx_GetVoltageRange
 .text.HAL_PWREx_ControlVoltageScaling
                0x08000314       0x68 Drivers\STM32L4xx_HAL_Driver\Src\stm32l4xx_hal_pwr_ex.o
                0x08000314                HAL_PWREx_ControlVoltageScaling
 .text.RCC_SetFlashLatencyFromMSIRange
                0x0800037c       0x84 Drivers\STM32L4xx_HAL_Driver\Src\stm32l4xx_hal_rcc.o
 .text.HAL_RCC_GetSysClockFreq
                0x08000400       0xd0 Drivers\STM32L4xx_HAL_Driver\Src\stm32l4xx_hal_rcc.o
                0x08000400                HAL_RCC_GetSysClockFreq
 .text.HAL_RCC_OscConfig
                0x080004d0      0x4b8 Drivers\STM32L4xx_HAL_Driver\Src\stm32l4xx_hal_rcc.o
                0x080004d0                HAL_RCC_OscConfig
 .text.HAL_RCC_ClockConfig
                0x08000988      0x16c Drivers\STM32L4xx_HAL_Driver\Src\stm32l4xx_hal_rcc.o
                0x08000988                HAL_RCC_ClockConfig
 .text.HAL_RCC_GetHCLKFreq
                0x08000af4        0xc Drivers\STM32L4xx_HAL_Driver\Src\stm32l4xx_hal_rcc.o
                0x08000af4                HAL_RCC_GetHCLKFreq
 .text.adc1_enable
                0x08000b00      0x154 Src\adc1.o
                0x08000b00                adc1_enable
 .text.adc1_regular_conversions
                0x08000c54       0x20 Src\adc1.o
                0x08000c54                adc1_regular_conversions
 .text.adc1_inject_conversions
                0x08000c74       0x20 Src\adc1.o
                0x08000c74                adc1_inject_conversions
 .text.dac_enable
                0x08000c94       0x4c Src\dac.o
                0x08000c94                dac_enable
 .text.dac_up   0x08000ce0       0x34 Src\dac.o
                0x08000ce0                dac_up
 .text.dac_down
                0x08000d14       0x2c Src\dac.o
                0x08000d14                dac_down
 .text.dac_set  0x08000d40       0x28 Src\dac.o
                0x08000d40                dac_set
 .text.lptim1_enable
                0x08000d68       0x5c Src\lptim1.o
                0x08000d68                lptim1_enable
 .text.time_increment
                0x08000dc4       0x60 Src\lptim1.o
                0x08000dc4                time_increment
 .text.read_time
                0x08000e24        0x8 Src\lptim1.o
                0x08000e24                read_time
 .text.SystemClock_Config
                0x08000e2c       0x82 Src\main.o
                0x08000e2c                SystemClock_Config
 *fill*         0x08000eae        0x2 
 .text.startup.main
                0x08000eb0       0x5c Src\main.o
                0x08000eb0                main
 .text.HAL_MspInit
                0x08000f0c       0x8c Src\stm32l4xx_hal_msp.o
                0x08000f0c                HAL_MspInit
 .text.USART1_IRQHandler
                0x08000f98       0x24 Src\stm32l4xx_it.o
                0x08000f98                USART1_IRQHandler
 .text.LPTIM1_IRQHandler
                0x08000fbc       0x1c Src\stm32l4xx_it.o
                0x08000fbc                LPTIM1_IRQHandler
 .text.ADC1_IRQHandler
                0x08000fd8       0x88 Src\stm32l4xx_it.o
                0x08000fd8                ADC1_IRQHandler
 .text.NMI_Handler
                0x08001060        0x2 Src\stm32l4xx_it.o
                0x08001060                NMI_Handler
 .text.HardFault_Handler
                0x08001062        0x2 Src\stm32l4xx_it.o
                0x08001062                HardFault_Handler
 .text.MemManage_Handler
                0x08001064        0x2 Src\stm32l4xx_it.o
                0x08001064                MemManage_Handler
 .text.BusFault_Handler
                0x08001066        0x2 Src\stm32l4xx_it.o
                0x08001066                BusFault_Handler
 .text.UsageFault_Handler
                0x08001068        0x2 Src\stm32l4xx_it.o
                0x08001068                UsageFault_Handler
 .text.SVC_Handler
                0x0800106a        0x2 Src\stm32l4xx_it.o
                0x0800106a                SVC_Handler
 .text.DebugMon_Handler
                0x0800106c        0x2 Src\stm32l4xx_it.o
                0x0800106c                DebugMon_Handler
 .text.PendSV_Handler
                0x0800106e        0x2 Src\stm32l4xx_it.o
                0x0800106e                PendSV_Handler
 .text.SysTick_Handler
                0x08001070        0xe Src\stm32l4xx_it.o
                0x08001070                SysTick_Handler
 .text.relay_control.part.0
                0x0800107e       0x16 Src\system.o
 .text.system_ptr_config
                0x08001094      0x14c Src\system.o
                0x08001094                system_ptr_config
 .text.start_up_check
                0x080011e0       0x10 Src\system.o
                0x080011e0                start_up_check
 .text.button_managment
                0x080011f0      0x1ac Src\system.o
                0x080011f0                button_managment
 .text.thermal_management
                0x0800139c      0x128 Src\system.o
                0x0800139c                thermal_management
 .text.relay_control
                0x080014c4       0x1c Src\system.o
                0x080014c4                relay_control
 .text.system_io_config
                0x080014e0       0x28 Src\system.o
                0x080014e0                system_io_config
 .text.start_up_procedure
                0x08001508      0x2d0 Src\system.o
                0x08001508                start_up_procedure
 .text.pmic_management
                0x080017d8      0x164 Src\system.o
                0x080017d8                pmic_management
 .text.convert_to_ascii
                0x0800193c       0x7c Src\system.o
                0x0800193c                convert_to_ascii
 .text.string_compare
                0x080019b8       0x40 Src\system.o
                0x080019b8                string_compare
 .text.avg_samp_bank
                0x080019f8       0x38 Src\system.o
                0x080019f8                avg_samp_bank
 .text.adc_management
                0x08001a30       0xac Src\system.o
                0x08001a30                adc_management
 .text.raise_avg_flag
                0x08001adc       0x1c Src\system.o
                0x08001adc                raise_avg_flag
 .text.raise_temp_flag
                0x08001af8       0x1c Src\system.o
                0x08001af8                raise_temp_flag
 .text.add_sample
                0x08001b14      0x11c Src\system.o
                0x08001b14                add_sample
 .text.dc_search
                0x08001c30       0x3e Src\system.o
                0x08001c30                dc_search
 *fill*         0x08001c6e        0x2 
 .text.current_decode
                0x08001c70       0x80 Src\system.o
                0x08001c70                current_decode
 .text.voltage_decode
                0x08001cf0       0x6c Src\system.o
                0x08001cf0                voltage_decode
 .text.exp_voltage_decode
                0x08001d5c       0x6c Src\system.o
                0x08001d5c                exp_voltage_decode
 .text.flagclear
                0x08001dc8       0x18 Src\system.o
                0x08001dc8                flagclear
 .text.tempreport
                0x08001de0       0x58 Src\system.o
                0x08001de0                tempreport
 .text.tim1report
                0x08001e38       0xe8 Src\system.o
                0x08001e38                tim1report
 .text.voltreport
                0x08001f20       0x9c Src\system.o
                0x08001f20                voltreport
 .text.timereport
                0x08001fbc       0x7c Src\system.o
                0x08001fbc                timereport
 .text.bankreport
                0x08002038       0x78 Src\system.o
                0x08002038                bankreport
 .text.flagreport
                0x080020b0       0x44 Src\system.o
                0x080020b0                flagreport
 .text.convreport
                0x080020f4       0x5c Src\system.o
                0x080020f4                convreport
 .text.tbankreport
                0x08002150       0x58 Src\system.o
                0x08002150                tbankreport
 .text.stupreport
                0x080021a8       0x28 Src\system.o
                0x080021a8                stupreport
 .text.dacreport
                0x080021d0       0x28 Src\system.o
                0x080021d0                dacreport
 .text.adcreport
                0x080021f8       0x64 Src\system.o
                0x080021f8                adcreport
 .text.system_ins_search
                0x0800225c      0x25c Src\system.o
                0x0800225c                system_ins_search
 .text.system_management
                0x080024b8       0x2c Src\system.o
                0x080024b8                system_management
 .text.SystemInit
                0x080024e4       0x48 Src\system_stm32l4xx.o
                0x080024e4                SystemInit
 .text.set_duty_cycle.part.0
                0x0800252c       0x30 Src\tim1.o
 .text.buck_mode
                0x0800255c       0x38 Src\tim1.o
                0x0800255c                buck_mode
 .text.lockout_mode
                0x08002594       0x50 Src\tim1.o
                0x08002594                lockout_mode
 .text.tim1_enable
                0x080025e4       0xb4 Src\tim1.o
                0x080025e4                tim1_enable
 .text.mode_check
                0x08002698        0xc Src\tim1.o
                0x08002698                mode_check
 .text.duty_cycle_increment
                0x080026a4       0x48 Src\tim1.o
                0x080026a4                duty_cycle_increment
 .text.duty_cycle_decrement
                0x080026ec       0x40 Src\tim1.o
                0x080026ec                duty_cycle_decrement
 .text.set_duty_cycle
                0x0800272c        0xa Src\tim1.o
                0x0800272c                set_duty_cycle
 *fill*         0x08002736        0x2 
 .text.uart1_enable
                0x08002738       0xb0 Src\uart1.o
                0x08002738                uart1_enable
 .text.uart1_transmit
                0x080027e8       0x34 Src\uart1.o
                0x080027e8                uart1_transmit
 .text.uart1_buffer_char
                0x0800281c       0x7c Src\uart1.o
                0x0800281c                uart1_buffer_char
 .text.cmd_execute
                0x08002898       0x18 Src\uart1.o
                0x08002898                cmd_execute
 .text.uart1_get_flags
                0x080028b0        0xc Src\uart1.o
                0x080028b0                uart1_get_flags
 .text.Reset_Handler
                0x080028bc       0x50 startup\startup_stm32l432xx.o
                0x080028bc                Reset_Handler
 .text.Default_Handler
                0x0800290c        0x2 startup\startup_stm32l432xx.o
                0x0800290c                RTC_Alarm_IRQHandler
                0x0800290c                EXTI2_IRQHandler
                0x0800290c                TIM1_CC_IRQHandler
                0x0800290c                TSC_IRQHandler
                0x0800290c                TAMP_STAMP_IRQHandler
                0x0800290c                EXTI3_IRQHandler
                0x0800290c                LPTIM2_IRQHandler
                0x0800290c                I2C3_ER_IRQHandler
                0x0800290c                EXTI0_IRQHandler
                0x0800290c                CAN1_RX0_IRQHandler
                0x0800290c                FPU_IRQHandler
                0x0800290c                TIM1_UP_TIM16_IRQHandler
                0x0800290c                SPI1_IRQHandler
                0x0800290c                TIM6_DAC_IRQHandler
                0x0800290c                DMA2_Channel2_IRQHandler
                0x0800290c                DMA1_Channel4_IRQHandler
                0x0800290c                DMA1_Channel7_IRQHandler
                0x0800290c                CAN1_RX1_IRQHandler
                0x0800290c                DMA2_Channel1_IRQHandler
                0x0800290c                QUADSPI_IRQHandler
                0x0800290c                I2C1_EV_IRQHandler
                0x0800290c                DMA1_Channel6_IRQHandler
                0x0800290c                DMA2_Channel4_IRQHandler
                0x0800290c                RCC_IRQHandler
                0x0800290c                TIM1_TRG_COM_IRQHandler
                0x0800290c                DMA1_Channel1_IRQHandler
                0x0800290c                Default_Handler
                0x0800290c                DMA2_Channel7_IRQHandler
                0x0800290c                EXTI15_10_IRQHandler
                0x0800290c                TIM7_IRQHandler
                0x0800290c                I2C3_EV_IRQHandler
                0x0800290c                USB_IRQHandler
                0x0800290c                EXTI9_5_IRQHandler
                0x0800290c                RTC_WKUP_IRQHandler
                0x0800290c                PVD_PVM_IRQHandler
                0x0800290c                CAN1_TX_IRQHandler
                0x0800290c                DMA2_Channel5_IRQHandler
                0x0800290c                CRS_IRQHandler
                0x0800290c                DMA1_Channel5_IRQHandler
                0x0800290c                EXTI4_IRQHandler
                0x0800290c                RNG_IRQHandler
                0x0800290c                DMA1_Channel3_IRQHandler
                0x0800290c                COMP_IRQHandler
                0x0800290c                WWDG_IRQHandler
                0x0800290c                LPUART1_IRQHandler
                0x0800290c                DMA2_Channel6_IRQHandler
                0x0800290c                TIM2_IRQHandler
                0x0800290c                EXTI1_IRQHandler
                0x0800290c                USART2_IRQHandler
                0x0800290c                DMA1_Channel2_IRQHandler
                0x0800290c                CAN1_SCE_IRQHandler
                0x0800290c                FLASH_IRQHandler
                0x0800290c                SPI3_IRQHandler
                0x0800290c                I2C1_ER_IRQHandler
                0x0800290c                SWPMI1_IRQHandler
                0x0800290c                SAI1_IRQHandler
                0x0800290c                DMA2_Channel3_IRQHandler
                0x0800290c                TIM1_BRK_TIM15_IRQHandler
 *fill*         0x0800290e        0x2 
 .text.__libc_init_array
                0x08002910       0x48 c:/program files (x86)/atollic/truestudio for stm32 9.3.0/armtools/bin/../lib/gcc/arm-atollic-eabi/6.3.1/../../../../arm-atollic-eabi/lib/armv7e-m/fpu\libc_nano.a(lib_a-init.o)
                0x08002910                __libc_init_array
 *(.glue_7)
 .glue_7        0x08002958        0x0 linker stubs
 *(.glue_7t)
 .glue_7t       0x08002958        0x0 linker stubs
 *(.eh_frame)
 .eh_frame      0x08002958        0x0 c:/program files (x86)/atollic/truestudio for stm32 9.3.0/armtools/bin/../lib/gcc/arm-atollic-eabi/6.3.1/armv7e-m/fpu/crtbegin.o
 *(.init)
 .init          0x08002958        0x4 c:/program files (x86)/atollic/truestudio for stm32 9.3.0/armtools/bin/../lib/gcc/arm-atollic-eabi/6.3.1/armv7e-m/fpu/crti.o
                0x08002958                _init
 .init          0x0800295c        0x8 c:/program files (x86)/atollic/truestudio for stm32 9.3.0/armtools/bin/../lib/gcc/arm-atollic-eabi/6.3.1/armv7e-m/fpu/crtn.o
 *(.fini)
 .fini          0x08002964        0x4 c:/program files (x86)/atollic/truestudio for stm32 9.3.0/armtools/bin/../lib/gcc/arm-atollic-eabi/6.3.1/armv7e-m/fpu/crti.o
                0x08002964                _fini
 .fini          0x08002968        0x8 c:/program files (x86)/atollic/truestudio for stm32 9.3.0/armtools/bin/../lib/gcc/arm-atollic-eabi/6.3.1/armv7e-m/fpu/crtn.o
                0x08002970                . = ALIGN (0x4)
                0x08002970                _etext = .

.vfp11_veneer   0x08002970        0x0
 .vfp11_veneer  0x08002970        0x0 linker stubs

.v4_bx          0x08002970        0x0
 .v4_bx         0x08002970        0x0 linker stubs

.iplt           0x08002970        0x0
 .iplt          0x08002970        0x0 c:/program files (x86)/atollic/truestudio for stm32 9.3.0/armtools/bin/../lib/gcc/arm-atollic-eabi/6.3.1/armv7e-m/fpu/crtbegin.o

.rodata         0x08002970       0x40
                0x08002970                . = ALIGN (0x4)
 *(.rodata)
 *(.rodata*)
 .rodata.AHBPrescTable
                0x08002970       0x10 Src\system_stm32l4xx.o
                0x08002970                AHBPrescTable
 .rodata.MSIRangeTable
                0x08002980       0x30 Src\system_stm32l4xx.o
                0x08002980                MSIRangeTable
                0x080029b0                . = ALIGN (0x4)

.rel.dyn        0x080029b0        0x0
 .rel.iplt      0x080029b0        0x0 c:/program files (x86)/atollic/truestudio for stm32 9.3.0/armtools/bin/../lib/gcc/arm-atollic-eabi/6.3.1/armv7e-m/fpu/crtbegin.o

.ARM.extab
 *(.ARM.extab* .gnu.linkonce.armextab.*)

.ARM            0x080029b0        0x0
                0x080029b0                __exidx_start = .
 *(.ARM.exidx*)
                0x080029b0                __exidx_end = .

.preinit_array  0x080029b0        0x0
                0x080029b0                PROVIDE (__preinit_array_start, .)
 *(.preinit_array*)
                0x080029b0                PROVIDE (__preinit_array_end, .)

.init_array     0x080029b0        0x4
                0x080029b0                PROVIDE (__init_array_start, .)
 *(SORT(.init_array.*))
 *(.init_array*)
 .init_array    0x080029b0        0x4 c:/program files (x86)/atollic/truestudio for stm32 9.3.0/armtools/bin/../lib/gcc/arm-atollic-eabi/6.3.1/armv7e-m/fpu/crtbegin.o
                0x080029b4                PROVIDE (__init_array_end, .)

.fini_array     0x080029b4        0x4
                [!provide]                PROVIDE (__fini_array_start, .)
 *(SORT(.fini_array.*))
 *(.fini_array*)
 .fini_array    0x080029b4        0x4 c:/program files (x86)/atollic/truestudio for stm32 9.3.0/armtools/bin/../lib/gcc/arm-atollic-eabi/6.3.1/armv7e-m/fpu/crtbegin.o
                [!provide]                PROVIDE (__fini_array_end, .)
                0x080029b8                _sidata = LOADADDR (.data)

.data           0x20000000      0x434 load address 0x080029b8
                0x20000000                . = ALIGN (0x4)
                0x20000000                _sdata = .
 *(.data)
 *(.data*)
 .data.adc      0x20000000       0x21 Src\system.o
                0x20000000                adc
 .data.bankrpt  0x20000021       0x21 Src\system.o
                0x20000021                bankrpt
 .data.boost    0x20000042       0x21 Src\system.o
                0x20000042                boost
 .data.buck     0x20000063       0x21 Src\system.o
                0x20000063                buck
 .data.capC     0x20000084       0x21 Src\system.o
                0x20000084                capC
 .data.capE     0x200000a5       0x21 Src\system.o
                0x200000a5                capE
 .data.capI     0x200000c6       0x21 Src\system.o
                0x200000c6                capI
 .data.capO     0x200000e7       0x21 Src\system.o
                0x200000e7                capO
 .data.cli_return
                0x20000108       0x21 Src\system.o
                0x20000108                cli_return
 .data.convrpt  0x20000129       0x21 Src\system.o
                0x20000129                convrpt
 .data.cp1      0x2000014a       0x21 Src\system.o
                0x2000014a                cp1
 .data.csrs     0x2000016b       0x21 Src\system.o
                0x2000016b                csrs
 .data.dacdn    0x2000018c       0x21 Src\system.o
                0x2000018c                dacdn
 .data.dacmn    0x200001ad       0x21 Src\system.o
                0x200001ad                dacmn
 .data.dacmx    0x200001ce       0x21 Src\system.o
                0x200001ce                dacmx
 .data.dacrpt   0x200001ef       0x21 Src\system.o
                0x200001ef                dacrpt
 .data.dacup    0x20000210       0x21 Src\system.o
                0x20000210                dacup
 .data.dcp      0x20000231       0x21 Src\system.o
                0x20000231                dcp
 .data.drvdis   0x20000252       0x21 Src\system.o
                0x20000252                drvdis
 .data.drven    0x20000273       0x21 Src\system.o
                0x20000273                drven
 .data.flagclr  0x20000294       0x21 Src\system.o
                0x20000294                flagclr
 .data.flagrpt  0x200002b5       0x21 Src\system.o
                0x200002b5                flagrpt
 .data.lock     0x200002d6       0x21 Src\system.o
                0x200002d6                lock
 .data.money    0x200002f7       0x21 Src\system.o
                0x200002f7                money
 .data.num_1    0x20000318       0x10 Src\system.o
                0x20000318                num_1
 .data.pass     0x20000328       0x21 Src\system.o
                0x20000328                pass
 .data.prompt   0x20000349       0x21 Src\system.o
                0x20000349                prompt
 .data.stuprpt  0x2000036a       0x21 Src\system.o
                0x2000036a                stuprpt
 .data.tbankrpt
                0x2000038b       0x21 Src\system.o
                0x2000038b                tbankrpt
 .data.temprpt  0x200003ac       0x21 Src\system.o
                0x200003ac                temprpt
 .data.timerpt  0x200003cd       0x21 Src\system.o
                0x200003cd                timerpt
 .data.timrpt   0x200003ee       0x21 Src\system.o
                0x200003ee                timrpt
 .data.voltrpt  0x2000040f       0x21 Src\system.o
                0x2000040f                voltrpt
 .data.SystemCoreClock
                0x20000430        0x4 Src\system_stm32l4xx.o
                0x20000430                SystemCoreClock
                0x20000434                . = ALIGN (0x4)
                0x20000434                _edata = .

.igot.plt       0x20000434        0x0 load address 0x08002dec
 .igot.plt      0x20000434        0x0 c:/program files (x86)/atollic/truestudio for stm32 9.3.0/armtools/bin/../lib/gcc/arm-atollic-eabi/6.3.1/armv7e-m/fpu/crtbegin.o
                0x20000434                . = ALIGN (0x4)

.bss            0x20000434      0x3b0 load address 0x08002dec
                0x20000434                _sbss = .
                0x20000434                __bss_start__ = _sbss
 *(.bss)
 .bss           0x20000434       0x1c c:/program files (x86)/atollic/truestudio for stm32 9.3.0/armtools/bin/../lib/gcc/arm-atollic-eabi/6.3.1/armv7e-m/fpu/crtbegin.o
 *(.bss*)
 *(COMMON)
 COMMON         0x20000450        0x4 Drivers\STM32L4xx_HAL_Driver\Src\stm32l4xx_hal.o
                0x20000450                uwTick
 COMMON         0x20000454        0x4 Src\adc1.o
                0x20000454                adci
 COMMON         0x20000458        0x4 Src\dac.o
                0x20000458                dac_out
 COMMON         0x2000045c       0x18 Src\lptim1.o
                0x2000045c                sys_time
 COMMON         0x20000474        0x4 Src\main.o
                0x20000474                flag_checker
 COMMON         0x20000478        0x8 Src\stm32l4xx_it.o
                0x20000478                data
                0x2000047c                fc
 COMMON         0x20000480      0x2f0 Src\system.o
                0x20000480                ov_channel
                0x200004ec                stable_count
                0x200004f0                in_temp
                0x2000055c                hs_i_target
                0x20000560                last_tsamp
                0x20000564                cs_channel
                0x200005d0                button_delay
                0x200005d4                dbg2
                0x200005d8                up_button_hold_count
                0x200005dc                adc_conversion_channel
                0x200005e0                iv_sample_count
                0x200005e4                sysi
                0x200005e8                down_button_dbnc
                0x200005ec                system_flags
                0x200005f0                in_sample_count
                0x200005f4                stup_action
                0x200005f8                sample_end
                0x200005fc                exp_ov
                0x200005fe                v_ovp
                0x20000600                ex_temp
                0x2000066c                v_uvp
                0x2000066e                wire_error_count
                0x20000670                last_therm_action
                0x20000674                last_pmic_action
                0x20000678                ex_sample_count
                0x2000067c                first_lap
                0x20000680                i_target
                0x20000684                iv_channel
                0x200006f0                dbg1
                0x200006f4                inj_conversion_channel
                0x200006f8                system_time
                0x200006fc                conversion_count
                0x20000700                avg_dummy
                0x20000704                start_up_flags
                0x20000708                pl
                0x2000070c                down_button_hold_count
                0x20000710                temp_sample_level
                0x20000714                ov_sample_count
                0x20000718                celcius
                0x2000071c                cs_offset
                0x2000071e                ts_cal2
                0x20000720                us_i_target
                0x20000724                check_delay
                0x20000728                up_button_dbnc
                0x2000072c                dim_step
                0x20000730                flags
                0x20000734                last_vsamp
                0x20000738                ts_cal1
                0x2000073c                avg_count
                0x20000740                last_temp
                0x20000742                wire_sample_level
                0x20000744                th_i_target
                0x20000746                num_hold
                0x20000768                cs_sample_count
                0x2000076c                cmd
 COMMON         0x20000770       0x18 Src\tim1.o
                0x20000770                dc
                0x20000774                percent
                0x20000778                mode
                0x2000077c                arr_val
                0x20000780                dc_val
                0x20000784                clk_freq
 COMMON         0x20000788       0x5a Src\uart1.o
                0x20000788                uart_flags
                0x2000078c                output_string
                0x20000790                outi
                0x20000791                debug
                0x20000794                attempt_count
                0x20000798                last_command
                0x200007bc                last_attempt
                0x200007c0                current_input
                0x200007e1                ui
                0x200007e4                . = ALIGN (0x4)
 *fill*         0x200007e2        0x2 
                0x200007e4                _ebss = .
                0x200007e4                __bss_end__ = _ebss

._user_heap_stack
                0x200007e4      0x600 load address 0x08002dec
                0x200007e4                . = ALIGN (0x4)
                [!provide]                PROVIDE (end, .)
                [!provide]                PROVIDE (_end, .)
                0x200009e4                . = (. + _Min_Heap_Size)
 *fill*         0x200007e4      0x200 
                0x20000de4                . = (. + _Min_Stack_Size)
 *fill*         0x200009e4      0x400 
                0x20000de4                . = ALIGN (0x4)

/DISCARD/
 libc.a(*)
 libm.a(*)
 libgcc.a(*)

.ARM.attributes
                0x00000000       0x30
 *(.ARM.attributes)
 .ARM.attributes
                0x00000000       0x22 c:/program files (x86)/atollic/truestudio for stm32 9.3.0/armtools/bin/../lib/gcc/arm-atollic-eabi/6.3.1/armv7e-m/fpu/crti.o
 .ARM.attributes
                0x00000022       0x34 c:/program files (x86)/atollic/truestudio for stm32 9.3.0/armtools/bin/../lib/gcc/arm-atollic-eabi/6.3.1/armv7e-m/fpu/crtbegin.o
 .ARM.attributes
                0x00000056       0x39 Drivers\STM32L4xx_HAL_Driver\Src\stm32l4xx_hal.o
 .ARM.attributes
                0x0000008f       0x39 Drivers\STM32L4xx_HAL_Driver\Src\stm32l4xx_hal_cortex.o
 .ARM.attributes
                0x000000c8       0x39 Drivers\STM32L4xx_HAL_Driver\Src\stm32l4xx_hal_pwr_ex.o
 .ARM.attributes
                0x00000101       0x39 Drivers\STM32L4xx_HAL_Driver\Src\stm32l4xx_hal_rcc.o
 .ARM.attributes
                0x0000013a       0x39 Src\adc1.o
 .ARM.attributes
                0x00000173       0x39 Src\dac.o
 .ARM.attributes
                0x000001ac       0x39 Src\lptim1.o
 .ARM.attributes
                0x000001e5       0x39 Src\main.o
 .ARM.attributes
                0x0000021e       0x39 Src\stm32l4xx_hal_msp.o
 .ARM.attributes
                0x00000257       0x39 Src\stm32l4xx_it.o
 .ARM.attributes
                0x00000290       0x39 Src\system.o
 .ARM.attributes
                0x000002c9       0x39 Src\system_stm32l4xx.o
 .ARM.attributes
                0x00000302       0x39 Src\tim1.o
 .ARM.attributes
                0x0000033b       0x39 Src\uart1.o
 .ARM.attributes
                0x00000374       0x21 startup\startup_stm32l432xx.o
 .ARM.attributes
                0x00000395       0x34 c:/program files (x86)/atollic/truestudio for stm32 9.3.0/armtools/bin/../lib/gcc/arm-atollic-eabi/6.3.1/../../../../arm-atollic-eabi/lib/armv7e-m/fpu\libc_nano.a(lib_a-init.o)
 .ARM.attributes
                0x000003c9       0x22 c:/program files (x86)/atollic/truestudio for stm32 9.3.0/armtools/bin/../lib/gcc/arm-atollic-eabi/6.3.1/armv7e-m/fpu/crtn.o
OUTPUT(BuckOS_0.000.elf elf32-littlearm)

.debug_info     0x00000000    0x1106e
 .debug_info    0x00000000     0x1183 Drivers\STM32L4xx_HAL_Driver\Src\stm32l4xx_hal.o
 .debug_info    0x00001183     0x16f5 Drivers\STM32L4xx_HAL_Driver\Src\stm32l4xx_hal_cortex.o
 .debug_info    0x00002878     0x1213 Drivers\STM32L4xx_HAL_Driver\Src\stm32l4xx_hal_pwr_ex.o
 .debug_info    0x00003a8b     0x1598 Drivers\STM32L4xx_HAL_Driver\Src\stm32l4xx_hal_rcc.o
 .debug_info    0x00005023     0x13b0 Src\adc1.o
 .debug_info    0x000063d3      0xdbf Src\dac.o
 .debug_info    0x00007192     0x11b1 Src\lptim1.o
 .debug_info    0x00008343      0xf4d Src\main.o
 .debug_info    0x00009290      0xe53 Src\stm32l4xx_hal_msp.o
 .debug_info    0x0000a0e3      0xe5b Src\stm32l4xx_it.o
 .debug_info    0x0000af3e     0x2fde Src\system.o
 .debug_info    0x0000df1c      0xde2 Src\system_stm32l4xx.o
 .debug_info    0x0000ecfe      0xf44 Src\tim1.o
 .debug_info    0x0000fc42     0x139c Src\uart1.o
 .debug_info    0x00010fde       0x90 startup\startup_stm32l432xx.o

.debug_abbrev   0x00000000     0x2376
 .debug_abbrev  0x00000000      0x2c0 Drivers\STM32L4xx_HAL_Driver\Src\stm32l4xx_hal.o
 .debug_abbrev  0x000002c0      0x37d Drivers\STM32L4xx_HAL_Driver\Src\stm32l4xx_hal_cortex.o
 .debug_abbrev  0x0000063d      0x2c7 Drivers\STM32L4xx_HAL_Driver\Src\stm32l4xx_hal_pwr_ex.o
 .debug_abbrev  0x00000904      0x2d2 Drivers\STM32L4xx_HAL_Driver\Src\stm32l4xx_hal_rcc.o
 .debug_abbrev  0x00000bd6      0x25b Src\adc1.o
 .debug_abbrev  0x00000e31      0x1bf Src\dac.o
 .debug_abbrev  0x00000ff0      0x284 Src\lptim1.o
 .debug_abbrev  0x00001274      0x263 Src\main.o
 .debug_abbrev  0x000014d7      0x1f5 Src\stm32l4xx_hal_msp.o
 .debug_abbrev  0x000016cc      0x245 Src\stm32l4xx_it.o
 .debug_abbrev  0x00001911      0x370 Src\system.o
 .debug_abbrev  0x00001c81      0x1eb Src\system_stm32l4xx.o
 .debug_abbrev  0x00001e6c      0x26c Src\tim1.o
 .debug_abbrev  0x000020d8      0x28c Src\uart1.o
 .debug_abbrev  0x00002364       0x12 startup\startup_stm32l432xx.o

.debug_loc      0x00000000     0x1d1b
 .debug_loc     0x00000000       0x76 Drivers\STM32L4xx_HAL_Driver\Src\stm32l4xx_hal.o
 .debug_loc     0x00000076      0x4fb Drivers\STM32L4xx_HAL_Driver\Src\stm32l4xx_hal_cortex.o
 .debug_loc     0x00000571      0x3eb Drivers\STM32L4xx_HAL_Driver\Src\stm32l4xx_hal_pwr_ex.o
 .debug_loc     0x0000095c      0x5a9 Drivers\STM32L4xx_HAL_Driver\Src\stm32l4xx_hal_rcc.o
 .debug_loc     0x00000f05       0x50 Src\adc1.o
 .debug_loc     0x00000f55       0x98 Src\dac.o
 .debug_loc     0x00000fed       0xa3 Src\lptim1.o
 .debug_loc     0x00001090      0x97d Src\system.o
 .debug_loc     0x00001a0d      0x1be Src\system_stm32l4xx.o
 .debug_loc     0x00001bcb       0xb2 Src\tim1.o
 .debug_loc     0x00001c7d       0x9e Src\uart1.o

.debug_aranges  0x00000000      0x6a8
 .debug_aranges
                0x00000000       0xe8 Drivers\STM32L4xx_HAL_Driver\Src\stm32l4xx_hal.o
 .debug_aranges
                0x000000e8       0xa8 Drivers\STM32L4xx_HAL_Driver\Src\stm32l4xx_hal_cortex.o
 .debug_aranges
                0x00000190      0x100 Drivers\STM32L4xx_HAL_Driver\Src\stm32l4xx_hal_pwr_ex.o
 .debug_aranges
                0x00000290       0x88 Drivers\STM32L4xx_HAL_Driver\Src\stm32l4xx_hal_rcc.o
 .debug_aranges
                0x00000318       0x30 Src\adc1.o
 .debug_aranges
                0x00000348       0x38 Src\dac.o
 .debug_aranges
                0x00000380       0x30 Src\lptim1.o
 .debug_aranges
                0x000003b0       0x30 Src\main.o
 .debug_aranges
                0x000003e0       0x20 Src\stm32l4xx_hal_msp.o
 .debug_aranges
                0x00000400       0x60 Src\stm32l4xx_it.o
 .debug_aranges
                0x00000460      0x148 Src\system.o
 .debug_aranges
                0x000005a8       0x28 Src\system_stm32l4xx.o
 .debug_aranges
                0x000005d0       0x70 Src\tim1.o
 .debug_aranges
                0x00000640       0x40 Src\uart1.o
 .debug_aranges
                0x00000680       0x28 startup\startup_stm32l432xx.o

.debug_ranges   0x00000000      0x708
 .debug_ranges  0x00000000       0xd8 Drivers\STM32L4xx_HAL_Driver\Src\stm32l4xx_hal.o
 .debug_ranges  0x000000d8      0x138 Drivers\STM32L4xx_HAL_Driver\Src\stm32l4xx_hal_cortex.o
 .debug_ranges  0x00000210       0xf0 Drivers\STM32L4xx_HAL_Driver\Src\stm32l4xx_hal_pwr_ex.o
 .debug_ranges  0x00000300       0x90 Drivers\STM32L4xx_HAL_Driver\Src\stm32l4xx_hal_rcc.o
 .debug_ranges  0x00000390       0x20 Src\adc1.o
 .debug_ranges  0x000003b0       0x28 Src\dac.o
 .debug_ranges  0x000003d8       0x50 Src\lptim1.o
 .debug_ranges  0x00000428       0x20 Src\main.o
 .debug_ranges  0x00000448       0x40 Src\stm32l4xx_hal_msp.o
 .debug_ranges  0x00000488       0x50 Src\stm32l4xx_it.o
 .debug_ranges  0x000004d8      0x138 Src\system.o
 .debug_ranges  0x00000610       0x18 Src\system_stm32l4xx.o
 .debug_ranges  0x00000628       0x60 Src\tim1.o
 .debug_ranges  0x00000688       0x60 Src\uart1.o
 .debug_ranges  0x000006e8       0x20 startup\startup_stm32l432xx.o

.debug_line     0x00000000     0x387a
 .debug_line    0x00000000      0x48e Drivers\STM32L4xx_HAL_Driver\Src\stm32l4xx_hal.o
 .debug_line    0x0000048e      0x4d5 Drivers\STM32L4xx_HAL_Driver\Src\stm32l4xx_hal_cortex.o
 .debug_line    0x00000963      0x5d4 Drivers\STM32L4xx_HAL_Driver\Src\stm32l4xx_hal_pwr_ex.o
 .debug_line    0x00000f37      0x654 Drivers\STM32L4xx_HAL_Driver\Src\stm32l4xx_hal_rcc.o
 .debug_line    0x0000158b      0x29e Src\adc1.o
 .debug_line    0x00001829      0x278 Src\dac.o
 .debug_line    0x00001aa1      0x299 Src\lptim1.o
 .debug_line    0x00001d3a      0x36e Src\main.o
 .debug_line    0x000020a8      0x28e Src\stm32l4xx_hal_msp.o
 .debug_line    0x00002336      0x351 Src\stm32l4xx_it.o
 .debug_line    0x00002687      0x8bc Src\system.o
 .debug_line    0x00002f43      0x2a8 Src\system_stm32l4xx.o
 .debug_line    0x000031eb      0x326 Src\tim1.o
 .debug_line    0x00003511      0x2ea Src\uart1.o
 .debug_line    0x000037fb       0x7f startup\startup_stm32l432xx.o

.debug_str      0x00000000     0x25cc
 .debug_str     0x00000000      0xe4c Drivers\STM32L4xx_HAL_Driver\Src\stm32l4xx_hal.o
                                0xf00 (size before relaxing)
 .debug_str     0x00000e4c      0x3da Drivers\STM32L4xx_HAL_Driver\Src\stm32l4xx_hal_cortex.o
                                0xf94 (size before relaxing)
 .debug_str     0x00001226      0x4b2 Drivers\STM32L4xx_HAL_Driver\Src\stm32l4xx_hal_pwr_ex.o
                                0xbde (size before relaxing)
 .debug_str     0x000016d8      0x3f4 Drivers\STM32L4xx_HAL_Driver\Src\stm32l4xx_hal_rcc.o
                                0xc76 (size before relaxing)
 .debug_str     0x00001acc       0xed Src\adc1.o
                                0xd59 (size before relaxing)
 .debug_str     0x00001bb9       0xbb Src\dac.o
                                0x898 (size before relaxing)
 .debug_str     0x00001c74       0x5d Src\lptim1.o
                                0xc91 (size before relaxing)
 .debug_str     0x00001cd1       0xeb Src\main.o
                                0xd4d (size before relaxing)
 .debug_str     0x00001dbc       0x1b Src\stm32l4xx_hal_msp.o
                                0xbc2 (size before relaxing)
 .debug_str     0x00001dd7      0x12e Src\stm32l4xx_it.o
                                0x8ad (size before relaxing)
 .debug_str     0x00001f05      0x5d0 Src\system.o
                               0x1035 (size before relaxing)
 .debug_str     0x000024d5       0x3b Src\system_stm32l4xx.o
                                0x850 (size before relaxing)
 .debug_str     0x00002510       0x4b Src\tim1.o
                                0x8df (size before relaxing)
 .debug_str     0x0000255b       0x71 Src\uart1.o
                                0xd62 (size before relaxing)

.comment        0x00000000       0x7c
 .comment       0x00000000       0x7c Drivers\STM32L4xx_HAL_Driver\Src\stm32l4xx_hal.o
                                 0x7d (size before relaxing)
 .comment       0x0000007c       0x7d Drivers\STM32L4xx_HAL_Driver\Src\stm32l4xx_hal_cortex.o
 .comment       0x0000007c       0x7d Drivers\STM32L4xx_HAL_Driver\Src\stm32l4xx_hal_pwr_ex.o
 .comment       0x0000007c       0x7d Drivers\STM32L4xx_HAL_Driver\Src\stm32l4xx_hal_rcc.o
 .comment       0x0000007c       0x7d Src\adc1.o
 .comment       0x0000007c       0x7d Src\dac.o
 .comment       0x0000007c       0x7d Src\lptim1.o
 .comment       0x0000007c       0x7d Src\main.o
 .comment       0x0000007c       0x7d Src\stm32l4xx_hal_msp.o
 .comment       0x0000007c       0x7d Src\stm32l4xx_it.o
 .comment       0x0000007c       0x7d Src\system.o
 .comment       0x0000007c       0x7d Src\system_stm32l4xx.o
 .comment       0x0000007c       0x7d Src\tim1.o
 .comment       0x0000007c       0x7d Src\uart1.o

.debug_frame    0x00000000      0xed8
 .debug_frame   0x00000000      0x1e4 Drivers\STM32L4xx_HAL_Driver\Src\stm32l4xx_hal.o
 .debug_frame   0x000001e4      0x158 Drivers\STM32L4xx_HAL_Driver\Src\stm32l4xx_hal_cortex.o
 .debug_frame   0x0000033c      0x1f8 Drivers\STM32L4xx_HAL_Driver\Src\stm32l4xx_hal_pwr_ex.o
 .debug_frame   0x00000534      0x15c Drivers\STM32L4xx_HAL_Driver\Src\stm32l4xx_hal_rcc.o
 .debug_frame   0x00000690       0x40 Src\adc1.o
 .debug_frame   0x000006d0       0x50 Src\dac.o
 .debug_frame   0x00000720       0x40 Src\lptim1.o
 .debug_frame   0x00000760       0x58 Src\main.o
 .debug_frame   0x000007b8       0x2c Src\stm32l4xx_hal_msp.o
 .debug_frame   0x000007e4       0xf8 Src\stm32l4xx_it.o
 .debug_frame   0x000008dc      0x440 Src\system.o
 .debug_frame   0x00000d1c       0x38 Src\system_stm32l4xx.o
 .debug_frame   0x00000d54       0xd4 Src\tim1.o
 .debug_frame   0x00000e28       0x84 Src\uart1.o
 .debug_frame   0x00000eac       0x2c c:/program files (x86)/atollic/truestudio for stm32 9.3.0/armtools/bin/../lib/gcc/arm-atollic-eabi/6.3.1/../../../../arm-atollic-eabi/lib/armv7e-m/fpu\libc_nano.a(lib_a-init.o)
