stm32l4xx_it.c:52:6:USART1_IRQHandler	8	static
stm32l4xx_it.c:61:6:LPTIM1_IRQHandler	8	static
stm32l4xx_it.c:67:6:ADC1_IRQHandler	16	static
stm32l4xx_it.c:99:6:TIM1_CC_IRQHandler	0	static
stm32l4xx_it.c:105:6:NMI_Handler	0	static
stm32l4xx_it.c:118:6:HardFault_Handler	0	static
stm32l4xx_it.c:136:6:MemManage_Handler	0	static
stm32l4xx_it.c:154:6:BusFault_Handler	0	static
stm32l4xx_it.c:172:6:UsageFault_Handler	0	static
stm32l4xx_it.c:190:6:SVC_Handler	0	static
stm32l4xx_it.c:203:6:DebugMon_Handler	0	static
stm32l4xx_it.c:216:6:PendSV_Handler	0	static
stm32l4xx_it.c:229:6:SysTick_Handler	8	static
