system.c:132:6:system_io_config	0	static
system.c:157:6:system_ptr_config	24	static
system.c:197:10:start_up_check	0	static
system.c:442:6:start_up_procedure	40	static
system.c:613:6:relay_control	0	static
system.c:271:6:pmic_management	40	static
system.c:622:6:num_to_string	12	static
system.c:630:6:convert_to_ascii	20	static
system.c:662:9:string_compare	20	static
system.c:681:6:avg_samp_bank	12	static
system.c:219:6:adc_management	16	static
system.c:695:6:raise_avg_flag	0	static
system.c:702:6:raise_temp_flag	0	static
system.c:710:6:add_sample	8	static
system.c:765:6:driveB	0	static
system.c:775:6:driveA	0	static
system.c:786:6:sendcp	8	static
system.c:341:6:thermal_management	16	static
system.c:913:9:dc_search	8	static
system.c:947:9:current_decode	8	static
system.c:1001:9:voltage_decode	8	static
system.c:1052:9:exp_voltage_decode	8	static
system.c:1106:6:flagclear	0	static
system.c:1113:6:tempreport	16	static
system.c:1130:6:tim1report	8	static
system.c:1175:6:voltreport	24	static
system.c:1208:6:timereport	16	static
system.c:1239:6:bankreport	16	static
system.c:1263:6:flagreport	16	static
system.c:1279:6:convreport	16	static
system.c:1301:6:tbankreport	16	static
system.c:1319:6:stupreport	8	static
system.c:1330:6:dacreport	8	static
system.c:816:6:system_ins_search	8	static
system.c:207:6:system_management	8	static
