system.c:108:6:system_io_config	0	static
system.c:129:6:system_ptr_config	24	static
system.c:227:6:pmic_management	40	static
system.c:298:6:num_to_string	12	static
system.c:306:6:convert_to_ascii	20	static
system.c:338:9:string_compare	20	static
system.c:357:6:avg_samp_bank	12	static
system.c:175:6:adc_management	16	static
system.c:371:6:raise_avg_flag	0	static
system.c:378:6:raise_temp_flag	0	static
system.c:386:6:add_sample	8	static
system.c:441:6:driveB	0	static
system.c:451:6:driveA	0	static
system.c:462:6:sendcp	8	static
system.c:568:9:dc_search	8	static
system.c:602:9:current_decode	8	static
system.c:654:9:voltage_decode	8	static
system.c:705:6:flagclear	0	static
system.c:712:6:tempreport	16	static
system.c:729:6:tim1report	16	static
system.c:776:6:voltreport	24	static
system.c:809:6:timereport	16	static
system.c:840:6:bankreport	16	static
system.c:864:6:flagreport	16	static
system.c:880:6:convreport	16	static
system.c:902:6:tbankreport	16	static
system.c:921:6:dacreport	8	static
system.c:492:6:system_ins_search	8	static
system.c:163:6:system_management	8	static
