system.c:97:6:system_io_config	20	static
system.c:139:6:system_ptr_config	24	static
system.c:233:6:num_to_string	12	static
system.c:241:6:convert_to_ascii	20	static
system.c:273:9:string_compare	20	static
system.c:292:6:avg_samp_bank	12	static
system.c:180:6:adc_management	16	static
system.c:306:6:raise_avg_flag	0	static
system.c:313:6:raise_temp_flag	0	static
system.c:321:6:add_sample	8	static
system.c:373:6:driveB	0	static
system.c:383:6:driveA	0	static
system.c:394:6:sendcp	8	static
system.c:488:9:dc_search	8	static
system.c:525:6:flagclear	0	static
system.c:532:6:tempreport	16	static
system.c:549:6:tim1report	16	static
system.c:596:6:voltreport	16	static
system.c:620:6:timereport	16	static
system.c:651:6:bankreport	16	static
system.c:675:6:flagreport	16	static
system.c:691:6:convreport	16	static
system.c:713:6:tbankreport	16	static
system.c:732:6:dacreport	8	static
system.c:424:6:system_ins_search	8	static
system.c:168:6:system_run_function	8	static
