system.c:108:6:system_io_config	0	static
system.c:129:6:system_ptr_config	24	static
system.c:227:6:pmic_management	40	static
system.c:306:6:num_to_string	12	static
system.c:314:6:convert_to_ascii	20	static
system.c:346:9:string_compare	20	static
system.c:365:6:avg_samp_bank	12	static
system.c:175:6:adc_management	16	static
system.c:379:6:raise_avg_flag	0	static
system.c:386:6:raise_temp_flag	0	static
system.c:394:6:add_sample	8	static
system.c:449:6:driveB	0	static
system.c:459:6:driveA	0	static
system.c:470:6:sendcp	8	static
system.c:580:9:dc_search	8	static
system.c:614:9:current_decode	8	static
system.c:666:9:voltage_decode	8	static
system.c:717:6:flagclear	0	static
system.c:724:6:tempreport	16	static
system.c:741:6:tim1report	16	static
system.c:788:6:voltreport	24	static
system.c:821:6:timereport	16	static
system.c:852:6:bankreport	16	static
system.c:876:6:flagreport	16	static
system.c:892:6:convreport	16	static
system.c:914:6:tbankreport	16	static
system.c:933:6:dacreport	8	static
system.c:500:6:system_ins_search	8	static
system.c:163:6:system_management	8	static
