system.c:123:6:system_io_config	0	static
system.c:148:6:system_ptr_config	24	static
system.c:252:6:pmic_management	40	static
system.c:456:6:relay_control	0	static
system.c:465:6:num_to_string	12	static
system.c:473:6:convert_to_ascii	20	static
system.c:505:9:string_compare	20	static
system.c:524:6:avg_samp_bank	12	static
system.c:200:6:adc_management	16	static
system.c:538:6:raise_avg_flag	0	static
system.c:545:6:raise_temp_flag	0	static
system.c:553:6:add_sample	8	static
system.c:608:6:driveB	0	static
system.c:618:6:driveA	0	static
system.c:629:6:sendcp	8	static
system.c:345:6:thermal_management	16	static
system.c:753:9:dc_search	8	static
system.c:787:9:current_decode	8	static
system.c:841:9:voltage_decode	8	static
system.c:892:9:exp_voltage_decode	8	static
system.c:946:6:flagclear	0	static
system.c:953:6:tempreport	16	static
system.c:970:6:tim1report	8	static
system.c:1015:6:voltreport	24	static
system.c:1048:6:timereport	16	static
system.c:1079:6:bankreport	16	static
system.c:1103:6:flagreport	16	static
system.c:1119:6:convreport	16	static
system.c:1141:6:tbankreport	16	static
system.c:1160:6:dacreport	8	static
system.c:659:6:system_ins_search	8	static
system.c:188:6:system_management	8	static
