system.c:94:6:system_io_config	20	static
system.c:136:6:system_ptr_config	24	static
system.c:232:6:num_to_string	12	static
system.c:240:6:convert_to_ascii	20	static
system.c:272:9:string_compare	20	static
system.c:291:6:avg_samp_bank	12	static
system.c:177:6:adc_management	16	static
system.c:305:6:raise_avg_flag	0	static
system.c:312:6:raise_temp_flag	0	static
system.c:320:6:add_sample	8	static
system.c:372:6:driveB	0	static
system.c:382:6:driveA	0	static
system.c:393:6:sendcp	8	static
system.c:477:9:dc_search	8	static
system.c:514:6:flagclear	0	static
system.c:521:6:tempreport	16	static
system.c:538:6:tim1report	16	static
system.c:585:6:voltreport	16	static
system.c:609:6:timereport	16	static
system.c:640:6:bankreport	16	static
system.c:664:6:flagreport	16	static
system.c:680:6:convreport	16	static
system.c:702:6:tbankreport	16	static
system.c:423:6:system_ins_search	8	static
system.c:165:6:system_run_function	8	static
