system.c:110:6:system_io_config	0	static
system.c:135:6:system_ptr_config	24	static
system.c:234:6:pmic_management	40	static
system.c:311:6:relay_control	0	static
system.c:320:6:num_to_string	12	static
system.c:328:6:convert_to_ascii	20	static
system.c:360:9:string_compare	20	static
system.c:379:6:avg_samp_bank	12	static
system.c:182:6:adc_management	16	static
system.c:393:6:raise_avg_flag	0	static
system.c:400:6:raise_temp_flag	0	static
system.c:408:6:add_sample	8	static
system.c:463:6:driveB	0	static
system.c:473:6:driveA	0	static
system.c:484:6:sendcp	8	static
system.c:604:9:dc_search	8	static
system.c:638:9:current_decode	8	static
system.c:690:9:voltage_decode	8	static
system.c:741:9:exp_voltage_decode	8	static
system.c:795:6:flagclear	0	static
system.c:802:6:tempreport	16	static
system.c:819:6:tim1report	8	static
system.c:864:6:voltreport	24	static
system.c:897:6:timereport	16	static
system.c:928:6:bankreport	16	static
system.c:952:6:flagreport	16	static
system.c:968:6:convreport	16	static
system.c:990:6:tbankreport	16	static
system.c:1009:6:dacreport	8	static
system.c:514:6:system_ins_search	8	static
system.c:170:6:system_management	8	static
