system.c:115:6:system_io_config	0	static
system.c:139:6:system_ptr_config	24	static
system.c:238:6:pmic_management	40	static
system.c:334:6:relay_control	0	static
system.c:343:6:num_to_string	12	static
system.c:351:6:convert_to_ascii	20	static
system.c:383:9:string_compare	20	static
system.c:402:6:avg_samp_bank	12	static
system.c:186:6:adc_management	16	static
system.c:416:6:raise_avg_flag	0	static
system.c:423:6:raise_temp_flag	0	static
system.c:431:6:add_sample	8	static
system.c:486:6:driveB	0	static
system.c:496:6:driveA	0	static
system.c:507:6:sendcp	8	static
system.c:625:9:dc_search	8	static
system.c:659:9:current_decode	8	static
system.c:711:9:voltage_decode	8	static
system.c:762:9:exp_voltage_decode	8	static
system.c:816:6:flagclear	0	static
system.c:823:6:tempreport	16	static
system.c:840:6:tim1report	8	static
system.c:885:6:voltreport	24	static
system.c:918:6:timereport	16	static
system.c:949:6:bankreport	16	static
system.c:973:6:flagreport	16	static
system.c:989:6:convreport	16	static
system.c:1011:6:tbankreport	16	static
system.c:1030:6:dacreport	8	static
system.c:537:6:system_ins_search	8	static
system.c:174:6:system_management	8	static
