system.c:134:6:system_io_config	0	static
system.c:159:6:system_ptr_config	24	static
system.c:202:10:start_up_check	0	static
system.c:389:6:thermal_management	16	static
system.c:518:6:start_up_procedure	40	static
system.c:694:6:relay_control	0	static
system.c:276:6:pmic_management	40	static
system.c:703:6:num_to_string	12	static
system.c:711:6:convert_to_ascii	20	static
system.c:743:9:string_compare	20	static
system.c:762:6:avg_samp_bank	12	static
system.c:224:6:adc_management	16	static
system.c:776:6:raise_avg_flag	0	static
system.c:783:6:raise_temp_flag	0	static
system.c:791:6:add_sample	8	static
system.c:846:6:driveB	0	static
system.c:856:6:driveA	0	static
system.c:867:6:sendcp	8	static
system.c:995:9:dc_search	8	static
system.c:1029:9:current_decode	8	static
system.c:1083:9:voltage_decode	8	static
system.c:1134:9:exp_voltage_decode	8	static
system.c:1188:6:flagclear	0	static
system.c:1195:6:tempreport	16	static
system.c:1212:6:tim1report	8	static
system.c:1257:6:voltreport	24	static
system.c:1290:6:timereport	16	static
system.c:1321:6:bankreport	16	static
system.c:1345:6:flagreport	16	static
system.c:1361:6:convreport	16	static
system.c:1383:6:tbankreport	16	static
system.c:1401:6:stupreport	8	static
system.c:1412:6:dacreport	8	static
system.c:897:6:system_ins_search	8	static
system.c:212:6:system_management	8	static
