system.c:108:6:system_io_config	0	static
system.c:129:6:system_ptr_config	24	static
system.c:227:6:pmic_management	48	static
system.c:305:6:num_to_string	12	static
system.c:313:6:convert_to_ascii	20	static
system.c:345:9:string_compare	20	static
system.c:364:6:avg_samp_bank	12	static
system.c:175:6:adc_management	16	static
system.c:378:6:raise_avg_flag	0	static
system.c:385:6:raise_temp_flag	0	static
system.c:393:6:add_sample	8	static
system.c:448:6:driveB	0	static
system.c:458:6:driveA	0	static
system.c:469:6:sendcp	8	static
system.c:575:9:dc_search	8	static
system.c:609:9:current_decode	8	static
system.c:661:9:voltage_decode	8	static
system.c:712:6:flagclear	0	static
system.c:719:6:tempreport	16	static
system.c:736:6:tim1report	16	static
system.c:783:6:voltreport	24	static
system.c:816:6:timereport	16	static
system.c:847:6:bankreport	16	static
system.c:871:6:flagreport	16	static
system.c:887:6:convreport	16	static
system.c:909:6:tbankreport	16	static
system.c:928:6:dacreport	8	static
system.c:499:6:system_ins_search	8	static
system.c:163:6:system_management	8	static
