system.c:164:6:system_ptr_config	24	static
system.c:214:10:start_up_check	0	static
system.c:238:6:button_managment	20	static
system.c:529:6:thermal_management	16	static
system.c:658:6:start_up_procedure	40	static
system.c:841:6:relay_control	0	static
system.c:143:6:system_io_config	0	static
system.c:423:6:pmic_management	40	static
system.c:850:6:num_to_string	12	static
system.c:858:6:convert_to_ascii	20	static
system.c:890:9:string_compare	20	static
system.c:909:6:avg_samp_bank	12	static
system.c:371:6:adc_management	16	static
system.c:923:6:raise_avg_flag	0	static
system.c:930:6:raise_temp_flag	0	static
system.c:938:6:add_sample	8	static
system.c:993:6:driveB	0	static
system.c:1003:6:driveA	0	static
system.c:1014:6:sendcp	8	static
system.c:1142:9:dc_search	8	static
system.c:1176:9:current_decode	8	static
system.c:1230:9:voltage_decode	8	static
system.c:1281:9:exp_voltage_decode	8	static
system.c:1335:6:flagclear	0	static
system.c:1342:6:tempreport	16	static
system.c:1359:6:tim1report	8	static
system.c:1404:6:voltreport	24	static
system.c:1437:6:timereport	16	static
system.c:1468:6:bankreport	16	static
system.c:1492:6:flagreport	16	static
system.c:1508:6:convreport	16	static
system.c:1530:6:tbankreport	16	static
system.c:1548:6:stupreport	8	static
system.c:1559:6:dacreport	8	static
system.c:1044:6:system_ins_search	8	static
system.c:224:6:system_management	8	static
