system.c:134:6:system_io_config	0	static
system.c:159:6:system_ptr_config	24	static
system.c:202:10:start_up_check	0	static
system.c:379:6:thermal_management	16	static
system.c:502:6:start_up_procedure	40	static
system.c:677:6:relay_control	0	static
system.c:276:6:pmic_management	40	static
system.c:686:6:num_to_string	12	static
system.c:694:6:convert_to_ascii	20	static
system.c:726:9:string_compare	20	static
system.c:745:6:avg_samp_bank	12	static
system.c:224:6:adc_management	16	static
system.c:759:6:raise_avg_flag	0	static
system.c:766:6:raise_temp_flag	0	static
system.c:774:6:add_sample	8	static
system.c:829:6:driveB	0	static
system.c:839:6:driveA	0	static
system.c:850:6:sendcp	8	static
system.c:978:9:dc_search	8	static
system.c:1012:9:current_decode	8	static
system.c:1066:9:voltage_decode	8	static
system.c:1117:9:exp_voltage_decode	8	static
system.c:1171:6:flagclear	0	static
system.c:1178:6:tempreport	16	static
system.c:1195:6:tim1report	8	static
system.c:1240:6:voltreport	24	static
system.c:1273:6:timereport	16	static
system.c:1304:6:bankreport	16	static
system.c:1328:6:flagreport	16	static
system.c:1344:6:convreport	16	static
system.c:1366:6:tbankreport	16	static
system.c:1384:6:stupreport	8	static
system.c:1395:6:dacreport	8	static
system.c:880:6:system_ins_search	8	static
system.c:212:6:system_management	8	static
