system.c:108:6:system_io_config	0	static
system.c:129:6:system_ptr_config	24	static
system.c:227:6:pmic_management	40	static
system.c:301:6:num_to_string	12	static
system.c:309:6:convert_to_ascii	20	static
system.c:341:9:string_compare	20	static
system.c:360:6:avg_samp_bank	12	static
system.c:175:6:adc_management	16	static
system.c:374:6:raise_avg_flag	0	static
system.c:381:6:raise_temp_flag	0	static
system.c:389:6:add_sample	8	static
system.c:444:6:driveB	0	static
system.c:454:6:driveA	0	static
system.c:465:6:sendcp	8	static
system.c:571:9:dc_search	8	static
system.c:605:9:current_decode	8	static
system.c:657:9:voltage_decode	8	static
system.c:708:6:flagclear	0	static
system.c:715:6:tempreport	16	static
system.c:732:6:tim1report	16	static
system.c:779:6:voltreport	24	static
system.c:812:6:timereport	16	static
system.c:843:6:bankreport	16	static
system.c:867:6:flagreport	16	static
system.c:883:6:convreport	16	static
system.c:905:6:tbankreport	16	static
system.c:924:6:dacreport	8	static
system.c:495:6:system_ins_search	8	static
system.c:163:6:system_management	8	static
