system.c:131:6:system_io_config	0	static
system.c:156:6:system_ptr_config	24	static
system.c:196:10:start_up_check	0	static
system.c:441:6:start_up_procedure	40	static
system.c:610:6:relay_control	0	static
system.c:270:6:pmic_management	40	static
system.c:619:6:num_to_string	12	static
system.c:627:6:convert_to_ascii	20	static
system.c:659:9:string_compare	20	static
system.c:678:6:avg_samp_bank	12	static
system.c:218:6:adc_management	16	static
system.c:692:6:raise_avg_flag	0	static
system.c:699:6:raise_temp_flag	0	static
system.c:707:6:add_sample	8	static
system.c:762:6:driveB	0	static
system.c:772:6:driveA	0	static
system.c:783:6:sendcp	8	static
system.c:340:6:thermal_management	16	static
system.c:910:9:dc_search	8	static
system.c:944:9:current_decode	8	static
system.c:998:9:voltage_decode	8	static
system.c:1049:9:exp_voltage_decode	8	static
system.c:1103:6:flagclear	0	static
system.c:1110:6:tempreport	16	static
system.c:1127:6:tim1report	8	static
system.c:1172:6:voltreport	24	static
system.c:1205:6:timereport	16	static
system.c:1236:6:bankreport	16	static
system.c:1260:6:flagreport	16	static
system.c:1276:6:convreport	16	static
system.c:1298:6:tbankreport	16	static
system.c:1316:6:stupreport	8	static
system.c:1327:6:dacreport	8	static
system.c:813:6:system_ins_search	8	static
system.c:206:6:system_management	8	static
