system.c:110:6:system_io_config	0	static
system.c:131:6:system_ptr_config	24	static
system.c:229:6:pmic_management	40	static
system.c:308:6:num_to_string	12	static
system.c:316:6:convert_to_ascii	20	static
system.c:348:9:string_compare	20	static
system.c:367:6:avg_samp_bank	12	static
system.c:177:6:adc_management	16	static
system.c:381:6:raise_avg_flag	0	static
system.c:388:6:raise_temp_flag	0	static
system.c:396:6:add_sample	8	static
system.c:451:6:driveB	0	static
system.c:461:6:driveA	0	static
system.c:472:6:sendcp	8	static
system.c:584:9:dc_search	8	static
system.c:618:9:current_decode	8	static
system.c:670:9:voltage_decode	8	static
system.c:721:9:exp_voltage_decode	8	static
system.c:775:6:flagclear	0	static
system.c:782:6:tempreport	16	static
system.c:799:6:tim1report	8	static
system.c:844:6:voltreport	24	static
system.c:877:6:timereport	16	static
system.c:908:6:bankreport	16	static
system.c:932:6:flagreport	16	static
system.c:948:6:convreport	16	static
system.c:970:6:tbankreport	16	static
system.c:989:6:dacreport	8	static
system.c:502:6:system_ins_search	8	static
system.c:165:6:system_management	8	static
