system.c:110:6:system_io_config	0	static
system.c:134:6:system_ptr_config	24	static
system.c:233:6:pmic_management	40	static
system.c:310:6:relay_control	0	static
system.c:319:6:num_to_string	12	static
system.c:327:6:convert_to_ascii	20	static
system.c:359:9:string_compare	20	static
system.c:378:6:avg_samp_bank	12	static
system.c:181:6:adc_management	16	static
system.c:392:6:raise_avg_flag	0	static
system.c:399:6:raise_temp_flag	0	static
system.c:407:6:add_sample	8	static
system.c:462:6:driveB	0	static
system.c:472:6:driveA	0	static
system.c:483:6:sendcp	8	static
system.c:601:9:dc_search	8	static
system.c:635:9:current_decode	8	static
system.c:687:9:voltage_decode	8	static
system.c:738:9:exp_voltage_decode	8	static
system.c:792:6:flagclear	0	static
system.c:799:6:tempreport	16	static
system.c:816:6:tim1report	8	static
system.c:861:6:voltreport	24	static
system.c:894:6:timereport	16	static
system.c:925:6:bankreport	16	static
system.c:949:6:flagreport	16	static
system.c:965:6:convreport	16	static
system.c:987:6:tbankreport	16	static
system.c:1006:6:dacreport	8	static
system.c:513:6:system_ins_search	8	static
system.c:169:6:system_management	8	static
