system.c:123:6:system_io_config	0	static
system.c:148:6:system_ptr_config	24	static
system.c:418:6:relay_control	0	static
system.c:248:6:pmic_management	48	static
system.c:427:6:num_to_string	12	static
system.c:435:6:convert_to_ascii	20	static
system.c:467:9:string_compare	20	static
system.c:486:6:avg_samp_bank	12	static
system.c:196:6:adc_management	16	static
system.c:500:6:raise_avg_flag	0	static
system.c:507:6:raise_temp_flag	0	static
system.c:515:6:add_sample	8	static
system.c:570:6:driveB	0	static
system.c:580:6:driveA	0	static
system.c:591:6:sendcp	8	static
system.c:715:9:dc_search	8	static
system.c:749:9:current_decode	8	static
system.c:801:9:voltage_decode	8	static
system.c:852:9:exp_voltage_decode	8	static
system.c:906:6:flagclear	0	static
system.c:913:6:tempreport	16	static
system.c:930:6:tim1report	8	static
system.c:975:6:voltreport	24	static
system.c:1008:6:timereport	16	static
system.c:1039:6:bankreport	16	static
system.c:1063:6:flagreport	16	static
system.c:1079:6:convreport	16	static
system.c:1101:6:tbankreport	16	static
system.c:1120:6:dacreport	8	static
system.c:621:6:system_ins_search	8	static
system.c:184:6:system_management	8	static
